 Container repo-app-run-caea786e259f Creating 
 Container repo-app-run-caea786e259f Created 

> k-vibe-tracker@0.1.0 build
> next build

  ▲ Next.js 14.2.29
  - Environments: .env.local

   Creating an optimized production build ...
<w> [webpack.cache.PackFileCacheStrategy] Serializing big strings (108kiB) impacts deserialization performance (consider using Buffer instead and decode when needed)
<w> [webpack.cache.PackFileCacheStrategy] Serializing big strings (108kiB) impacts deserialization performance (consider using Buffer instead and decode when needed)
<w> [webpack.cache.PackFileCacheStrategy] Serializing big strings (108kiB) impacts deserialization performance (consider using Buffer instead and decode when needed)
<w> [webpack.cache.PackFileCacheStrategy] Serializing big strings (109kiB) impacts deserialization performance (consider using Buffer instead and decode when needed)
Failed to compile.

./lib/domain/index.ts
Error: 
  x the name `generateDocentCaption` is exported multiple times
    ,-[/app/lib/domain/index.ts:9:1]
  9 | export { toCrowdLevel, isCrowdLevel, CROWD_DOT_CLASS, CROWD_TEXT_CLASS, type CrowdLevel } from './crowd';
 10 | 
 11 | // Docent
 12 | export { generateDocentCaption } from './docent';
    :          ^^^^^^^^^^|^^^^^^^^^^
    :                    `-- previous exported here
 13 | 
 14 | // Facilities
 15 | export { FACILITY_ICONS, FACILITY_NAMES, type FacilityCategory } from './facilities';
 16 | 
 17 | // Routes
 18 | export { 
 19 |   ROUTE_THEMES, 
 20 |   CURRENT_ROUTE_STORAGE_KEY,
 21 |   ROUTE_PROGRESS_STORAGE_KEY,
 22 |   ROUTE_THEME_OPTIONS,
 23 |   type RouteTheme,
 24 |   type RouteDetailOption,
 25 |   type RouteThemeOption,
 26 |   type RouteStop,
 27 |   type RoutePlan,
 28 |   type RouteLeg,
 29 |   type RouteProgressState,
 30 |   type LocalizedRouteOptionCopy,
 31 |   type LocalizedRoutePlanCopy,
 32 |   isRouteTheme,
 33 |   getRouteDetails,
 34 |   isRouteDetailForTheme,
 35 |   generateMockRoutePlan,
 36 |   calculateWalkingMinutes,
 37 |   calculateRouteLegs,
 38 |   createLocalRoutePlan,
 39 |   encodeRoutePlanForShare,
 40 |   decodeRoutePlanFromShare,
 41 |   buildLocalRouteShareUrl,
 42 |   createRouteProgressState,
 43 |   parseRouteProgressState,
 44 |   buildGoogleMapsDirectionsUrl,
 45 |   buildGoogleMapsPlaceUrl,
 46 |   buildRouteMapUrl,
 47 |   buildRouteStopDetailUrl,
 48 |   formatDuration,
 49 |   parseStartTime,
 50 |   generateRouteDirections
 51 | } from './routes';
 52 | 
 53 | // YouTube
 54 | export { extractVideoId, detectSnsPlatform, getThumbnailUrl, isValidYoutubeUrl, isInstagramUrl, type SnsPlatform } from './youtube';
 55 | 
 56 | // Tour API
 57 | export { fetchTourApiData } from './tourapi';
 58 | 
 59 | // Docent
 60 | export { generateDocentCaption } from './docent';
    :          ^^^^^^^^^^|^^^^^^^^^^
    :                    `-- exported more than once
 61 | 
 62 | // Facilities
 62 | export { FACILITY_ICONS, FACILITY_NAMES, type FacilityCategory } from './facilities';
    `----

Error: 
  > Exported identifiers must be unique

  x the name `FACILITY_ICONS` is exported multiple times
    ,-[/app/lib/domain/index.ts:12:1]
 12 | export { generateDocentCaption } from './docent';
 13 | 
 14 | // Facilities
 15 | export { FACILITY_ICONS, FACILITY_NAMES, type FacilityCategory } from './facilities';
    :          ^^^^^^^|^^^^^^
    :                 `-- previous exported here
 16 | 
 17 | // Routes
 18 | export { 
 19 |   ROUTE_THEMES, 
 20 |   CURRENT_ROUTE_STORAGE_KEY,
 21 |   ROUTE_PROGRESS_STORAGE_KEY,
 22 |   ROUTE_THEME_OPTIONS,
 23 |   type RouteTheme,
 24 |   type RouteDetailOption,
 25 |   type RouteThemeOption,
 26 |   type RouteStop,
 27 |   type RoutePlan,
 28 |   type RouteLeg,
 29 |   type RouteProgressState,
 30 |   type LocalizedRouteOptionCopy,
 31 |   type LocalizedRoutePlanCopy,
 32 |   isRouteTheme,
 33 |   getRouteDetails,
 34 |   isRouteDetailForTheme,
 35 |   generateMockRoutePlan,
 36 |   calculateWalkingMinutes,
 37 |   calculateRouteLegs,
 38 |   createLocalRoutePlan,
 39 |   encodeRoutePlanForShare,
 40 |   decodeRoutePlanFromShare,
 41 |   buildLocalRouteShareUrl,
 42 |   createRouteProgressState,
 43 |   parseRouteProgressState,
 44 |   buildGoogleMapsDirectionsUrl,
 45 |   buildGoogleMapsPlaceUrl,
 46 |   buildRouteMapUrl,
 47 |   buildRouteStopDetailUrl,
 48 |   formatDuration,
 49 |   parseStartTime,
 50 |   generateRouteDirections
 51 | } from './routes';
 52 | 
 53 | // YouTube
 54 | export { extractVideoId, detectSnsPlatform, getThumbnailUrl, isValidYoutubeUrl, isInstagramUrl, type SnsPlatform } from './youtube';
 55 | 
 56 | // Tour API
 57 | export { fetchTourApiData } from './tourapi';
 58 | 
 59 | // Docent
 60 | export { generateDocentCaption } from './docent';
 61 | 
 62 | // Facilities
 63 | export { FACILITY_ICONS, FACILITY_NAMES, type FacilityCategory } from './facilities';
    :          ^^^^^^^|^^^^^^
    :                 `-- exported more than once
 64 | 
 65 | // Routes
 65 | export { 
    `----

Error: 
  > Exported identifiers must be unique

  x the name `FACILITY_NAMES` is exported multiple times
    ,-[/app/lib/domain/index.ts:12:1]
 12 | export { generateDocentCaption } from './docent';
 13 | 
 14 | // Facilities
 15 | export { FACILITY_ICONS, FACILITY_NAMES, type FacilityCategory } from './facilities';
    :                          ^^^^^^^|^^^^^^
    :                                 `-- previous exported here
 16 | 
 17 | // Routes
 18 | export { 
 19 |   ROUTE_THEMES, 
 20 |   CURRENT_ROUTE_STORAGE_KEY,
 21 |   ROUTE_PROGRESS_STORAGE_KEY,
 22 |   ROUTE_THEME_OPTIONS,
 23 |   type RouteTheme,
 24 |   type RouteDetailOption,
 25 |   type RouteThemeOption,
 26 |   type RouteStop,
 27 |   type RoutePlan,
 28 |   type RouteLeg,
 29 |   type RouteProgressState,
 30 |   type LocalizedRouteOptionCopy,
 31 |   type LocalizedRoutePlanCopy,
 32 |   isRouteTheme,
 33 |   getRouteDetails,
 34 |   isRouteDetailForTheme,
 35 |   generateMockRoutePlan,
 36 |   calculateWalkingMinutes,
 37 |   calculateRouteLegs,
 38 |   createLocalRoutePlan,
 39 |   encodeRoutePlanForShare,
 40 |   decodeRoutePlanFromShare,
 41 |   buildLocalRouteShareUrl,
 42 |   createRouteProgressState,
 43 |   parseRouteProgressState,
 44 |   buildGoogleMapsDirectionsUrl,
 45 |   buildGoogleMapsPlaceUrl,
 46 |   buildRouteMapUrl,
 47 |   buildRouteStopDetailUrl,
 48 |   formatDuration,
 49 |   parseStartTime,
 50 |   generateRouteDirections
 51 | } from './routes';
 52 | 
 53 | // YouTube
 54 | export { extractVideoId, detectSnsPlatform, getThumbnailUrl, isValidYoutubeUrl, isInstagramUrl, type SnsPlatform } from './youtube';
 55 | 
 56 | // Tour API
 57 | export { fetchTourApiData } from './tourapi';
 58 | 
 59 | // Docent
 60 | export { generateDocentCaption } from './docent';
 61 | 
 62 | // Facilities
 63 | export { FACILITY_ICONS, FACILITY_NAMES, type FacilityCategory } from './facilities';
    :                          ^^^^^^^|^^^^^^
    :                                 `-- exported more than once
 64 | 
 65 | // Routes
 65 | export { 
    `----

Error: 
  > Exported identifiers must be unique

  x the name `FacilityCategory` is exported multiple times
    ,-[/app/lib/domain/index.ts:12:1]
 12 | export { generateDocentCaption } from './docent';
 13 | 
 14 | // Facilities
 15 | export { FACILITY_ICONS, FACILITY_NAMES, type FacilityCategory } from './facilities';
    :                                               ^^^^^^^^|^^^^^^^
    :                                                       `-- previous exported here
 16 | 
 17 | // Routes
 18 | export { 
 19 |   ROUTE_THEMES, 
 20 |   CURRENT_ROUTE_STORAGE_KEY,
 21 |   ROUTE_PROGRESS_STORAGE_KEY,
 22 |   ROUTE_THEME_OPTIONS,
 23 |   type RouteTheme,
 24 |   type RouteDetailOption,
 25 |   type RouteThemeOption,
 26 |   type RouteStop,
 27 |   type RoutePlan,
 28 |   type RouteLeg,
 29 |   type RouteProgressState,
 30 |   type LocalizedRouteOptionCopy,
 31 |   type LocalizedRoutePlanCopy,
 32 |   isRouteTheme,
 33 |   getRouteDetails,
 34 |   isRouteDetailForTheme,
 35 |   generateMockRoutePlan,
 36 |   calculateWalkingMinutes,
 37 |   calculateRouteLegs,
 38 |   createLocalRoutePlan,
 39 |   encodeRoutePlanForShare,
 40 |   decodeRoutePlanFromShare,
 41 |   buildLocalRouteShareUrl,
 42 |   createRouteProgressState,
 43 |   parseRouteProgressState,
 44 |   buildGoogleMapsDirectionsUrl,
 45 |   buildGoogleMapsPlaceUrl,
 46 |   buildRouteMapUrl,
 47 |   buildRouteStopDetailUrl,
 48 |   formatDuration,
 49 |   parseStartTime,
 50 |   generateRouteDirections
 51 | } from './routes';
 52 | 
 53 | // YouTube
 54 | export { extractVideoId, detectSnsPlatform, getThumbnailUrl, isValidYoutubeUrl, isInstagramUrl, type SnsPlatform } from './youtube';
 55 | 
 56 | // Tour API
 57 | export { fetchTourApiData } from './tourapi';
 58 | 
 59 | // Docent
 60 | export { generateDocentCaption } from './docent';
 61 | 
 62 | // Facilities
 63 | export { FACILITY_ICONS, FACILITY_NAMES, type FacilityCategory } from './facilities';
    :                                               ^^^^^^^^|^^^^^^^
    :                                                       `-- exported more than once
 64 | 
 65 | // Routes
 65 | export { 
    `----

Error: 
  > Exported identifiers must be unique

  x the name `ROUTE_THEMES` is exported multiple times
    ,-[/app/lib/domain/index.ts:16:1]
 16 | 
 17 | // Routes
 18 | export { 
 19 |   ROUTE_THEMES, 
    :   ^^^^^^|^^^^^
    :         `-- previous exported here
 20 |   CURRENT_ROUTE_STORAGE_KEY,
 21 |   ROUTE_PROGRESS_STORAGE_KEY,
 22 |   ROUTE_THEME_OPTIONS,
 23 |   type RouteTheme,
 24 |   type RouteDetailOption,
 25 |   type RouteThemeOption,
 26 |   type RouteStop,
 27 |   type RoutePlan,
 28 |   type RouteLeg,
 29 |   type RouteProgressState,
 30 |   type LocalizedRouteOptionCopy,
 31 |   type LocalizedRoutePlanCopy,
 32 |   isRouteTheme,
 33 |   getRouteDetails,
 34 |   isRouteDetailForTheme,
 35 |   generateMockRoutePlan,
 36 |   calculateWalkingMinutes,
 37 |   calculateRouteLegs,
 38 |   createLocalRoutePlan,
 39 |   encodeRoutePlanForShare,
 40 |   decodeRoutePlanFromShare,
 41 |   buildLocalRouteShareUrl,
 42 |   createRouteProgressState,
 43 |   parseRouteProgressState,
 44 |   buildGoogleMapsDirectionsUrl,
 45 |   buildGoogleMapsPlaceUrl,
 46 |   buildRouteMapUrl,
 47 |   buildRouteStopDetailUrl,
 48 |   formatDuration,
 49 |   parseStartTime,
 50 |   generateRouteDirections
 51 | } from './routes';
 52 | 
 53 | // YouTube
 54 | export { extractVideoId, detectSnsPlatform, getThumbnailUrl, isValidYoutubeUrl, isInstagramUrl, type SnsPlatform } from './youtube';
 55 | 
 56 | // Tour API
 57 | export { fetchTourApiData } from './tourapi';
 58 | 
 59 | // Docent
 60 | export { generateDocentCaption } from './docent';
 61 | 
 62 | // Facilities
 63 | export { FACILITY_ICONS, FACILITY_NAMES, type FacilityCategory } from './facilities';
 64 | 
 65 | // Routes
 66 | export { 
 67 |   ROUTE_THEMES, 
    :   ^^^^^^|^^^^^
    :         `-- exported more than once
 68 |   CURRENT_ROUTE_STORAGE_KEY,
 69 |   ROUTE_PROGRESS_STORAGE_KEY,
 69 |   ROUTE_THEME_OPTIONS,
    `----

Error: 
  > Exported identifiers must be unique

  x the name `CURRENT_ROUTE_STORAGE_KEY` is exported multiple times
    ,-[/app/lib/domain/index.ts:17:1]
 17 | // Routes
 18 | export { 
 19 |   ROUTE_THEMES, 
 20 |   CURRENT_ROUTE_STORAGE_KEY,
    :   ^^^^^^^^^^^^|^^^^^^^^^^^^
    :               `-- previous exported here
 21 |   ROUTE_PROGRESS_STORAGE_KEY,
 22 |   ROUTE_THEME_OPTIONS,
 23 |   type RouteTheme,
 24 |   type RouteDetailOption,
 25 |   type RouteThemeOption,
 26 |   type RouteStop,
 27 |   type RoutePlan,
 28 |   type RouteLeg,
 29 |   type RouteProgressState,
 30 |   type LocalizedRouteOptionCopy,
 31 |   type LocalizedRoutePlanCopy,
 32 |   isRouteTheme,
 33 |   getRouteDetails,
 34 |   isRouteDetailForTheme,
 35 |   generateMockRoutePlan,
 36 |   calculateWalkingMinutes,
 37 |   calculateRouteLegs,
 38 |   createLocalRoutePlan,
 39 |   encodeRoutePlanForShare,
 40 |   decodeRoutePlanFromShare,
 41 |   buildLocalRouteShareUrl,
 42 |   createRouteProgressState,
 43 |   parseRouteProgressState,
 44 |   buildGoogleMapsDirectionsUrl,
 45 |   buildGoogleMapsPlaceUrl,
 46 |   buildRouteMapUrl,
 47 |   buildRouteStopDetailUrl,
 48 |   formatDuration,
 49 |   parseStartTime,
 50 |   generateRouteDirections
 51 | } from './routes';
 52 | 
 53 | // YouTube
 54 | export { extractVideoId, detectSnsPlatform, getThumbnailUrl, isValidYoutubeUrl, isInstagramUrl, type SnsPlatform } from './youtube';
 55 | 
 56 | // Tour API
 57 | export { fetchTourApiData } from './tourapi';
 58 | 
 59 | // Docent
 60 | export { generateDocentCaption } from './docent';
 61 | 
 62 | // Facilities
 63 | export { FACILITY_ICONS, FACILITY_NAMES, type FacilityCategory } from './facilities';
 64 | 
 65 | // Routes
 66 | export { 
 67 |   ROUTE_THEMES, 
 68 |   CURRENT_ROUTE_STORAGE_KEY,
    :   ^^^^^^^^^^^^|^^^^^^^^^^^^
    :               `-- exported more than once
 69 |   ROUTE_PROGRESS_STORAGE_KEY,
 70 |   ROUTE_THEME_OPTIONS,
 70 |   type RouteTheme,
    `----

Error: 
  > Exported identifiers must be unique

  x the name `ROUTE_PROGRESS_STORAGE_KEY` is exported multiple times
    ,-[/app/lib/domain/index.ts:18:1]
 18 | export { 
 19 |   ROUTE_THEMES, 
 20 |   CURRENT_ROUTE_STORAGE_KEY,
 21 |   ROUTE_PROGRESS_STORAGE_KEY,
    :   ^^^^^^^^^^^^^|^^^^^^^^^^^^
    :                `-- previous exported here
 22 |   ROUTE_THEME_OPTIONS,
 23 |   type RouteTheme,
 24 |   type RouteDetailOption,
 25 |   type RouteThemeOption,
 26 |   type RouteStop,
 27 |   type RoutePlan,
 28 |   type RouteLeg,
 29 |   type RouteProgressState,
 30 |   type LocalizedRouteOptionCopy,
 31 |   type LocalizedRoutePlanCopy,
 32 |   isRouteTheme,
 33 |   getRouteDetails,
 34 |   isRouteDetailForTheme,
 35 |   generateMockRoutePlan,
 36 |   calculateWalkingMinutes,
 37 |   calculateRouteLegs,
 38 |   createLocalRoutePlan,
 39 |   encodeRoutePlanForShare,
 40 |   decodeRoutePlanFromShare,
 41 |   buildLocalRouteShareUrl,
 42 |   createRouteProgressState,
 43 |   parseRouteProgressState,
 44 |   buildGoogleMapsDirectionsUrl,
 45 |   buildGoogleMapsPlaceUrl,
 46 |   buildRouteMapUrl,
 47 |   buildRouteStopDetailUrl,
 48 |   formatDuration,
 49 |   parseStartTime,
 50 |   generateRouteDirections
 51 | } from './routes';
 52 | 
 53 | // YouTube
 54 | export { extractVideoId, detectSnsPlatform, getThumbnailUrl, isValidYoutubeUrl, isInstagramUrl, type SnsPlatform } from './youtube';
 55 | 
 56 | // Tour API
 57 | export { fetchTourApiData } from './tourapi';
 58 | 
 59 | // Docent
 60 | export { generateDocentCaption } from './docent';
 61 | 
 62 | // Facilities
 63 | export { FACILITY_ICONS, FACILITY_NAMES, type FacilityCategory } from './facilities';
 64 | 
 65 | // Routes
 66 | export { 
 67 |   ROUTE_THEMES, 
 68 |   CURRENT_ROUTE_STORAGE_KEY,
 69 |   ROUTE_PROGRESS_STORAGE_KEY,
    :   ^^^^^^^^^^^^^|^^^^^^^^^^^^
    :                `-- exported more than once
 70 |   ROUTE_THEME_OPTIONS,
 71 |   type RouteTheme,
 71 |   type RouteDetailOption,
    `----

Error: 
  > Exported identifiers must be unique

  x the name `ROUTE_THEME_OPTIONS` is exported multiple times
    ,-[/app/lib/domain/index.ts:19:1]
 19 |   ROUTE_THEMES, 
 20 |   CURRENT_ROUTE_STORAGE_KEY,
 21 |   ROUTE_PROGRESS_STORAGE_KEY,
 22 |   ROUTE_THEME_OPTIONS,
    :   ^^^^^^^^^|^^^^^^^^^
    :            `-- previous exported here
 23 |   type RouteTheme,
 24 |   type RouteDetailOption,
 25 |   type RouteThemeOption,
 26 |   type RouteStop,
 27 |   type RoutePlan,
 28 |   type RouteLeg,
 29 |   type RouteProgressState,
 30 |   type LocalizedRouteOptionCopy,
 31 |   type LocalizedRoutePlanCopy,
 32 |   isRouteTheme,
 33 |   getRouteDetails,
 34 |   isRouteDetailForTheme,
 35 |   generateMockRoutePlan,
 36 |   calculateWalkingMinutes,
 37 |   calculateRouteLegs,
 38 |   createLocalRoutePlan,
 39 |   encodeRoutePlanForShare,
 40 |   decodeRoutePlanFromShare,
 41 |   buildLocalRouteShareUrl,
 42 |   createRouteProgressState,
 43 |   parseRouteProgressState,
 44 |   buildGoogleMapsDirectionsUrl,
 45 |   buildGoogleMapsPlaceUrl,
 46 |   buildRouteMapUrl,
 47 |   buildRouteStopDetailUrl,
 48 |   formatDuration,
 49 |   parseStartTime,
 50 |   generateRouteDirections
 51 | } from './routes';
 52 | 
 53 | // YouTube
 54 | export { extractVideoId, detectSnsPlatform, getThumbnailUrl, isValidYoutubeUrl, isInstagramUrl, type SnsPlatform } from './youtube';
 55 | 
 56 | // Tour API
 57 | export { fetchTourApiData } from './tourapi';
 58 | 
 59 | // Docent
 60 | export { generateDocentCaption } from './docent';
 61 | 
 62 | // Facilities
 63 | export { FACILITY_ICONS, FACILITY_NAMES, type FacilityCategory } from './facilities';
 64 | 
 65 | // Routes
 66 | export { 
 67 |   ROUTE_THEMES, 
 68 |   CURRENT_ROUTE_STORAGE_KEY,
 69 |   ROUTE_PROGRESS_STORAGE_KEY,
 70 |   ROUTE_THEME_OPTIONS,
    :   ^^^^^^^^^|^^^^^^^^^
    :            `-- exported more than once
 71 |   type RouteTheme,
 72 |   type RouteDetailOption,
 72 |   type RouteThemeOption,
    `----

Error: 
  > Exported identifiers must be unique

  x the name `RouteTheme` is exported multiple times
    ,-[/app/lib/domain/index.ts:20:1]
 20 |   CURRENT_ROUTE_STORAGE_KEY,
 21 |   ROUTE_PROGRESS_STORAGE_KEY,
 22 |   ROUTE_THEME_OPTIONS,
 23 |   type RouteTheme,
    :        ^^^^^|^^^^
    :             `-- previous exported here
 24 |   type RouteDetailOption,
 25 |   type RouteThemeOption,
 26 |   type RouteStop,
 27 |   type RoutePlan,
 28 |   type RouteLeg,
 29 |   type RouteProgressState,
 30 |   type LocalizedRouteOptionCopy,
 31 |   type LocalizedRoutePlanCopy,
 32 |   isRouteTheme,
 33 |   getRouteDetails,
 34 |   isRouteDetailForTheme,
 35 |   generateMockRoutePlan,
 36 |   calculateWalkingMinutes,
 37 |   calculateRouteLegs,
 38 |   createLocalRoutePlan,
 39 |   encodeRoutePlanForShare,
 40 |   decodeRoutePlanFromShare,
 41 |   buildLocalRouteShareUrl,
 42 |   createRouteProgressState,
 43 |   parseRouteProgressState,
 44 |   buildGoogleMapsDirectionsUrl,
 45 |   buildGoogleMapsPlaceUrl,
 46 |   buildRouteMapUrl,
 47 |   buildRouteStopDetailUrl,
 48 |   formatDuration,
 49 |   parseStartTime,
 50 |   generateRouteDirections
 51 | } from './routes';
 52 | 
 53 | // YouTube
 54 | export { extractVideoId, detectSnsPlatform, getThumbnailUrl, isValidYoutubeUrl, isInstagramUrl, type SnsPlatform } from './youtube';
 55 | 
 56 | // Tour API
 57 | export { fetchTourApiData } from './tourapi';
 58 | 
 59 | // Docent
 60 | export { generateDocentCaption } from './docent';
 61 | 
 62 | // Facilities
 63 | export { FACILITY_ICONS, FACILITY_NAMES, type FacilityCategory } from './facilities';
 64 | 
 65 | // Routes
 66 | export { 
 67 |   ROUTE_THEMES, 
 68 |   CURRENT_ROUTE_STORAGE_KEY,
 69 |   ROUTE_PROGRESS_STORAGE_KEY,
 70 |   ROUTE_THEME_OPTIONS,
 71 |   type RouteTheme,
    :        ^^^^^|^^^^
    :             `-- exported more than once
 72 |   type RouteDetailOption,
 73 |   type RouteThemeOption,
 73 |   type RouteStop,
    `----

Error: 
  > Exported identifiers must be unique

  x the name `RouteDetailOption` is exported multiple times
    ,-[/app/lib/domain/index.ts:21:1]
 21 |   ROUTE_PROGRESS_STORAGE_KEY,
 22 |   ROUTE_THEME_OPTIONS,
 23 |   type RouteTheme,
 24 |   type RouteDetailOption,
    :        ^^^^^^^^|^^^^^^^^
    :                `-- previous exported here
 25 |   type RouteThemeOption,
 26 |   type RouteStop,
 27 |   type RoutePlan,
 28 |   type RouteLeg,
 29 |   type RouteProgressState,
 30 |   type LocalizedRouteOptionCopy,
 31 |   type LocalizedRoutePlanCopy,
 32 |   isRouteTheme,
 33 |   getRouteDetails,
 34 |   isRouteDetailForTheme,
 35 |   generateMockRoutePlan,
 36 |   calculateWalkingMinutes,
 37 |   calculateRouteLegs,
 38 |   createLocalRoutePlan,
 39 |   encodeRoutePlanForShare,
 40 |   decodeRoutePlanFromShare,
 41 |   buildLocalRouteShareUrl,
 42 |   createRouteProgressState,
 43 |   parseRouteProgressState,
 44 |   buildGoogleMapsDirectionsUrl,
 45 |   buildGoogleMapsPlaceUrl,
 46 |   buildRouteMapUrl,
 47 |   buildRouteStopDetailUrl,
 48 |   formatDuration,
 49 |   parseStartTime,
 50 |   generateRouteDirections
 51 | } from './routes';
 52 | 
 53 | // YouTube
 54 | export { extractVideoId, detectSnsPlatform, getThumbnailUrl, isValidYoutubeUrl, isInstagramUrl, type SnsPlatform } from './youtube';
 55 | 
 56 | // Tour API
 57 | export { fetchTourApiData } from './tourapi';
 58 | 
 59 | // Docent
 60 | export { generateDocentCaption } from './docent';
 61 | 
 62 | // Facilities
 63 | export { FACILITY_ICONS, FACILITY_NAMES, type FacilityCategory } from './facilities';
 64 | 
 65 | // Routes
 66 | export { 
 67 |   ROUTE_THEMES, 
 68 |   CURRENT_ROUTE_STORAGE_KEY,
 69 |   ROUTE_PROGRESS_STORAGE_KEY,
 70 |   ROUTE_THEME_OPTIONS,
 71 |   type RouteTheme,
 72 |   type RouteDetailOption,
    :        ^^^^^^^^|^^^^^^^^
    :                `-- exported more than once
 73 |   type RouteThemeOption,
 74 |   type RouteStop,
 74 |   type RoutePlan,
    `----

Error: 
  > Exported identifiers must be unique

  x the name `RouteThemeOption` is exported multiple times
    ,-[/app/lib/domain/index.ts:22:1]
 22 |   ROUTE_THEME_OPTIONS,
 23 |   type RouteTheme,
 24 |   type RouteDetailOption,
 25 |   type RouteThemeOption,
    :        ^^^^^^^^|^^^^^^^
    :                `-- previous exported here
 26 |   type RouteStop,
 27 |   type RoutePlan,
 28 |   type RouteLeg,
 29 |   type RouteProgressState,
 30 |   type LocalizedRouteOptionCopy,
 31 |   type LocalizedRoutePlanCopy,
 32 |   isRouteTheme,
 33 |   getRouteDetails,
 34 |   isRouteDetailForTheme,
 35 |   generateMockRoutePlan,
 36 |   calculateWalkingMinutes,
 37 |   calculateRouteLegs,
 38 |   createLocalRoutePlan,
 39 |   encodeRoutePlanForShare,
 40 |   decodeRoutePlanFromShare,
 41 |   buildLocalRouteShareUrl,
 42 |   createRouteProgressState,
 43 |   parseRouteProgressState,
 44 |   buildGoogleMapsDirectionsUrl,
 45 |   buildGoogleMapsPlaceUrl,
 46 |   buildRouteMapUrl,
 47 |   buildRouteStopDetailUrl,
 48 |   formatDuration,
 49 |   parseStartTime,
 50 |   generateRouteDirections
 51 | } from './routes';
 52 | 
 53 | // YouTube
 54 | export { extractVideoId, detectSnsPlatform, getThumbnailUrl, isValidYoutubeUrl, isInstagramUrl, type SnsPlatform } from './youtube';
 55 | 
 56 | // Tour API
 57 | export { fetchTourApiData } from './tourapi';
 58 | 
 59 | // Docent
 60 | export { generateDocentCaption } from './docent';
 61 | 
 62 | // Facilities
 63 | export { FACILITY_ICONS, FACILITY_NAMES, type FacilityCategory } from './facilities';
 64 | 
 65 | // Routes
 66 | export { 
 67 |   ROUTE_THEMES, 
 68 |   CURRENT_ROUTE_STORAGE_KEY,
 69 |   ROUTE_PROGRESS_STORAGE_KEY,
 70 |   ROUTE_THEME_OPTIONS,
 71 |   type RouteTheme,
 72 |   type RouteDetailOption,
 73 |   type RouteThemeOption,
    :        ^^^^^^^^|^^^^^^^
    :                `-- exported more than once
 74 |   type RouteStop,
 75 |   type RoutePlan,
 75 |   type RouteLeg,
    `----

Error: 
  > Exported identifiers must be unique

  x the name `RouteStop` is exported multiple times
    ,-[/app/lib/domain/index.ts:23:1]
 23 |   type RouteTheme,
 24 |   type RouteDetailOption,
 25 |   type RouteThemeOption,
 26 |   type RouteStop,
    :        ^^^^|^^^^
    :            `-- previous exported here
 27 |   type RoutePlan,
 28 |   type RouteLeg,
 29 |   type RouteProgressState,
 30 |   type LocalizedRouteOptionCopy,
 31 |   type LocalizedRoutePlanCopy,
 32 |   isRouteTheme,
 33 |   getRouteDetails,
 34 |   isRouteDetailForTheme,
 35 |   generateMockRoutePlan,
 36 |   calculateWalkingMinutes,
 37 |   calculateRouteLegs,
 38 |   createLocalRoutePlan,
 39 |   encodeRoutePlanForShare,
 40 |   decodeRoutePlanFromShare,
 41 |   buildLocalRouteShareUrl,
 42 |   createRouteProgressState,
 43 |   parseRouteProgressState,
 44 |   buildGoogleMapsDirectionsUrl,
 45 |   buildGoogleMapsPlaceUrl,
 46 |   buildRouteMapUrl,
 47 |   buildRouteStopDetailUrl,
 48 |   formatDuration,
 49 |   parseStartTime,
 50 |   generateRouteDirections
 51 | } from './routes';
 52 | 
 53 | // YouTube
 54 | export { extractVideoId, detectSnsPlatform, getThumbnailUrl, isValidYoutubeUrl, isInstagramUrl, type SnsPlatform } from './youtube';
 55 | 
 56 | // Tour API
 57 | export { fetchTourApiData } from './tourapi';
 58 | 
 59 | // Docent
 60 | export { generateDocentCaption } from './docent';
 61 | 
 62 | // Facilities
 63 | export { FACILITY_ICONS, FACILITY_NAMES, type FacilityCategory } from './facilities';
 64 | 
 65 | // Routes
 66 | export { 
 67 |   ROUTE_THEMES, 
 68 |   CURRENT_ROUTE_STORAGE_KEY,
 69 |   ROUTE_PROGRESS_STORAGE_KEY,
 70 |   ROUTE_THEME_OPTIONS,
 71 |   type RouteTheme,
 72 |   type RouteDetailOption,
 73 |   type RouteThemeOption,
 74 |   type RouteStop,
    :        ^^^^|^^^^
    :            `-- exported more than once
 75 |   type RoutePlan,
 76 |   type RouteLeg,
 76 |   type RouteProgressState,
    `----

Error: 
  > Exported identifiers must be unique

  x the name `RoutePlan` is exported multiple times
    ,-[/app/lib/domain/index.ts:24:1]
 24 |   type RouteDetailOption,
 25 |   type RouteThemeOption,
 26 |   type RouteStop,
 27 |   type RoutePlan,
    :        ^^^^|^^^^
    :            `-- previous exported here
 28 |   type RouteLeg,
 29 |   type RouteProgressState,
 30 |   type LocalizedRouteOptionCopy,
 31 |   type LocalizedRoutePlanCopy,
 32 |   isRouteTheme,
 33 |   getRouteDetails,
 34 |   isRouteDetailForTheme,
 35 |   generateMockRoutePlan,
 36 |   calculateWalkingMinutes,
 37 |   calculateRouteLegs,
 38 |   createLocalRoutePlan,
 39 |   encodeRoutePlanForShare,
 40 |   decodeRoutePlanFromShare,
 41 |   buildLocalRouteShareUrl,
 42 |   createRouteProgressState,
 43 |   parseRouteProgressState,
 44 |   buildGoogleMapsDirectionsUrl,
 45 |   buildGoogleMapsPlaceUrl,
 46 |   buildRouteMapUrl,
 47 |   buildRouteStopDetailUrl,
 48 |   formatDuration,
 49 |   parseStartTime,
 50 |   generateRouteDirections
 51 | } from './routes';
 52 | 
 53 | // YouTube
 54 | export { extractVideoId, detectSnsPlatform, getThumbnailUrl, isValidYoutubeUrl, isInstagramUrl, type SnsPlatform } from './youtube';
 55 | 
 56 | // Tour API
 57 | export { fetchTourApiData } from './tourapi';
 58 | 
 59 | // Docent
 60 | export { generateDocentCaption } from './docent';
 61 | 
 62 | // Facilities
 63 | export { FACILITY_ICONS, FACILITY_NAMES, type FacilityCategory } from './facilities';
 64 | 
 65 | // Routes
 66 | export { 
 67 |   ROUTE_THEMES, 
 68 |   CURRENT_ROUTE_STORAGE_KEY,
 69 |   ROUTE_PROGRESS_STORAGE_KEY,
 70 |   ROUTE_THEME_OPTIONS,
 71 |   type RouteTheme,
 72 |   type RouteDetailOption,
 73 |   type RouteThemeOption,
 74 |   type RouteStop,
 75 |   type RoutePlan,
    :        ^^^^|^^^^
    :            `-- exported more than once
 76 |   type RouteLeg,
 77 |   type RouteProgressState,
 77 |   type LocalizedRouteOptionCopy,
    `----

Error: 
  > Exported identifiers must be unique

  x the name `RouteLeg` is exported multiple times
    ,-[/app/lib/domain/index.ts:25:1]
 25 |   type RouteThemeOption,
 26 |   type RouteStop,
 27 |   type RoutePlan,
 28 |   type RouteLeg,
    :        ^^^^|^^^
    :            `-- previous exported here
 29 |   type RouteProgressState,
 30 |   type LocalizedRouteOptionCopy,
 31 |   type LocalizedRoutePlanCopy,
 32 |   isRouteTheme,
 33 |   getRouteDetails,
 34 |   isRouteDetailForTheme,
 35 |   generateMockRoutePlan,
 36 |   calculateWalkingMinutes,
 37 |   calculateRouteLegs,
 38 |   createLocalRoutePlan,
 39 |   encodeRoutePlanForShare,
 40 |   decodeRoutePlanFromShare,
 41 |   buildLocalRouteShareUrl,
 42 |   createRouteProgressState,
 43 |   parseRouteProgressState,
 44 |   buildGoogleMapsDirectionsUrl,
 45 |   buildGoogleMapsPlaceUrl,
 46 |   buildRouteMapUrl,
 47 |   buildRouteStopDetailUrl,
 48 |   formatDuration,
 49 |   parseStartTime,
 50 |   generateRouteDirections
 51 | } from './routes';
 52 | 
 53 | // YouTube
 54 | export { extractVideoId, detectSnsPlatform, getThumbnailUrl, isValidYoutubeUrl, isInstagramUrl, type SnsPlatform } from './youtube';
 55 | 
 56 | // Tour API
 57 | export { fetchTourApiData } from './tourapi';
 58 | 
 59 | // Docent
 60 | export { generateDocentCaption } from './docent';
 61 | 
 62 | // Facilities
 63 | export { FACILITY_ICONS, FACILITY_NAMES, type FacilityCategory } from './facilities';
 64 | 
 65 | // Routes
 66 | export { 
 67 |   ROUTE_THEMES, 
 68 |   CURRENT_ROUTE_STORAGE_KEY,
 69 |   ROUTE_PROGRESS_STORAGE_KEY,
 70 |   ROUTE_THEME_OPTIONS,
 71 |   type RouteTheme,
 72 |   type RouteDetailOption,
 73 |   type RouteThemeOption,
 74 |   type RouteStop,
 75 |   type RoutePlan,
 76 |   type RouteLeg,
    :        ^^^^|^^^
    :            `-- exported more than once
 77 |   type RouteProgressState,
 78 |   type LocalizedRouteOptionCopy,
 78 |   type LocalizedRoutePlanCopy,
    `----

Error: 
  > Exported identifiers must be unique

  x the name `RouteProgressState` is exported multiple times
    ,-[/app/lib/domain/index.ts:26:1]
 26 |   type RouteStop,
 27 |   type RoutePlan,
 28 |   type RouteLeg,
 29 |   type RouteProgressState,
    :        ^^^^^^^^^|^^^^^^^^
    :                 `-- previous exported here
 30 |   type LocalizedRouteOptionCopy,
 31 |   type LocalizedRoutePlanCopy,
 32 |   isRouteTheme,
 33 |   getRouteDetails,
 34 |   isRouteDetailForTheme,
 35 |   generateMockRoutePlan,
 36 |   calculateWalkingMinutes,
 37 |   calculateRouteLegs,
 38 |   createLocalRoutePlan,
 39 |   encodeRoutePlanForShare,
 40 |   decodeRoutePlanFromShare,
 41 |   buildLocalRouteShareUrl,
 42 |   createRouteProgressState,
 43 |   parseRouteProgressState,
 44 |   buildGoogleMapsDirectionsUrl,
 45 |   buildGoogleMapsPlaceUrl,
 46 |   buildRouteMapUrl,
 47 |   buildRouteStopDetailUrl,
 48 |   formatDuration,
 49 |   parseStartTime,
 50 |   generateRouteDirections
 51 | } from './routes';
 52 | 
 53 | // YouTube
 54 | export { extractVideoId, detectSnsPlatform, getThumbnailUrl, isValidYoutubeUrl, isInstagramUrl, type SnsPlatform } from './youtube';
 55 | 
 56 | // Tour API
 57 | export { fetchTourApiData } from './tourapi';
 58 | 
 59 | // Docent
 60 | export { generateDocentCaption } from './docent';
 61 | 
 62 | // Facilities
 63 | export { FACILITY_ICONS, FACILITY_NAMES, type FacilityCategory } from './facilities';
 64 | 
 65 | // Routes
 66 | export { 
 67 |   ROUTE_THEMES, 
 68 |   CURRENT_ROUTE_STORAGE_KEY,
 69 |   ROUTE_PROGRESS_STORAGE_KEY,
 70 |   ROUTE_THEME_OPTIONS,
 71 |   type RouteTheme,
 72 |   type RouteDetailOption,
 73 |   type RouteThemeOption,
 74 |   type RouteStop,
 75 |   type RoutePlan,
 76 |   type RouteLeg,
 77 |   type RouteProgressState,
    :        ^^^^^^^^^|^^^^^^^^
    :                 `-- exported more than once
 78 |   type LocalizedRouteOptionCopy,
 79 |   type LocalizedRoutePlanCopy,
 79 |   isRouteTheme,
    `----

Error: 
  > Exported identifiers must be unique

  x the name `LocalizedRouteOptionCopy` is exported multiple times
    ,-[/app/lib/domain/index.ts:27:1]
 27 |   type RoutePlan,
 28 |   type RouteLeg,
 29 |   type RouteProgressState,
 30 |   type LocalizedRouteOptionCopy,
    :        ^^^^^^^^^^^^|^^^^^^^^^^^
    :                    `-- previous exported here
 31 |   type LocalizedRoutePlanCopy,
 32 |   isRouteTheme,
 33 |   getRouteDetails,
 34 |   isRouteDetailForTheme,
 35 |   generateMockRoutePlan,
 36 |   calculateWalkingMinutes,
 37 |   calculateRouteLegs,
 38 |   createLocalRoutePlan,
 39 |   encodeRoutePlanForShare,
 40 |   decodeRoutePlanFromShare,
 41 |   buildLocalRouteShareUrl,
 42 |   createRouteProgressState,
 43 |   parseRouteProgressState,
 44 |   buildGoogleMapsDirectionsUrl,
 45 |   buildGoogleMapsPlaceUrl,
 46 |   buildRouteMapUrl,
 47 |   buildRouteStopDetailUrl,
 48 |   formatDuration,
 49 |   parseStartTime,
 50 |   generateRouteDirections
 51 | } from './routes';
 52 | 
 53 | // YouTube
 54 | export { extractVideoId, detectSnsPlatform, getThumbnailUrl, isValidYoutubeUrl, isInstagramUrl, type SnsPlatform } from './youtube';
 55 | 
 56 | // Tour API
 57 | export { fetchTourApiData } from './tourapi';
 58 | 
 59 | // Docent
 60 | export { generateDocentCaption } from './docent';
 61 | 
 62 | // Facilities
 63 | export { FACILITY_ICONS, FACILITY_NAMES, type FacilityCategory } from './facilities';
 64 | 
 65 | // Routes
 66 | export { 
 67 |   ROUTE_THEMES, 
 68 |   CURRENT_ROUTE_STORAGE_KEY,
 69 |   ROUTE_PROGRESS_STORAGE_KEY,
 70 |   ROUTE_THEME_OPTIONS,
 71 |   type RouteTheme,
 72 |   type RouteDetailOption,
 73 |   type RouteThemeOption,
 74 |   type RouteStop,
 75 |   type RoutePlan,
 76 |   type RouteLeg,
 77 |   type RouteProgressState,
 78 |   type LocalizedRouteOptionCopy,
    :        ^^^^^^^^^^^^|^^^^^^^^^^^
    :                    `-- exported more than once
 79 |   type LocalizedRoutePlanCopy,
 80 |   isRouteTheme,
 80 |   getRouteDetails,
    `----

Error: 
  > Exported identifiers must be unique

  x the name `LocalizedRoutePlanCopy` is exported multiple times
    ,-[/app/lib/domain/index.ts:28:1]
 28 |   type RouteLeg,
 29 |   type RouteProgressState,
 30 |   type LocalizedRouteOptionCopy,
 31 |   type LocalizedRoutePlanCopy,
    :        ^^^^^^^^^^^|^^^^^^^^^^
    :                   `-- previous exported here
 32 |   isRouteTheme,
 33 |   getRouteDetails,
 34 |   isRouteDetailForTheme,
 35 |   generateMockRoutePlan,
 36 |   calculateWalkingMinutes,
 37 |   calculateRouteLegs,
 38 |   createLocalRoutePlan,
 39 |   encodeRoutePlanForShare,
 40 |   decodeRoutePlanFromShare,
 41 |   buildLocalRouteShareUrl,
 42 |   createRouteProgressState,
 43 |   parseRouteProgressState,
 44 |   buildGoogleMapsDirectionsUrl,
 45 |   buildGoogleMapsPlaceUrl,
 46 |   buildRouteMapUrl,
 47 |   buildRouteStopDetailUrl,
 48 |   formatDuration,
 49 |   parseStartTime,
 50 |   generateRouteDirections
 51 | } from './routes';
 52 | 
 53 | // YouTube
 54 | export { extractVideoId, detectSnsPlatform, getThumbnailUrl, isValidYoutubeUrl, isInstagramUrl, type SnsPlatform } from './youtube';
 55 | 
 56 | // Tour API
 57 | export { fetchTourApiData } from './tourapi';
 58 | 
 59 | // Docent
 60 | export { generateDocentCaption } from './docent';
 61 | 
 62 | // Facilities
 63 | export { FACILITY_ICONS, FACILITY_NAMES, type FacilityCategory } from './facilities';
 64 | 
 65 | // Routes
 66 | export { 
 67 |   ROUTE_THEMES, 
 68 |   CURRENT_ROUTE_STORAGE_KEY,
 69 |   ROUTE_PROGRESS_STORAGE_KEY,
 70 |   ROUTE_THEME_OPTIONS,
 71 |   type RouteTheme,
 72 |   type RouteDetailOption,
 73 |   type RouteThemeOption,
 74 |   type RouteStop,
 75 |   type RoutePlan,
 76 |   type RouteLeg,
 77 |   type RouteProgressState,
 78 |   type LocalizedRouteOptionCopy,
 79 |   type LocalizedRoutePlanCopy,
    :        ^^^^^^^^^^^|^^^^^^^^^^
    :                   `-- exported more than once
 80 |   isRouteTheme,
 81 |   getRouteDetails,
 81 |   isRouteDetailForTheme,
    `----

Error: 
  > Exported identifiers must be unique

  x the name `isRouteTheme` is exported multiple times
    ,-[/app/lib/domain/index.ts:29:1]
 29 |   type RouteProgressState,
 30 |   type LocalizedRouteOptionCopy,
 31 |   type LocalizedRoutePlanCopy,
 32 |   isRouteTheme,
    :   ^^^^^^|^^^^^
    :         `-- previous exported here
 33 |   getRouteDetails,
 34 |   isRouteDetailForTheme,
 35 |   generateMockRoutePlan,
 36 |   calculateWalkingMinutes,
 37 |   calculateRouteLegs,
 38 |   createLocalRoutePlan,
 39 |   encodeRoutePlanForShare,
 40 |   decodeRoutePlanFromShare,
 41 |   buildLocalRouteShareUrl,
 42 |   createRouteProgressState,
 43 |   parseRouteProgressState,
 44 |   buildGoogleMapsDirectionsUrl,
 45 |   buildGoogleMapsPlaceUrl,
 46 |   buildRouteMapUrl,
 47 |   buildRouteStopDetailUrl,
 48 |   formatDuration,
 49 |   parseStartTime,
 50 |   generateRouteDirections
 51 | } from './routes';
 52 | 
 53 | // YouTube
 54 | export { extractVideoId, detectSnsPlatform, getThumbnailUrl, isValidYoutubeUrl, isInstagramUrl, type SnsPlatform } from './youtube';
 55 | 
 56 | // Tour API
 57 | export { fetchTourApiData } from './tourapi';
 58 | 
 59 | // Docent
 60 | export { generateDocentCaption } from './docent';
 61 | 
 62 | // Facilities
 63 | export { FACILITY_ICONS, FACILITY_NAMES, type FacilityCategory } from './facilities';
 64 | 
 65 | // Routes
 66 | export { 
 67 |   ROUTE_THEMES, 
 68 |   CURRENT_ROUTE_STORAGE_KEY,
 69 |   ROUTE_PROGRESS_STORAGE_KEY,
 70 |   ROUTE_THEME_OPTIONS,
 71 |   type RouteTheme,
 72 |   type RouteDetailOption,
 73 |   type RouteThemeOption,
 74 |   type RouteStop,
 75 |   type RoutePlan,
 76 |   type RouteLeg,
 77 |   type RouteProgressState,
 78 |   type LocalizedRouteOptionCopy,
 79 |   type LocalizedRoutePlanCopy,
 80 |   isRouteTheme,
    :   ^^^^^^|^^^^^
    :         `-- exported more than once
 81 |   getRouteDetails,
 82 |   isRouteDetailForTheme,
 82 |   generateMockRoutePlan,
    `----

Error: 
  > Exported identifiers must be unique

  x the name `getRouteDetails` is exported multiple times
    ,-[/app/lib/domain/index.ts:30:1]
 30 |   type LocalizedRouteOptionCopy,
 31 |   type LocalizedRoutePlanCopy,
 32 |   isRouteTheme,
 33 |   getRouteDetails,
    :   ^^^^^^^|^^^^^^^
    :          `-- previous exported here
 34 |   isRouteDetailForTheme,
 35 |   generateMockRoutePlan,
 36 |   calculateWalkingMinutes,
 37 |   calculateRouteLegs,
 38 |   createLocalRoutePlan,
 39 |   encodeRoutePlanForShare,
 40 |   decodeRoutePlanFromShare,
 41 |   buildLocalRouteShareUrl,
 42 |   createRouteProgressState,
 43 |   parseRouteProgressState,
 44 |   buildGoogleMapsDirectionsUrl,
 45 |   buildGoogleMapsPlaceUrl,
 46 |   buildRouteMapUrl,
 47 |   buildRouteStopDetailUrl,
 48 |   formatDuration,
 49 |   parseStartTime,
 50 |   generateRouteDirections
 51 | } from './routes';
 52 | 
 53 | // YouTube
 54 | export { extractVideoId, detectSnsPlatform, getThumbnailUrl, isValidYoutubeUrl, isInstagramUrl, type SnsPlatform } from './youtube';
 55 | 
 56 | // Tour API
 57 | export { fetchTourApiData } from './tourapi';
 58 | 
 59 | // Docent
 60 | export { generateDocentCaption } from './docent';
 61 | 
 62 | // Facilities
 63 | export { FACILITY_ICONS, FACILITY_NAMES, type FacilityCategory } from './facilities';
 64 | 
 65 | // Routes
 66 | export { 
 67 |   ROUTE_THEMES, 
 68 |   CURRENT_ROUTE_STORAGE_KEY,
 69 |   ROUTE_PROGRESS_STORAGE_KEY,
 70 |   ROUTE_THEME_OPTIONS,
 71 |   type RouteTheme,
 72 |   type RouteDetailOption,
 73 |   type RouteThemeOption,
 74 |   type RouteStop,
 75 |   type RoutePlan,
 76 |   type RouteLeg,
 77 |   type RouteProgressState,
 78 |   type LocalizedRouteOptionCopy,
 79 |   type LocalizedRoutePlanCopy,
 80 |   isRouteTheme,
 81 |   getRouteDetails,
    :   ^^^^^^^|^^^^^^^
    :          `-- exported more than once
 82 |   isRouteDetailForTheme,
 83 |   generateMockRoutePlan,
 83 |   calculateWalkingMinutes,
    `----

Error: 
  > Exported identifiers must be unique

  x the name `isRouteDetailForTheme` is exported multiple times
    ,-[/app/lib/domain/index.ts:31:1]
 31 |   type LocalizedRoutePlanCopy,
 32 |   isRouteTheme,
 33 |   getRouteDetails,
 34 |   isRouteDetailForTheme,
    :   ^^^^^^^^^^|^^^^^^^^^^
    :             `-- previous exported here
 35 |   generateMockRoutePlan,
 36 |   calculateWalkingMinutes,
 37 |   calculateRouteLegs,
 38 |   createLocalRoutePlan,
 39 |   encodeRoutePlanForShare,
 40 |   decodeRoutePlanFromShare,
 41 |   buildLocalRouteShareUrl,
 42 |   createRouteProgressState,
 43 |   parseRouteProgressState,
 44 |   buildGoogleMapsDirectionsUrl,
 45 |   buildGoogleMapsPlaceUrl,
 46 |   buildRouteMapUrl,
 47 |   buildRouteStopDetailUrl,
 48 |   formatDuration,
 49 |   parseStartTime,
 50 |   generateRouteDirections
 51 | } from './routes';
 52 | 
 53 | // YouTube
 54 | export { extractVideoId, detectSnsPlatform, getThumbnailUrl, isValidYoutubeUrl, isInstagramUrl, type SnsPlatform } from './youtube';
 55 | 
 56 | // Tour API
 57 | export { fetchTourApiData } from './tourapi';
 58 | 
 59 | // Docent
 60 | export { generateDocentCaption } from './docent';
 61 | 
 62 | // Facilities
 63 | export { FACILITY_ICONS, FACILITY_NAMES, type FacilityCategory } from './facilities';
 64 | 
 65 | // Routes
 66 | export { 
 67 |   ROUTE_THEMES, 
 68 |   CURRENT_ROUTE_STORAGE_KEY,
 69 |   ROUTE_PROGRESS_STORAGE_KEY,
 70 |   ROUTE_THEME_OPTIONS,
 71 |   type RouteTheme,
 72 |   type RouteDetailOption,
 73 |   type RouteThemeOption,
 74 |   type RouteStop,
 75 |   type RoutePlan,
 76 |   type RouteLeg,
 77 |   type RouteProgressState,
 78 |   type LocalizedRouteOptionCopy,
 79 |   type LocalizedRoutePlanCopy,
 80 |   isRouteTheme,
 81 |   getRouteDetails,
 82 |   isRouteDetailForTheme,
    :   ^^^^^^^^^^|^^^^^^^^^^
    :             `-- exported more than once
 83 |   generateMockRoutePlan,
 84 |   calculateWalkingMinutes,
 84 |   calculateRouteLegs,
    `----

Error: 
  > Exported identifiers must be unique

  x the name `generateMockRoutePlan` is exported multiple times
    ,-[/app/lib/domain/index.ts:32:1]
 32 |   isRouteTheme,
 33 |   getRouteDetails,
 34 |   isRouteDetailForTheme,
 35 |   generateMockRoutePlan,
    :   ^^^^^^^^^^|^^^^^^^^^^
    :             `-- previous exported here
 36 |   calculateWalkingMinutes,
 37 |   calculateRouteLegs,
 38 |   createLocalRoutePlan,
 39 |   encodeRoutePlanForShare,
 40 |   decodeRoutePlanFromShare,
 41 |   buildLocalRouteShareUrl,
 42 |   createRouteProgressState,
 43 |   parseRouteProgressState,
 44 |   buildGoogleMapsDirectionsUrl,
 45 |   buildGoogleMapsPlaceUrl,
 46 |   buildRouteMapUrl,
 47 |   buildRouteStopDetailUrl,
 48 |   formatDuration,
 49 |   parseStartTime,
 50 |   generateRouteDirections
 51 | } from './routes';
 52 | 
 53 | // YouTube
 54 | export { extractVideoId, detectSnsPlatform, getThumbnailUrl, isValidYoutubeUrl, isInstagramUrl, type SnsPlatform } from './youtube';
 55 | 
 56 | // Tour API
 57 | export { fetchTourApiData } from './tourapi';
 58 | 
 59 | // Docent
 60 | export { generateDocentCaption } from './docent';
 61 | 
 62 | // Facilities
 63 | export { FACILITY_ICONS, FACILITY_NAMES, type FacilityCategory } from './facilities';
 64 | 
 65 | // Routes
 66 | export { 
 67 |   ROUTE_THEMES, 
 68 |   CURRENT_ROUTE_STORAGE_KEY,
 69 |   ROUTE_PROGRESS_STORAGE_KEY,
 70 |   ROUTE_THEME_OPTIONS,
 71 |   type RouteTheme,
 72 |   type RouteDetailOption,
 73 |   type RouteThemeOption,
 74 |   type RouteStop,
 75 |   type RoutePlan,
 76 |   type RouteLeg,
 77 |   type RouteProgressState,
 78 |   type LocalizedRouteOptionCopy,
 79 |   type LocalizedRoutePlanCopy,
 80 |   isRouteTheme,
 81 |   getRouteDetails,
 82 |   isRouteDetailForTheme,
 83 |   generateMockRoutePlan,
    :   ^^^^^^^^^^|^^^^^^^^^^
    :             `-- exported more than once
 84 |   calculateWalkingMinutes,
 85 |   calculateRouteLegs,
 85 |   createLocalRoutePlan,
    `----

Error: 
  > Exported identifiers must be unique

  x the name `calculateWalkingMinutes` is exported multiple times
    ,-[/app/lib/domain/index.ts:33:1]
 33 |   getRouteDetails,
 34 |   isRouteDetailForTheme,
 35 |   generateMockRoutePlan,
 36 |   calculateWalkingMinutes,
    :   ^^^^^^^^^^^|^^^^^^^^^^^
    :              `-- previous exported here
 37 |   calculateRouteLegs,
 38 |   createLocalRoutePlan,
 39 |   encodeRoutePlanForShare,
 40 |   decodeRoutePlanFromShare,
 41 |   buildLocalRouteShareUrl,
 42 |   createRouteProgressState,
 43 |   parseRouteProgressState,
 44 |   buildGoogleMapsDirectionsUrl,
 45 |   buildGoogleMapsPlaceUrl,
 46 |   buildRouteMapUrl,
 47 |   buildRouteStopDetailUrl,
 48 |   formatDuration,
 49 |   parseStartTime,
 50 |   generateRouteDirections
 51 | } from './routes';
 52 | 
 53 | // YouTube
 54 | export { extractVideoId, detectSnsPlatform, getThumbnailUrl, isValidYoutubeUrl, isInstagramUrl, type SnsPlatform } from './youtube';
 55 | 
 56 | // Tour API
 57 | export { fetchTourApiData } from './tourapi';
 58 | 
 59 | // Docent
 60 | export { generateDocentCaption } from './docent';
 61 | 
 62 | // Facilities
 63 | export { FACILITY_ICONS, FACILITY_NAMES, type FacilityCategory } from './facilities';
 64 | 
 65 | // Routes
 66 | export { 
 67 |   ROUTE_THEMES, 
 68 |   CURRENT_ROUTE_STORAGE_KEY,
 69 |   ROUTE_PROGRESS_STORAGE_KEY,
 70 |   ROUTE_THEME_OPTIONS,
 71 |   type RouteTheme,
 72 |   type RouteDetailOption,
 73 |   type RouteThemeOption,
 74 |   type RouteStop,
 75 |   type RoutePlan,
 76 |   type RouteLeg,
 77 |   type RouteProgressState,
 78 |   type LocalizedRouteOptionCopy,
 79 |   type LocalizedRoutePlanCopy,
 80 |   isRouteTheme,
 81 |   getRouteDetails,
 82 |   isRouteDetailForTheme,
 83 |   generateMockRoutePlan,
 84 |   calculateWalkingMinutes,
    :   ^^^^^^^^^^^|^^^^^^^^^^^
    :              `-- exported more than once
 85 |   calculateRouteLegs,
 86 |   createLocalRoutePlan,
 86 |   encodeRoutePlanForShare,
    `----

Error: 
  > Exported identifiers must be unique

  x the name `calculateRouteLegs` is exported multiple times
    ,-[/app/lib/domain/index.ts:34:1]
 34 |   isRouteDetailForTheme,
 35 |   generateMockRoutePlan,
 36 |   calculateWalkingMinutes,
 37 |   calculateRouteLegs,
    :   ^^^^^^^^^|^^^^^^^^
    :            `-- previous exported here
 38 |   createLocalRoutePlan,
 39 |   encodeRoutePlanForShare,
 40 |   decodeRoutePlanFromShare,
 41 |   buildLocalRouteShareUrl,
 42 |   createRouteProgressState,
 43 |   parseRouteProgressState,
 44 |   buildGoogleMapsDirectionsUrl,
 45 |   buildGoogleMapsPlaceUrl,
 46 |   buildRouteMapUrl,
 47 |   buildRouteStopDetailUrl,
 48 |   formatDuration,
 49 |   parseStartTime,
 50 |   generateRouteDirections
 51 | } from './routes';
 52 | 
 53 | // YouTube
 54 | export { extractVideoId, detectSnsPlatform, getThumbnailUrl, isValidYoutubeUrl, isInstagramUrl, type SnsPlatform } from './youtube';
 55 | 
 56 | // Tour API
 57 | export { fetchTourApiData } from './tourapi';
 58 | 
 59 | // Docent
 60 | export { generateDocentCaption } from './docent';
 61 | 
 62 | // Facilities
 63 | export { FACILITY_ICONS, FACILITY_NAMES, type FacilityCategory } from './facilities';
 64 | 
 65 | // Routes
 66 | export { 
 67 |   ROUTE_THEMES, 
 68 |   CURRENT_ROUTE_STORAGE_KEY,
 69 |   ROUTE_PROGRESS_STORAGE_KEY,
 70 |   ROUTE_THEME_OPTIONS,
 71 |   type RouteTheme,
 72 |   type RouteDetailOption,
 73 |   type RouteThemeOption,
 74 |   type RouteStop,
 75 |   type RoutePlan,
 76 |   type RouteLeg,
 77 |   type RouteProgressState,
 78 |   type LocalizedRouteOptionCopy,
 79 |   type LocalizedRoutePlanCopy,
 80 |   isRouteTheme,
 81 |   getRouteDetails,
 82 |   isRouteDetailForTheme,
 83 |   generateMockRoutePlan,
 84 |   calculateWalkingMinutes,
 85 |   calculateRouteLegs,
    :   ^^^^^^^^^|^^^^^^^^
    :            `-- exported more than once
 86 |   createLocalRoutePlan,
 87 |   encodeRoutePlanForShare,
 87 |   decodeRoutePlanFromShare,
    `----

Error: 
  > Exported identifiers must be unique

  x the name `createLocalRoutePlan` is exported multiple times
    ,-[/app/lib/domain/index.ts:35:1]
 35 |   generateMockRoutePlan,
 36 |   calculateWalkingMinutes,
 37 |   calculateRouteLegs,
 38 |   createLocalRoutePlan,
    :   ^^^^^^^^^^|^^^^^^^^^
    :             `-- previous exported here
 39 |   encodeRoutePlanForShare,
 40 |   decodeRoutePlanFromShare,
 41 |   buildLocalRouteShareUrl,
 42 |   createRouteProgressState,
 43 |   parseRouteProgressState,
 44 |   buildGoogleMapsDirectionsUrl,
 45 |   buildGoogleMapsPlaceUrl,
 46 |   buildRouteMapUrl,
 47 |   buildRouteStopDetailUrl,
 48 |   formatDuration,
 49 |   parseStartTime,
 50 |   generateRouteDirections
 51 | } from './routes';
 52 | 
 53 | // YouTube
 54 | export { extractVideoId, detectSnsPlatform, getThumbnailUrl, isValidYoutubeUrl, isInstagramUrl, type SnsPlatform } from './youtube';
 55 | 
 56 | // Tour API
 57 | export { fetchTourApiData } from './tourapi';
 58 | 
 59 | // Docent
 60 | export { generateDocentCaption } from './docent';
 61 | 
 62 | // Facilities
 63 | export { FACILITY_ICONS, FACILITY_NAMES, type FacilityCategory } from './facilities';
 64 | 
 65 | // Routes
 66 | export { 
 67 |   ROUTE_THEMES, 
 68 |   CURRENT_ROUTE_STORAGE_KEY,
 69 |   ROUTE_PROGRESS_STORAGE_KEY,
 70 |   ROUTE_THEME_OPTIONS,
 71 |   type RouteTheme,
 72 |   type RouteDetailOption,
 73 |   type RouteThemeOption,
 74 |   type RouteStop,
 75 |   type RoutePlan,
 76 |   type RouteLeg,
 77 |   type RouteProgressState,
 78 |   type LocalizedRouteOptionCopy,
 79 |   type LocalizedRoutePlanCopy,
 80 |   isRouteTheme,
 81 |   getRouteDetails,
 82 |   isRouteDetailForTheme,
 83 |   generateMockRoutePlan,
 84 |   calculateWalkingMinutes,
 85 |   calculateRouteLegs,
 86 |   createLocalRoutePlan,
    :   ^^^^^^^^^^|^^^^^^^^^
    :             `-- exported more than once
 87 |   encodeRoutePlanForShare,
 88 |   decodeRoutePlanFromShare,
 88 |   buildLocalRouteShareUrl,
    `----

Error: 
  > Exported identifiers must be unique

  x the name `encodeRoutePlanForShare` is exported multiple times
    ,-[/app/lib/domain/index.ts:36:1]
 36 |   calculateWalkingMinutes,
 37 |   calculateRouteLegs,
 38 |   createLocalRoutePlan,
 39 |   encodeRoutePlanForShare,
    :   ^^^^^^^^^^^|^^^^^^^^^^^
    :              `-- previous exported here
 40 |   decodeRoutePlanFromShare,
 41 |   buildLocalRouteShareUrl,
 42 |   createRouteProgressState,
 43 |   parseRouteProgressState,
 44 |   buildGoogleMapsDirectionsUrl,
 45 |   buildGoogleMapsPlaceUrl,
 46 |   buildRouteMapUrl,
 47 |   buildRouteStopDetailUrl,
 48 |   formatDuration,
 49 |   parseStartTime,
 50 |   generateRouteDirections
 51 | } from './routes';
 52 | 
 53 | // YouTube
 54 | export { extractVideoId, detectSnsPlatform, getThumbnailUrl, isValidYoutubeUrl, isInstagramUrl, type SnsPlatform } from './youtube';
 55 | 
 56 | // Tour API
 57 | export { fetchTourApiData } from './tourapi';
 58 | 
 59 | // Docent
 60 | export { generateDocentCaption } from './docent';
 61 | 
 62 | // Facilities
 63 | export { FACILITY_ICONS, FACILITY_NAMES, type FacilityCategory } from './facilities';
 64 | 
 65 | // Routes
 66 | export { 
 67 |   ROUTE_THEMES, 
 68 |   CURRENT_ROUTE_STORAGE_KEY,
 69 |   ROUTE_PROGRESS_STORAGE_KEY,
 70 |   ROUTE_THEME_OPTIONS,
 71 |   type RouteTheme,
 72 |   type RouteDetailOption,
 73 |   type RouteThemeOption,
 74 |   type RouteStop,
 75 |   type RoutePlan,
 76 |   type RouteLeg,
 77 |   type RouteProgressState,
 78 |   type LocalizedRouteOptionCopy,
 79 |   type LocalizedRoutePlanCopy,
 80 |   isRouteTheme,
 81 |   getRouteDetails,
 82 |   isRouteDetailForTheme,
 83 |   generateMockRoutePlan,
 84 |   calculateWalkingMinutes,
 85 |   calculateRouteLegs,
 86 |   createLocalRoutePlan,
 87 |   encodeRoutePlanForShare,
    :   ^^^^^^^^^^^|^^^^^^^^^^^
    :              `-- exported more than once
 88 |   decodeRoutePlanFromShare,
 89 |   buildLocalRouteShareUrl,
 89 |   createRouteProgressState,
    `----

Error: 
  > Exported identifiers must be unique

  x the name `decodeRoutePlanFromShare` is exported multiple times
    ,-[/app/lib/domain/index.ts:37:1]
 37 |   calculateRouteLegs,
 38 |   createLocalRoutePlan,
 39 |   encodeRoutePlanForShare,
 40 |   decodeRoutePlanFromShare,
    :   ^^^^^^^^^^^^|^^^^^^^^^^^
    :               `-- previous exported here
 41 |   buildLocalRouteShareUrl,
 42 |   createRouteProgressState,
 43 |   parseRouteProgressState,
 44 |   buildGoogleMapsDirectionsUrl,
 45 |   buildGoogleMapsPlaceUrl,
 46 |   buildRouteMapUrl,
 47 |   buildRouteStopDetailUrl,
 48 |   formatDuration,
 49 |   parseStartTime,
 50 |   generateRouteDirections
 51 | } from './routes';
 52 | 
 53 | // YouTube
 54 | export { extractVideoId, detectSnsPlatform, getThumbnailUrl, isValidYoutubeUrl, isInstagramUrl, type SnsPlatform } from './youtube';
 55 | 
 56 | // Tour API
 57 | export { fetchTourApiData } from './tourapi';
 58 | 
 59 | // Docent
 60 | export { generateDocentCaption } from './docent';
 61 | 
 62 | // Facilities
 63 | export { FACILITY_ICONS, FACILITY_NAMES, type FacilityCategory } from './facilities';
 64 | 
 65 | // Routes
 66 | export { 
 67 |   ROUTE_THEMES, 
 68 |   CURRENT_ROUTE_STORAGE_KEY,
 69 |   ROUTE_PROGRESS_STORAGE_KEY,
 70 |   ROUTE_THEME_OPTIONS,
 71 |   type RouteTheme,
 72 |   type RouteDetailOption,
 73 |   type RouteThemeOption,
 74 |   type RouteStop,
 75 |   type RoutePlan,
 76 |   type RouteLeg,
 77 |   type RouteProgressState,
 78 |   type LocalizedRouteOptionCopy,
 79 |   type LocalizedRoutePlanCopy,
 80 |   isRouteTheme,
 81 |   getRouteDetails,
 82 |   isRouteDetailForTheme,
 83 |   generateMockRoutePlan,
 84 |   calculateWalkingMinutes,
 85 |   calculateRouteLegs,
 86 |   createLocalRoutePlan,
 87 |   encodeRoutePlanForShare,
 88 |   decodeRoutePlanFromShare,
    :   ^^^^^^^^^^^^|^^^^^^^^^^^
    :               `-- exported more than once
 89 |   buildLocalRouteShareUrl,
 90 |   createRouteProgressState,
 90 |   parseRouteProgressState,
    `----

Error: 
  > Exported identifiers must be unique

  x the name `buildLocalRouteShareUrl` is exported multiple times
    ,-[/app/lib/domain/index.ts:38:1]
 38 |   createLocalRoutePlan,
 39 |   encodeRoutePlanForShare,
 40 |   decodeRoutePlanFromShare,
 41 |   buildLocalRouteShareUrl,
    :   ^^^^^^^^^^^|^^^^^^^^^^^
    :              `-- previous exported here
 42 |   createRouteProgressState,
 43 |   parseRouteProgressState,
 44 |   buildGoogleMapsDirectionsUrl,
 45 |   buildGoogleMapsPlaceUrl,
 46 |   buildRouteMapUrl,
 47 |   buildRouteStopDetailUrl,
 48 |   formatDuration,
 49 |   parseStartTime,
 50 |   generateRouteDirections
 51 | } from './routes';
 52 | 
 53 | // YouTube
 54 | export { extractVideoId, detectSnsPlatform, getThumbnailUrl, isValidYoutubeUrl, isInstagramUrl, type SnsPlatform } from './youtube';
 55 | 
 56 | // Tour API
 57 | export { fetchTourApiData } from './tourapi';
 58 | 
 59 | // Docent
 60 | export { generateDocentCaption } from './docent';
 61 | 
 62 | // Facilities
 63 | export { FACILITY_ICONS, FACILITY_NAMES, type FacilityCategory } from './facilities';
 64 | 
 65 | // Routes
 66 | export { 
 67 |   ROUTE_THEMES, 
 68 |   CURRENT_ROUTE_STORAGE_KEY,
 69 |   ROUTE_PROGRESS_STORAGE_KEY,
 70 |   ROUTE_THEME_OPTIONS,
 71 |   type RouteTheme,
 72 |   type RouteDetailOption,
 73 |   type RouteThemeOption,
 74 |   type RouteStop,
 75 |   type RoutePlan,
 76 |   type RouteLeg,
 77 |   type RouteProgressState,
 78 |   type LocalizedRouteOptionCopy,
 79 |   type LocalizedRoutePlanCopy,
 80 |   isRouteTheme,
 81 |   getRouteDetails,
 82 |   isRouteDetailForTheme,
 83 |   generateMockRoutePlan,
 84 |   calculateWalkingMinutes,
 85 |   calculateRouteLegs,
 86 |   createLocalRoutePlan,
 87 |   encodeRoutePlanForShare,
 88 |   decodeRoutePlanFromShare,
 89 |   buildLocalRouteShareUrl,
    :   ^^^^^^^^^^^|^^^^^^^^^^^
    :              `-- exported more than once
 90 |   createRouteProgressState,
 91 |   parseRouteProgressState,
 91 |   buildGoogleMapsDirectionsUrl,
    `----

Error: 
  > Exported identifiers must be unique

  x the name `createRouteProgressState` is exported multiple times
    ,-[/app/lib/domain/index.ts:39:1]
 39 |   encodeRoutePlanForShare,
 40 |   decodeRoutePlanFromShare,
 41 |   buildLocalRouteShareUrl,
 42 |   createRouteProgressState,
    :   ^^^^^^^^^^^^|^^^^^^^^^^^
    :               `-- previous exported here
 43 |   parseRouteProgressState,
 44 |   buildGoogleMapsDirectionsUrl,
 45 |   buildGoogleMapsPlaceUrl,
 46 |   buildRouteMapUrl,
 47 |   buildRouteStopDetailUrl,
 48 |   formatDuration,
 49 |   parseStartTime,
 50 |   generateRouteDirections
 51 | } from './routes';
 52 | 
 53 | // YouTube
 54 | export { extractVideoId, detectSnsPlatform, getThumbnailUrl, isValidYoutubeUrl, isInstagramUrl, type SnsPlatform } from './youtube';
 55 | 
 56 | // Tour API
 57 | export { fetchTourApiData } from './tourapi';
 58 | 
 59 | // Docent
 60 | export { generateDocentCaption } from './docent';
 61 | 
 62 | // Facilities
 63 | export { FACILITY_ICONS, FACILITY_NAMES, type FacilityCategory } from './facilities';
 64 | 
 65 | // Routes
 66 | export { 
 67 |   ROUTE_THEMES, 
 68 |   CURRENT_ROUTE_STORAGE_KEY,
 69 |   ROUTE_PROGRESS_STORAGE_KEY,
 70 |   ROUTE_THEME_OPTIONS,
 71 |   type RouteTheme,
 72 |   type RouteDetailOption,
 73 |   type RouteThemeOption,
 74 |   type RouteStop,
 75 |   type RoutePlan,
 76 |   type RouteLeg,
 77 |   type RouteProgressState,
 78 |   type LocalizedRouteOptionCopy,
 79 |   type LocalizedRoutePlanCopy,
 80 |   isRouteTheme,
 81 |   getRouteDetails,
 82 |   isRouteDetailForTheme,
 83 |   generateMockRoutePlan,
 84 |   calculateWalkingMinutes,
 85 |   calculateRouteLegs,
 86 |   createLocalRoutePlan,
 87 |   encodeRoutePlanForShare,
 88 |   decodeRoutePlanFromShare,
 89 |   buildLocalRouteShareUrl,
 90 |   createRouteProgressState,
    :   ^^^^^^^^^^^^|^^^^^^^^^^^
    :               `-- exported more than once
 91 |   parseRouteProgressState,
 92 |   buildGoogleMapsDirectionsUrl,
 92 |   buildGoogleMapsPlaceUrl,
    `----

Error: 
  > Exported identifiers must be unique

  x the name `parseRouteProgressState` is exported multiple times
    ,-[/app/lib/domain/index.ts:40:1]
 40 |   decodeRoutePlanFromShare,
 41 |   buildLocalRouteShareUrl,
 42 |   createRouteProgressState,
 43 |   parseRouteProgressState,
    :   ^^^^^^^^^^^|^^^^^^^^^^^
    :              `-- previous exported here
 44 |   buildGoogleMapsDirectionsUrl,
 45 |   buildGoogleMapsPlaceUrl,
 46 |   buildRouteMapUrl,
 47 |   buildRouteStopDetailUrl,
 48 |   formatDuration,
 49 |   parseStartTime,
 50 |   generateRouteDirections
 51 | } from './routes';
 52 | 
 53 | // YouTube
 54 | export { extractVideoId, detectSnsPlatform, getThumbnailUrl, isValidYoutubeUrl, isInstagramUrl, type SnsPlatform } from './youtube';
 55 | 
 56 | // Tour API
 57 | export { fetchTourApiData } from './tourapi';
 58 | 
 59 | // Docent
 60 | export { generateDocentCaption } from './docent';
 61 | 
 62 | // Facilities
 63 | export { FACILITY_ICONS, FACILITY_NAMES, type FacilityCategory } from './facilities';
 64 | 
 65 | // Routes
 66 | export { 
 67 |   ROUTE_THEMES, 
 68 |   CURRENT_ROUTE_STORAGE_KEY,
 69 |   ROUTE_PROGRESS_STORAGE_KEY,
 70 |   ROUTE_THEME_OPTIONS,
 71 |   type RouteTheme,
 72 |   type RouteDetailOption,
 73 |   type RouteThemeOption,
 74 |   type RouteStop,
 75 |   type RoutePlan,
 76 |   type RouteLeg,
 77 |   type RouteProgressState,
 78 |   type LocalizedRouteOptionCopy,
 79 |   type LocalizedRoutePlanCopy,
 80 |   isRouteTheme,
 81 |   getRouteDetails,
 82 |   isRouteDetailForTheme,
 83 |   generateMockRoutePlan,
 84 |   calculateWalkingMinutes,
 85 |   calculateRouteLegs,
 86 |   createLocalRoutePlan,
 87 |   encodeRoutePlanForShare,
 88 |   decodeRoutePlanFromShare,
 89 |   buildLocalRouteShareUrl,
 90 |   createRouteProgressState,
 91 |   parseRouteProgressState,
    :   ^^^^^^^^^^^|^^^^^^^^^^^
    :              `-- exported more than once
 92 |   buildGoogleMapsDirectionsUrl,
 93 |   buildGoogleMapsPlaceUrl,
 93 |   buildRouteMapUrl,
    `----

Error: 
  > Exported identifiers must be unique

  x the name `buildGoogleMapsDirectionsUrl` is exported multiple times
    ,-[/app/lib/domain/index.ts:41:1]
 41 |   buildLocalRouteShareUrl,
 42 |   createRouteProgressState,
 43 |   parseRouteProgressState,
 44 |   buildGoogleMapsDirectionsUrl,
    :   ^^^^^^^^^^^^^^|^^^^^^^^^^^^^
    :                 `-- previous exported here
 45 |   buildGoogleMapsPlaceUrl,
 46 |   buildRouteMapUrl,
 47 |   buildRouteStopDetailUrl,
 48 |   formatDuration,
 49 |   parseStartTime,
 50 |   generateRouteDirections
 51 | } from './routes';
 52 | 
 53 | // YouTube
 54 | export { extractVideoId, detectSnsPlatform, getThumbnailUrl, isValidYoutubeUrl, isInstagramUrl, type SnsPlatform } from './youtube';
 55 | 
 56 | // Tour API
 57 | export { fetchTourApiData } from './tourapi';
 58 | 
 59 | // Docent
 60 | export { generateDocentCaption } from './docent';
 61 | 
 62 | // Facilities
 63 | export { FACILITY_ICONS, FACILITY_NAMES, type FacilityCategory } from './facilities';
 64 | 
 65 | // Routes
 66 | export { 
 67 |   ROUTE_THEMES, 
 68 |   CURRENT_ROUTE_STORAGE_KEY,
 69 |   ROUTE_PROGRESS_STORAGE_KEY,
 70 |   ROUTE_THEME_OPTIONS,
 71 |   type RouteTheme,
 72 |   type RouteDetailOption,
 73 |   type RouteThemeOption,
 74 |   type RouteStop,
 75 |   type RoutePlan,
 76 |   type RouteLeg,
 77 |   type RouteProgressState,
 78 |   type LocalizedRouteOptionCopy,
 79 |   type LocalizedRoutePlanCopy,
 80 |   isRouteTheme,
 81 |   getRouteDetails,
 82 |   isRouteDetailForTheme,
 83 |   generateMockRoutePlan,
 84 |   calculateWalkingMinutes,
 85 |   calculateRouteLegs,
 86 |   createLocalRoutePlan,
 87 |   encodeRoutePlanForShare,
 88 |   decodeRoutePlanFromShare,
 89 |   buildLocalRouteShareUrl,
 90 |   createRouteProgressState,
 91 |   parseRouteProgressState,
 92 |   buildGoogleMapsDirectionsUrl,
    :   ^^^^^^^^^^^^^^|^^^^^^^^^^^^^
    :                 `-- exported more than once
 93 |   buildGoogleMapsPlaceUrl,
 94 |   buildRouteMapUrl,
 94 |   buildRouteStopDetailUrl,
    `----

Error: 
  > Exported identifiers must be unique

  x the name `buildGoogleMapsPlaceUrl` is exported multiple times
    ,-[/app/lib/domain/index.ts:42:1]
 42 |   createRouteProgressState,
 43 |   parseRouteProgressState,
 44 |   buildGoogleMapsDirectionsUrl,
 45 |   buildGoogleMapsPlaceUrl,
    :   ^^^^^^^^^^^|^^^^^^^^^^^
    :              `-- previous exported here
 46 |   buildRouteMapUrl,
 47 |   buildRouteStopDetailUrl,
 48 |   formatDuration,
 49 |   parseStartTime,
 50 |   generateRouteDirections
 51 | } from './routes';
 52 | 
 53 | // YouTube
 54 | export { extractVideoId, detectSnsPlatform, getThumbnailUrl, isValidYoutubeUrl, isInstagramUrl, type SnsPlatform } from './youtube';
 55 | 
 56 | // Tour API
 57 | export { fetchTourApiData } from './tourapi';
 58 | 
 59 | // Docent
 60 | export { generateDocentCaption } from './docent';
 61 | 
 62 | // Facilities
 63 | export { FACILITY_ICONS, FACILITY_NAMES, type FacilityCategory } from './facilities';
 64 | 
 65 | // Routes
 66 | export { 
 67 |   ROUTE_THEMES, 
 68 |   CURRENT_ROUTE_STORAGE_KEY,
 69 |   ROUTE_PROGRESS_STORAGE_KEY,
 70 |   ROUTE_THEME_OPTIONS,
 71 |   type RouteTheme,
 72 |   type RouteDetailOption,
 73 |   type RouteThemeOption,
 74 |   type RouteStop,
 75 |   type RoutePlan,
 76 |   type RouteLeg,
 77 |   type RouteProgressState,
 78 |   type LocalizedRouteOptionCopy,
 79 |   type LocalizedRoutePlanCopy,
 80 |   isRouteTheme,
 81 |   getRouteDetails,
 82 |   isRouteDetailForTheme,
 83 |   generateMockRoutePlan,
 84 |   calculateWalkingMinutes,
 85 |   calculateRouteLegs,
 86 |   createLocalRoutePlan,
 87 |   encodeRoutePlanForShare,
 88 |   decodeRoutePlanFromShare,
 89 |   buildLocalRouteShareUrl,
 90 |   createRouteProgressState,
 91 |   parseRouteProgressState,
 92 |   buildGoogleMapsDirectionsUrl,
 93 |   buildGoogleMapsPlaceUrl,
    :   ^^^^^^^^^^^|^^^^^^^^^^^
    :              `-- exported more than once
 94 |   buildRouteMapUrl,
 95 |   buildRouteStopDetailUrl,
 95 |   formatDuration,
    `----

Error: 
  > Exported identifiers must be unique

  x the name `buildRouteMapUrl` is exported multiple times
    ,-[/app/lib/domain/index.ts:43:1]
 43 |   parseRouteProgressState,
 44 |   buildGoogleMapsDirectionsUrl,
 45 |   buildGoogleMapsPlaceUrl,
 46 |   buildRouteMapUrl,
    :   ^^^^^^^^|^^^^^^^
    :           `-- previous exported here
 47 |   buildRouteStopDetailUrl,
 48 |   formatDuration,
 49 |   parseStartTime,
 50 |   generateRouteDirections
 51 | } from './routes';
 52 | 
 53 | // YouTube
 54 | export { extractVideoId, detectSnsPlatform, getThumbnailUrl, isValidYoutubeUrl, isInstagramUrl, type SnsPlatform } from './youtube';
 55 | 
 56 | // Tour API
 57 | export { fetchTourApiData } from './tourapi';
 58 | 
 59 | // Docent
 60 | export { generateDocentCaption } from './docent';
 61 | 
 62 | // Facilities
 63 | export { FACILITY_ICONS, FACILITY_NAMES, type FacilityCategory } from './facilities';
 64 | 
 65 | // Routes
 66 | export { 
 67 |   ROUTE_THEMES, 
 68 |   CURRENT_ROUTE_STORAGE_KEY,
 69 |   ROUTE_PROGRESS_STORAGE_KEY,
 70 |   ROUTE_THEME_OPTIONS,
 71 |   type RouteTheme,
 72 |   type RouteDetailOption,
 73 |   type RouteThemeOption,
 74 |   type RouteStop,
 75 |   type RoutePlan,
 76 |   type RouteLeg,
 77 |   type RouteProgressState,
 78 |   type LocalizedRouteOptionCopy,
 79 |   type LocalizedRoutePlanCopy,
 80 |   isRouteTheme,
 81 |   getRouteDetails,
 82 |   isRouteDetailForTheme,
 83 |   generateMockRoutePlan,
 84 |   calculateWalkingMinutes,
 85 |   calculateRouteLegs,
 86 |   createLocalRoutePlan,
 87 |   encodeRoutePlanForShare,
 88 |   decodeRoutePlanFromShare,
 89 |   buildLocalRouteShareUrl,
 90 |   createRouteProgressState,
 91 |   parseRouteProgressState,
 92 |   buildGoogleMapsDirectionsUrl,
 93 |   buildGoogleMapsPlaceUrl,
 94 |   buildRouteMapUrl,
    :   ^^^^^^^^|^^^^^^^
    :           `-- exported more than once
 95 |   buildRouteStopDetailUrl,
 96 |   formatDuration,
 96 |   parseStartTime,
    `----

Error: 
  > Exported identifiers must be unique

  x the name `buildRouteStopDetailUrl` is exported multiple times
    ,-[/app/lib/domain/index.ts:44:1]
 44 |   buildGoogleMapsDirectionsUrl,
 45 |   buildGoogleMapsPlaceUrl,
 46 |   buildRouteMapUrl,
 47 |   buildRouteStopDetailUrl,
    :   ^^^^^^^^^^^|^^^^^^^^^^^
    :              `-- previous exported here
 48 |   formatDuration,
 49 |   parseStartTime,
 50 |   generateRouteDirections
 51 | } from './routes';
 52 | 
 53 | // YouTube
 54 | export { extractVideoId, detectSnsPlatform, getThumbnailUrl, isValidYoutubeUrl, isInstagramUrl, type SnsPlatform } from './youtube';
 55 | 
 56 | // Tour API
 57 | export { fetchTourApiData } from './tourapi';
 58 | 
 59 | // Docent
 60 | export { generateDocentCaption } from './docent';
 61 | 
 62 | // Facilities
 63 | export { FACILITY_ICONS, FACILITY_NAMES, type FacilityCategory } from './facilities';
 64 | 
 65 | // Routes
 66 | export { 
 67 |   ROUTE_THEMES, 
 68 |   CURRENT_ROUTE_STORAGE_KEY,
 69 |   ROUTE_PROGRESS_STORAGE_KEY,
 70 |   ROUTE_THEME_OPTIONS,
 71 |   type RouteTheme,
 72 |   type RouteDetailOption,
 73 |   type RouteThemeOption,
 74 |   type RouteStop,
 75 |   type RoutePlan,
 76 |   type RouteLeg,
 77 |   type RouteProgressState,
 78 |   type LocalizedRouteOptionCopy,
 79 |   type LocalizedRoutePlanCopy,
 80 |   isRouteTheme,
 81 |   getRouteDetails,
 82 |   isRouteDetailForTheme,
 83 |   generateMockRoutePlan,
 84 |   calculateWalkingMinutes,
 85 |   calculateRouteLegs,
 86 |   createLocalRoutePlan,
 87 |   encodeRoutePlanForShare,
 88 |   decodeRoutePlanFromShare,
 89 |   buildLocalRouteShareUrl,
 90 |   createRouteProgressState,
 91 |   parseRouteProgressState,
 92 |   buildGoogleMapsDirectionsUrl,
 93 |   buildGoogleMapsPlaceUrl,
 94 |   buildRouteMapUrl,
 95 |   buildRouteStopDetailUrl,
    :   ^^^^^^^^^^^|^^^^^^^^^^^
    :              `-- exported more than once
 96 |   formatDuration,
 97 |   parseStartTime,
 97 |   generateRouteDirections
    `----

Error: 
  > Exported identifiers must be unique

  x the name `formatDuration` is exported multiple times
    ,-[/app/lib/domain/index.ts:45:1]
 45 |   buildGoogleMapsPlaceUrl,
 46 |   buildRouteMapUrl,
 47 |   buildRouteStopDetailUrl,
 48 |   formatDuration,
    :   ^^^^^^^|^^^^^^
    :          `-- previous exported here
 49 |   parseStartTime,
 50 |   generateRouteDirections
 51 | } from './routes';
 52 | 
 53 | // YouTube
 54 | export { extractVideoId, detectSnsPlatform, getThumbnailUrl, isValidYoutubeUrl, isInstagramUrl, type SnsPlatform } from './youtube';
 55 | 
 56 | // Tour API
 57 | export { fetchTourApiData } from './tourapi';
 58 | 
 59 | // Docent
 60 | export { generateDocentCaption } from './docent';
 61 | 
 62 | // Facilities
 63 | export { FACILITY_ICONS, FACILITY_NAMES, type FacilityCategory } from './facilities';
 64 | 
 65 | // Routes
 66 | export { 
 67 |   ROUTE_THEMES, 
 68 |   CURRENT_ROUTE_STORAGE_KEY,
 69 |   ROUTE_PROGRESS_STORAGE_KEY,
 70 |   ROUTE_THEME_OPTIONS,
 71 |   type RouteTheme,
 72 |   type RouteDetailOption,
 73 |   type RouteThemeOption,
 74 |   type RouteStop,
 75 |   type RoutePlan,
 76 |   type RouteLeg,
 77 |   type RouteProgressState,
 78 |   type LocalizedRouteOptionCopy,
 79 |   type LocalizedRoutePlanCopy,
 80 |   isRouteTheme,
 81 |   getRouteDetails,
 82 |   isRouteDetailForTheme,
 83 |   generateMockRoutePlan,
 84 |   calculateWalkingMinutes,
 85 |   calculateRouteLegs,
 86 |   createLocalRoutePlan,
 87 |   encodeRoutePlanForShare,
 88 |   decodeRoutePlanFromShare,
 89 |   buildLocalRouteShareUrl,
 90 |   createRouteProgressState,
 91 |   parseRouteProgressState,
 92 |   buildGoogleMapsDirectionsUrl,
 93 |   buildGoogleMapsPlaceUrl,
 94 |   buildRouteMapUrl,
 95 |   buildRouteStopDetailUrl,
 96 |   formatDuration,
    :   ^^^^^^^|^^^^^^
    :          `-- exported more than once
 97 |   parseStartTime,
 98 |   generateRouteDirections
 98 | } from './routes';
    `----

Error: 
  > Exported identifiers must be unique

  x the name `parseStartTime` is exported multiple times
    ,-[/app/lib/domain/index.ts:46:1]
 46 |   buildRouteMapUrl,
 47 |   buildRouteStopDetailUrl,
 48 |   formatDuration,
 49 |   parseStartTime,
    :   ^^^^^^^|^^^^^^
    :          `-- previous exported here
 50 |   generateRouteDirections
 51 | } from './routes';
 52 | 
 53 | // YouTube
 54 | export { extractVideoId, detectSnsPlatform, getThumbnailUrl, isValidYoutubeUrl, isInstagramUrl, type SnsPlatform } from './youtube';
 55 | 
 56 | // Tour API
 57 | export { fetchTourApiData } from './tourapi';
 58 | 
 59 | // Docent
 60 | export { generateDocentCaption } from './docent';
 61 | 
 62 | // Facilities
 63 | export { FACILITY_ICONS, FACILITY_NAMES, type FacilityCategory } from './facilities';
 64 | 
 65 | // Routes
 66 | export { 
 67 |   ROUTE_THEMES, 
 68 |   CURRENT_ROUTE_STORAGE_KEY,
 69 |   ROUTE_PROGRESS_STORAGE_KEY,
 70 |   ROUTE_THEME_OPTIONS,
 71 |   type RouteTheme,
 72 |   type RouteDetailOption,
 73 |   type RouteThemeOption,
 74 |   type RouteStop,
 75 |   type RoutePlan,
 76 |   type RouteLeg,
 77 |   type RouteProgressState,
 78 |   type LocalizedRouteOptionCopy,
 79 |   type LocalizedRoutePlanCopy,
 80 |   isRouteTheme,
 81 |   getRouteDetails,
 82 |   isRouteDetailForTheme,
 83 |   generateMockRoutePlan,
 84 |   calculateWalkingMinutes,
 85 |   calculateRouteLegs,
 86 |   createLocalRoutePlan,
 87 |   encodeRoutePlanForShare,
 88 |   decodeRoutePlanFromShare,
 89 |   buildLocalRouteShareUrl,
 90 |   createRouteProgressState,
 91 |   parseRouteProgressState,
 92 |   buildGoogleMapsDirectionsUrl,
 93 |   buildGoogleMapsPlaceUrl,
 94 |   buildRouteMapUrl,
 95 |   buildRouteStopDetailUrl,
 96 |   formatDuration,
 97 |   parseStartTime,
    :   ^^^^^^^|^^^^^^
    :          `-- exported more than once
 98 |   generateRouteDirections
 99 | } from './routes';
 99 | 
    `----

Error: 
  > Exported identifiers must be unique

  x the name `generateRouteDirections` is exported multiple times
     ,-[/app/lib/domain/index.ts:47:1]
  47 |   buildRouteStopDetailUrl,
  48 |   formatDuration,
  49 |   parseStartTime,
  50 |   generateRouteDirections
     :   ^^^^^^^^^^^|^^^^^^^^^^^
     :              `-- previous exported here
  51 | } from './routes';
  52 | 
  53 | // YouTube
  54 | export { extractVideoId, detectSnsPlatform, getThumbnailUrl, isValidYoutubeUrl, isInstagramUrl, type SnsPlatform } from './youtube';
  55 | 
  56 | // Tour API
  57 | export { fetchTourApiData } from './tourapi';
  58 | 
  59 | // Docent
  60 | export { generateDocentCaption } from './docent';
  61 | 
  62 | // Facilities
  63 | export { FACILITY_ICONS, FACILITY_NAMES, type FacilityCategory } from './facilities';
  64 | 
  65 | // Routes
  66 | export { 
  67 |   ROUTE_THEMES, 
  68 |   CURRENT_ROUTE_STORAGE_KEY,
  69 |   ROUTE_PROGRESS_STORAGE_KEY,
  70 |   ROUTE_THEME_OPTIONS,
  71 |   type RouteTheme,
  72 |   type RouteDetailOption,
  73 |   type RouteThemeOption,
  74 |   type RouteStop,
  75 |   type RoutePlan,
  76 |   type RouteLeg,
  77 |   type RouteProgressState,
  78 |   type LocalizedRouteOptionCopy,
  79 |   type LocalizedRoutePlanCopy,
  80 |   isRouteTheme,
  81 |   getRouteDetails,
  82 |   isRouteDetailForTheme,
  83 |   generateMockRoutePlan,
  84 |   calculateWalkingMinutes,
  85 |   calculateRouteLegs,
  86 |   createLocalRoutePlan,
  87 |   encodeRoutePlanForShare,
  88 |   decodeRoutePlanFromShare,
  89 |   buildLocalRouteShareUrl,
  90 |   createRouteProgressState,
  91 |   parseRouteProgressState,
  92 |   buildGoogleMapsDirectionsUrl,
  93 |   buildGoogleMapsPlaceUrl,
  94 |   buildRouteMapUrl,
  95 |   buildRouteStopDetailUrl,
  96 |   formatDuration,
  97 |   parseStartTime,
  98 |   generateRouteDirections
     :   ^^^^^^^^^^^|^^^^^^^^^^^
     :              `-- exported more than once
  99 | } from './routes';
 100 | 
 100 | // YouTube
     `----

Error: 
  > Exported identifiers must be unique

  x the name `extractVideoId` is exported multiple times
     ,-[/app/lib/domain/index.ts:51:1]
  51 | } from './routes';
  52 | 
  53 | // YouTube
  54 | export { extractVideoId, detectSnsPlatform, getThumbnailUrl, isValidYoutubeUrl, isInstagramUrl, type SnsPlatform } from './youtube';
     :          ^^^^^^^|^^^^^^
     :                 `-- previous exported here
  55 | 
  56 | // Tour API
  57 | export { fetchTourApiData } from './tourapi';
  58 | 
  59 | // Docent
  60 | export { generateDocentCaption } from './docent';
  61 | 
  62 | // Facilities
  63 | export { FACILITY_ICONS, FACILITY_NAMES, type FacilityCategory } from './facilities';
  64 | 
  65 | // Routes
  66 | export { 
  67 |   ROUTE_THEMES, 
  68 |   CURRENT_ROUTE_STORAGE_KEY,
  69 |   ROUTE_PROGRESS_STORAGE_KEY,
  70 |   ROUTE_THEME_OPTIONS,
  71 |   type RouteTheme,
  72 |   type RouteDetailOption,
  73 |   type RouteThemeOption,
  74 |   type RouteStop,
  75 |   type RoutePlan,
  76 |   type RouteLeg,
  77 |   type RouteProgressState,
  78 |   type LocalizedRouteOptionCopy,
  79 |   type LocalizedRoutePlanCopy,
  80 |   isRouteTheme,
  81 |   getRouteDetails,
  82 |   isRouteDetailForTheme,
  83 |   generateMockRoutePlan,
  84 |   calculateWalkingMinutes,
  85 |   calculateRouteLegs,
  86 |   createLocalRoutePlan,
  87 |   encodeRoutePlanForShare,
  88 |   decodeRoutePlanFromShare,
  89 |   buildLocalRouteShareUrl,
  90 |   createRouteProgressState,
  91 |   parseRouteProgressState,
  92 |   buildGoogleMapsDirectionsUrl,
  93 |   buildGoogleMapsPlaceUrl,
  94 |   buildRouteMapUrl,
  95 |   buildRouteStopDetailUrl,
  96 |   formatDuration,
  97 |   parseStartTime,
  98 |   generateRouteDirections
  99 | } from './routes';
 100 | 
 101 | // YouTube
 102 | export { extractVideoId, detectSnsPlatform, getThumbnailUrl, isValidYoutubeUrl, isInstagramUrl, type SnsPlatform } from './youtube';
     :          ^^^^^^^|^^^^^^
     :                 `-- exported more than once
 103 | 
 104 | // Tour API
 104 | export { fetchTourApiData } from './tourapi';
     `----

Error: 
  > Exported identifiers must be unique

  x the name `detectSnsPlatform` is exported multiple times
     ,-[/app/lib/domain/index.ts:51:1]
  51 | } from './routes';
  52 | 
  53 | // YouTube
  54 | export { extractVideoId, detectSnsPlatform, getThumbnailUrl, isValidYoutubeUrl, isInstagramUrl, type SnsPlatform } from './youtube';
     :                          ^^^^^^^^|^^^^^^^^
     :                                  `-- previous exported here
  55 | 
  56 | // Tour API
  57 | export { fetchTourApiData } from './tourapi';
  58 | 
  59 | // Docent
  60 | export { generateDocentCaption } from './docent';
  61 | 
  62 | // Facilities
  63 | export { FACILITY_ICONS, FACILITY_NAMES, type FacilityCategory } from './facilities';
  64 | 
  65 | // Routes
  66 | export { 
  67 |   ROUTE_THEMES, 
  68 |   CURRENT_ROUTE_STORAGE_KEY,
  69 |   ROUTE_PROGRESS_STORAGE_KEY,
  70 |   ROUTE_THEME_OPTIONS,
  71 |   type RouteTheme,
  72 |   type RouteDetailOption,
  73 |   type RouteThemeOption,
  74 |   type RouteStop,
  75 |   type RoutePlan,
  76 |   type RouteLeg,
  77 |   type RouteProgressState,
  78 |   type LocalizedRouteOptionCopy,
  79 |   type LocalizedRoutePlanCopy,
  80 |   isRouteTheme,
  81 |   getRouteDetails,
  82 |   isRouteDetailForTheme,
  83 |   generateMockRoutePlan,
  84 |   calculateWalkingMinutes,
  85 |   calculateRouteLegs,
  86 |   createLocalRoutePlan,
  87 |   encodeRoutePlanForShare,
  88 |   decodeRoutePlanFromShare,
  89 |   buildLocalRouteShareUrl,
  90 |   createRouteProgressState,
  91 |   parseRouteProgressState,
  92 |   buildGoogleMapsDirectionsUrl,
  93 |   buildGoogleMapsPlaceUrl,
  94 |   buildRouteMapUrl,
  95 |   buildRouteStopDetailUrl,
  96 |   formatDuration,
  97 |   parseStartTime,
  98 |   generateRouteDirections
  99 | } from './routes';
 100 | 
 101 | // YouTube
 102 | export { extractVideoId, detectSnsPlatform, getThumbnailUrl, isValidYoutubeUrl, isInstagramUrl, type SnsPlatform } from './youtube';
     :                          ^^^^^^^^|^^^^^^^^
     :                                  `-- exported more than once
 103 | 
 104 | // Tour API
 104 | export { fetchTourApiData } from './tourapi';
     `----

Error: 
  > Exported identifiers must be unique

  x the name `getThumbnailUrl` is exported multiple times
     ,-[/app/lib/domain/index.ts:51:1]
  51 | } from './routes';
  52 | 
  53 | // YouTube
  54 | export { extractVideoId, detectSnsPlatform, getThumbnailUrl, isValidYoutubeUrl, isInstagramUrl, type SnsPlatform } from './youtube';
     :                                             ^^^^^^^|^^^^^^^
     :                                                    `-- previous exported here
  55 | 
  56 | // Tour API
  57 | export { fetchTourApiData } from './tourapi';
  58 | 
  59 | // Docent
  60 | export { generateDocentCaption } from './docent';
  61 | 
  62 | // Facilities
  63 | export { FACILITY_ICONS, FACILITY_NAMES, type FacilityCategory } from './facilities';
  64 | 
  65 | // Routes
  66 | export { 
  67 |   ROUTE_THEMES, 
  68 |   CURRENT_ROUTE_STORAGE_KEY,
  69 |   ROUTE_PROGRESS_STORAGE_KEY,
  70 |   ROUTE_THEME_OPTIONS,
  71 |   type RouteTheme,
  72 |   type RouteDetailOption,
  73 |   type RouteThemeOption,
  74 |   type RouteStop,
  75 |   type RoutePlan,
  76 |   type RouteLeg,
  77 |   type RouteProgressState,
  78 |   type LocalizedRouteOptionCopy,
  79 |   type LocalizedRoutePlanCopy,
  80 |   isRouteTheme,
  81 |   getRouteDetails,
  82 |   isRouteDetailForTheme,
  83 |   generateMockRoutePlan,
  84 |   calculateWalkingMinutes,
  85 |   calculateRouteLegs,
  86 |   createLocalRoutePlan,
  87 |   encodeRoutePlanForShare,
  88 |   decodeRoutePlanFromShare,
  89 |   buildLocalRouteShareUrl,
  90 |   createRouteProgressState,
  91 |   parseRouteProgressState,
  92 |   buildGoogleMapsDirectionsUrl,
  93 |   buildGoogleMapsPlaceUrl,
  94 |   buildRouteMapUrl,
  95 |   buildRouteStopDetailUrl,
  96 |   formatDuration,
  97 |   parseStartTime,
  98 |   generateRouteDirections
  99 | } from './routes';
 100 | 
 101 | // YouTube
 102 | export { extractVideoId, detectSnsPlatform, getThumbnailUrl, isValidYoutubeUrl, isInstagramUrl, type SnsPlatform } from './youtube';
     :                                             ^^^^^^^|^^^^^^^
     :                                                    `-- exported more than once
 103 | 
 104 | // Tour API
 104 | export { fetchTourApiData } from './tourapi';
     `----

Error: 
  > Exported identifiers must be unique

  x the name `isValidYoutubeUrl` is exported multiple times
     ,-[/app/lib/domain/index.ts:51:1]
  51 | } from './routes';
  52 | 
  53 | // YouTube
  54 | export { extractVideoId, detectSnsPlatform, getThumbnailUrl, isValidYoutubeUrl, isInstagramUrl, type SnsPlatform } from './youtube';
     :                                                              ^^^^^^^^|^^^^^^^^
     :                                                                      `-- previous exported here
  55 | 
  56 | // Tour API
  57 | export { fetchTourApiData } from './tourapi';
  58 | 
  59 | // Docent
  60 | export { generateDocentCaption } from './docent';
  61 | 
  62 | // Facilities
  63 | export { FACILITY_ICONS, FACILITY_NAMES, type FacilityCategory } from './facilities';
  64 | 
  65 | // Routes
  66 | export { 
  67 |   ROUTE_THEMES, 
  68 |   CURRENT_ROUTE_STORAGE_KEY,
  69 |   ROUTE_PROGRESS_STORAGE_KEY,
  70 |   ROUTE_THEME_OPTIONS,
  71 |   type RouteTheme,
  72 |   type RouteDetailOption,
  73 |   type RouteThemeOption,
  74 |   type RouteStop,
  75 |   type RoutePlan,
  76 |   type RouteLeg,
  77 |   type RouteProgressState,
  78 |   type LocalizedRouteOptionCopy,
  79 |   type LocalizedRoutePlanCopy,
  80 |   isRouteTheme,
  81 |   getRouteDetails,
  82 |   isRouteDetailForTheme,
  83 |   generateMockRoutePlan,
  84 |   calculateWalkingMinutes,
  85 |   calculateRouteLegs,
  86 |   createLocalRoutePlan,
  87 |   encodeRoutePlanForShare,
  88 |   decodeRoutePlanFromShare,
  89 |   buildLocalRouteShareUrl,
  90 |   createRouteProgressState,
  91 |   parseRouteProgressState,
  92 |   buildGoogleMapsDirectionsUrl,
  93 |   buildGoogleMapsPlaceUrl,
  94 |   buildRouteMapUrl,
  95 |   buildRouteStopDetailUrl,
  96 |   formatDuration,
  97 |   parseStartTime,
  98 |   generateRouteDirections
  99 | } from './routes';
 100 | 
 101 | // YouTube
 102 | export { extractVideoId, detectSnsPlatform, getThumbnailUrl, isValidYoutubeUrl, isInstagramUrl, type SnsPlatform } from './youtube';
     :                                                              ^^^^^^^^|^^^^^^^^
     :                                                                      `-- exported more than once
 103 | 
 104 | // Tour API
 104 | export { fetchTourApiData } from './tourapi';
     `----

Error: 
  > Exported identifiers must be unique

  x the name `isInstagramUrl` is exported multiple times
     ,-[/app/lib/domain/index.ts:51:1]
  51 | } from './routes';
  52 | 
  53 | // YouTube
  54 | export { extractVideoId, detectSnsPlatform, getThumbnailUrl, isValidYoutubeUrl, isInstagramUrl, type SnsPlatform } from './youtube';
     :                                                                                 ^^^^^^^|^^^^^^
     :                                                                                        `-- previous exported here
  55 | 
  56 | // Tour API
  57 | export { fetchTourApiData } from './tourapi';
  58 | 
  59 | // Docent
  60 | export { generateDocentCaption } from './docent';
  61 | 
  62 | // Facilities
  63 | export { FACILITY_ICONS, FACILITY_NAMES, type FacilityCategory } from './facilities';
  64 | 
  65 | // Routes
  66 | export { 
  67 |   ROUTE_THEMES, 
  68 |   CURRENT_ROUTE_STORAGE_KEY,
  69 |   ROUTE_PROGRESS_STORAGE_KEY,
  70 |   ROUTE_THEME_OPTIONS,
  71 |   type RouteTheme,
  72 |   type RouteDetailOption,
  73 |   type RouteThemeOption,
  74 |   type RouteStop,
  75 |   type RoutePlan,
  76 |   type RouteLeg,
  77 |   type RouteProgressState,
  78 |   type LocalizedRouteOptionCopy,
  79 |   type LocalizedRoutePlanCopy,
  80 |   isRouteTheme,
  81 |   getRouteDetails,
  82 |   isRouteDetailForTheme,
  83 |   generateMockRoutePlan,
  84 |   calculateWalkingMinutes,
  85 |   calculateRouteLegs,
  86 |   createLocalRoutePlan,
  87 |   encodeRoutePlanForShare,
  88 |   decodeRoutePlanFromShare,
  89 |   buildLocalRouteShareUrl,
  90 |   createRouteProgressState,
  91 |   parseRouteProgressState,
  92 |   buildGoogleMapsDirectionsUrl,
  93 |   buildGoogleMapsPlaceUrl,
  94 |   buildRouteMapUrl,
  95 |   buildRouteStopDetailUrl,
  96 |   formatDuration,
  97 |   parseStartTime,
  98 |   generateRouteDirections
  99 | } from './routes';
 100 | 
 101 | // YouTube
 102 | export { extractVideoId, detectSnsPlatform, getThumbnailUrl, isValidYoutubeUrl, isInstagramUrl, type SnsPlatform } from './youtube';
     :                                                                                 ^^^^^^^|^^^^^^
     :                                                                                        `-- exported more than once
 103 | 
 104 | // Tour API
 104 | export { fetchTourApiData } from './tourapi';
     `----

Error: 
  > Exported identifiers must be unique

  x the name `SnsPlatform` is exported multiple times
     ,-[/app/lib/domain/index.ts:51:1]
  51 | } from './routes';
  52 | 
  53 | // YouTube
  54 | export { extractVideoId, detectSnsPlatform, getThumbnailUrl, isValidYoutubeUrl, isInstagramUrl, type SnsPlatform } from './youtube';
     :                                                                                                      ^^^^^|^^^^^
     :                                                                                                           `-- previous exported here
  55 | 
  56 | // Tour API
  57 | export { fetchTourApiData } from './tourapi';
  58 | 
  59 | // Docent
  60 | export { generateDocentCaption } from './docent';
  61 | 
  62 | // Facilities
  63 | export { FACILITY_ICONS, FACILITY_NAMES, type FacilityCategory } from './facilities';
  64 | 
  65 | // Routes
  66 | export { 
  67 |   ROUTE_THEMES, 
  68 |   CURRENT_ROUTE_STORAGE_KEY,
  69 |   ROUTE_PROGRESS_STORAGE_KEY,
  70 |   ROUTE_THEME_OPTIONS,
  71 |   type RouteTheme,
  72 |   type RouteDetailOption,
  73 |   type RouteThemeOption,
  74 |   type RouteStop,
  75 |   type RoutePlan,
  76 |   type RouteLeg,
  77 |   type RouteProgressState,
  78 |   type LocalizedRouteOptionCopy,
  79 |   type LocalizedRoutePlanCopy,
  80 |   isRouteTheme,
  81 |   getRouteDetails,
  82 |   isRouteDetailForTheme,
  83 |   generateMockRoutePlan,
  84 |   calculateWalkingMinutes,
  85 |   calculateRouteLegs,
  86 |   createLocalRoutePlan,
  87 |   encodeRoutePlanForShare,
  88 |   decodeRoutePlanFromShare,
  89 |   buildLocalRouteShareUrl,
  90 |   createRouteProgressState,
  91 |   parseRouteProgressState,
  92 |   buildGoogleMapsDirectionsUrl,
  93 |   buildGoogleMapsPlaceUrl,
  94 |   buildRouteMapUrl,
  95 |   buildRouteStopDetailUrl,
  96 |   formatDuration,
  97 |   parseStartTime,
  98 |   generateRouteDirections
  99 | } from './routes';
 100 | 
 101 | // YouTube
 102 | export { extractVideoId, detectSnsPlatform, getThumbnailUrl, isValidYoutubeUrl, isInstagramUrl, type SnsPlatform } from './youtube';
     :                                                                                                      ^^^^^|^^^^^
     :                                                                                                           `-- exported more than once
 103 | 
 104 | // Tour API
 104 | export { fetchTourApiData } from './tourapi';
     `----

Error: 
  > Exported identifiers must be unique

  x the name `fetchTourApiData` is exported multiple times
     ,-[/app/lib/domain/index.ts:54:1]
  54 | export { extractVideoId, detectSnsPlatform, getThumbnailUrl, isValidYoutubeUrl, isInstagramUrl, type SnsPlatform } from './youtube';
  55 | 
  56 | // Tour API
  57 | export { fetchTourApiData } from './tourapi';
     :          ^^^^^^^^|^^^^^^^
     :                  `-- previous exported here
  58 | 
  59 | // Docent
  60 | export { generateDocentCaption } from './docent';
  61 | 
  62 | // Facilities
  63 | export { FACILITY_ICONS, FACILITY_NAMES, type FacilityCategory } from './facilities';
  64 | 
  65 | // Routes
  66 | export { 
  67 |   ROUTE_THEMES, 
  68 |   CURRENT_ROUTE_STORAGE_KEY,
  69 |   ROUTE_PROGRESS_STORAGE_KEY,
  70 |   ROUTE_THEME_OPTIONS,
  71 |   type RouteTheme,
  72 |   type RouteDetailOption,
  73 |   type RouteThemeOption,
  74 |   type RouteStop,
  75 |   type RoutePlan,
  76 |   type RouteLeg,
  77 |   type RouteProgressState,
  78 |   type LocalizedRouteOptionCopy,
  79 |   type LocalizedRoutePlanCopy,
  80 |   isRouteTheme,
  81 |   getRouteDetails,
  82 |   isRouteDetailForTheme,
  83 |   generateMockRoutePlan,
  84 |   calculateWalkingMinutes,
  85 |   calculateRouteLegs,
  86 |   createLocalRoutePlan,
  87 |   encodeRoutePlanForShare,
  88 |   decodeRoutePlanFromShare,
  89 |   buildLocalRouteShareUrl,
  90 |   createRouteProgressState,
  91 |   parseRouteProgressState,
  92 |   buildGoogleMapsDirectionsUrl,
  93 |   buildGoogleMapsPlaceUrl,
  94 |   buildRouteMapUrl,
  95 |   buildRouteStopDetailUrl,
  96 |   formatDuration,
  97 |   parseStartTime,
  98 |   generateRouteDirections
  99 | } from './routes';
 100 | 
 101 | // YouTube
 102 | export { extractVideoId, detectSnsPlatform, getThumbnailUrl, isValidYoutubeUrl, isInstagramUrl, type SnsPlatform } from './youtube';
 103 | 
 104 | // Tour API
 105 | export { fetchTourApiData } from './tourapi';
     :          ^^^^^^^^|^^^^^^^
     :                  `-- exported more than once
     `----

Error: 
  > Exported identifiers must be unique

Import trace for requested module:
./lib/domain/index.ts
./app/[locale]/page.tsx

./lib/domain/index.ts
Error: 
  x the name `generateDocentCaption` is exported multiple times
    ,-[/app/lib/domain/index.ts:9:1]
  9 | export { toCrowdLevel, isCrowdLevel, CROWD_DOT_CLASS, CROWD_TEXT_CLASS, type CrowdLevel } from './crowd';
 10 | 
 11 | // Docent
 12 | export { generateDocentCaption } from './docent';
    :          ^^^^^^^^^^|^^^^^^^^^^
    :                    `-- previous exported here
 13 | 
 14 | // Facilities
 15 | export { FACILITY_ICONS, FACILITY_NAMES, type FacilityCategory } from './facilities';
 16 | 
 17 | // Routes
 18 | export { 
 19 |   ROUTE_THEMES, 
 20 |   CURRENT_ROUTE_STORAGE_KEY,
 21 |   ROUTE_PROGRESS_STORAGE_KEY,
 22 |   ROUTE_THEME_OPTIONS,
 23 |   type RouteTheme,
 24 |   type RouteDetailOption,
 25 |   type RouteThemeOption,
 26 |   type RouteStop,
 27 |   type RoutePlan,
 28 |   type RouteLeg,
 29 |   type RouteProgressState,
 30 |   type LocalizedRouteOptionCopy,
 31 |   type LocalizedRoutePlanCopy,
 32 |   isRouteTheme,
 33 |   getRouteDetails,
 34 |   isRouteDetailForTheme,
 35 |   generateMockRoutePlan,
 36 |   calculateWalkingMinutes,
 37 |   calculateRouteLegs,
 38 |   createLocalRoutePlan,
 39 |   encodeRoutePlanForShare,
 40 |   decodeRoutePlanFromShare,
 41 |   buildLocalRouteShareUrl,
 42 |   createRouteProgressState,
 43 |   parseRouteProgressState,
 44 |   buildGoogleMapsDirectionsUrl,
 45 |   buildGoogleMapsPlaceUrl,
 46 |   buildRouteMapUrl,
 47 |   buildRouteStopDetailUrl,
 48 |   formatDuration,
 49 |   parseStartTime,
 50 |   generateRouteDirections
 51 | } from './routes';
 52 | 
 53 | // YouTube
 54 | export { extractVideoId, detectSnsPlatform, getThumbnailUrl, isValidYoutubeUrl, isInstagramUrl, type SnsPlatform } from './youtube';
 55 | 
 56 | // Tour API
 57 | export { fetchTourApiData } from './tourapi';
 58 | 
 59 | // Docent
 60 | export { generateDocentCaption } from './docent';
    :          ^^^^^^^^^^|^^^^^^^^^^
    :                    `-- exported more than once
 61 | 
 62 | // Facilities
 62 | export { FACILITY_ICONS, FACILITY_NAMES, type FacilityCategory } from './facilities';
    `----

Error: 
  > Exported identifiers must be unique

  x the name `FACILITY_ICONS` is exported multiple times
    ,-[/app/lib/domain/index.ts:12:1]
 12 | export { generateDocentCaption } from './docent';
 13 | 
 14 | // Facilities
 15 | export { FACILITY_ICONS, FACILITY_NAMES, type FacilityCategory } from './facilities';
    :          ^^^^^^^|^^^^^^
    :                 `-- previous exported here
 16 | 
 17 | // Routes
 18 | export { 
 19 |   ROUTE_THEMES, 
 20 |   CURRENT_ROUTE_STORAGE_KEY,
 21 |   ROUTE_PROGRESS_STORAGE_KEY,
 22 |   ROUTE_THEME_OPTIONS,
 23 |   type RouteTheme,
 24 |   type RouteDetailOption,
 25 |   type RouteThemeOption,
 26 |   type RouteStop,
 27 |   type RoutePlan,
 28 |   type RouteLeg,
 29 |   type RouteProgressState,
 30 |   type LocalizedRouteOptionCopy,
 31 |   type LocalizedRoutePlanCopy,
 32 |   isRouteTheme,
 33 |   getRouteDetails,
 34 |   isRouteDetailForTheme,
 35 |   generateMockRoutePlan,
 36 |   calculateWalkingMinutes,
 37 |   calculateRouteLegs,
 38 |   createLocalRoutePlan,
 39 |   encodeRoutePlanForShare,
 40 |   decodeRoutePlanFromShare,
 41 |   buildLocalRouteShareUrl,
 42 |   createRouteProgressState,
 43 |   parseRouteProgressState,
 44 |   buildGoogleMapsDirectionsUrl,
 45 |   buildGoogleMapsPlaceUrl,
 46 |   buildRouteMapUrl,
 47 |   buildRouteStopDetailUrl,
 48 |   formatDuration,
 49 |   parseStartTime,
 50 |   generateRouteDirections
 51 | } from './routes';
 52 | 
 53 | // YouTube
 54 | export { extractVideoId, detectSnsPlatform, getThumbnailUrl, isValidYoutubeUrl, isInstagramUrl, type SnsPlatform } from './youtube';
 55 | 
 56 | // Tour API
 57 | export { fetchTourApiData } from './tourapi';
 58 | 
 59 | // Docent
 60 | export { generateDocentCaption } from './docent';
 61 | 
 62 | // Facilities
 63 | export { FACILITY_ICONS, FACILITY_NAMES, type FacilityCategory } from './facilities';
    :          ^^^^^^^|^^^^^^
    :                 `-- exported more than once
 64 | 
 65 | // Routes
 65 | export { 
    `----

Error: 
  > Exported identifiers must be unique

  x the name `FACILITY_NAMES` is exported multiple times
    ,-[/app/lib/domain/index.ts:12:1]
 12 | export { generateDocentCaption } from './docent';
 13 | 
 14 | // Facilities
 15 | export { FACILITY_ICONS, FACILITY_NAMES, type FacilityCategory } from './facilities';
    :                          ^^^^^^^|^^^^^^
    :                                 `-- previous exported here
 16 | 
 17 | // Routes
 18 | export { 
 19 |   ROUTE_THEMES, 
 20 |   CURRENT_ROUTE_STORAGE_KEY,
 21 |   ROUTE_PROGRESS_STORAGE_KEY,
 22 |   ROUTE_THEME_OPTIONS,
 23 |   type RouteTheme,
 24 |   type RouteDetailOption,
 25 |   type RouteThemeOption,
 26 |   type RouteStop,
 27 |   type RoutePlan,
 28 |   type RouteLeg,
 29 |   type RouteProgressState,
 30 |   type LocalizedRouteOptionCopy,
 31 |   type LocalizedRoutePlanCopy,
 32 |   isRouteTheme,
 33 |   getRouteDetails,
 34 |   isRouteDetailForTheme,
 35 |   generateMockRoutePlan,
 36 |   calculateWalkingMinutes,
 37 |   calculateRouteLegs,
 38 |   createLocalRoutePlan,
 39 |   encodeRoutePlanForShare,
 40 |   decodeRoutePlanFromShare,
 41 |   buildLocalRouteShareUrl,
 42 |   createRouteProgressState,
 43 |   parseRouteProgressState,
 44 |   buildGoogleMapsDirectionsUrl,
 45 |   buildGoogleMapsPlaceUrl,
 46 |   buildRouteMapUrl,
 47 |   buildRouteStopDetailUrl,
 48 |   formatDuration,
 49 |   parseStartTime,
 50 |   generateRouteDirections
 51 | } from './routes';
 52 | 
 53 | // YouTube
 54 | export { extractVideoId, detectSnsPlatform, getThumbnailUrl, isValidYoutubeUrl, isInstagramUrl, type SnsPlatform } from './youtube';
 55 | 
 56 | // Tour API
 57 | export { fetchTourApiData } from './tourapi';
 58 | 
 59 | // Docent
 60 | export { generateDocentCaption } from './docent';
 61 | 
 62 | // Facilities
 63 | export { FACILITY_ICONS, FACILITY_NAMES, type FacilityCategory } from './facilities';
    :                          ^^^^^^^|^^^^^^
    :                                 `-- exported more than once
 64 | 
 65 | // Routes
 65 | export { 
    `----

Error: 
  > Exported identifiers must be unique

  x the name `FacilityCategory` is exported multiple times
    ,-[/app/lib/domain/index.ts:12:1]
 12 | export { generateDocentCaption } from './docent';
 13 | 
 14 | // Facilities
 15 | export { FACILITY_ICONS, FACILITY_NAMES, type FacilityCategory } from './facilities';
    :                                               ^^^^^^^^|^^^^^^^
    :                                                       `-- previous exported here
 16 | 
 17 | // Routes
 18 | export { 
 19 |   ROUTE_THEMES, 
 20 |   CURRENT_ROUTE_STORAGE_KEY,
 21 |   ROUTE_PROGRESS_STORAGE_KEY,
 22 |   ROUTE_THEME_OPTIONS,
 23 |   type RouteTheme,
 24 |   type RouteDetailOption,
 25 |   type RouteThemeOption,
 26 |   type RouteStop,
 27 |   type RoutePlan,
 28 |   type RouteLeg,
 29 |   type RouteProgressState,
 30 |   type LocalizedRouteOptionCopy,
 31 |   type LocalizedRoutePlanCopy,
 32 |   isRouteTheme,
 33 |   getRouteDetails,
 34 |   isRouteDetailForTheme,
 35 |   generateMockRoutePlan,
 36 |   calculateWalkingMinutes,
 37 |   calculateRouteLegs,
 38 |   createLocalRoutePlan,
 39 |   encodeRoutePlanForShare,
 40 |   decodeRoutePlanFromShare,
 41 |   buildLocalRouteShareUrl,
 42 |   createRouteProgressState,
 43 |   parseRouteProgressState,
 44 |   buildGoogleMapsDirectionsUrl,
 45 |   buildGoogleMapsPlaceUrl,
 46 |   buildRouteMapUrl,
 47 |   buildRouteStopDetailUrl,
 48 |   formatDuration,
 49 |   parseStartTime,
 50 |   generateRouteDirections
 51 | } from './routes';
 52 | 
 53 | // YouTube
 54 | export { extractVideoId, detectSnsPlatform, getThumbnailUrl, isValidYoutubeUrl, isInstagramUrl, type SnsPlatform } from './youtube';
 55 | 
 56 | // Tour API
 57 | export { fetchTourApiData } from './tourapi';
 58 | 
 59 | // Docent
 60 | export { generateDocentCaption } from './docent';
 61 | 
 62 | // Facilities
 63 | export { FACILITY_ICONS, FACILITY_NAMES, type FacilityCategory } from './facilities';
    :                                               ^^^^^^^^|^^^^^^^
    :                                                       `-- exported more than once
 64 | 
 65 | // Routes
 65 | export { 
    `----

Error: 
  > Exported identifiers must be unique

  x the name `ROUTE_THEMES` is exported multiple times
    ,-[/app/lib/domain/index.ts:16:1]
 16 | 
 17 | // Routes
 18 | export { 
 19 |   ROUTE_THEMES, 
    :   ^^^^^^|^^^^^
    :         `-- previous exported here
 20 |   CURRENT_ROUTE_STORAGE_KEY,
 21 |   ROUTE_PROGRESS_STORAGE_KEY,
 22 |   ROUTE_THEME_OPTIONS,
 23 |   type RouteTheme,
 24 |   type RouteDetailOption,
 25 |   type RouteThemeOption,
 26 |   type RouteStop,
 27 |   type RoutePlan,
 28 |   type RouteLeg,
 29 |   type RouteProgressState,
 30 |   type LocalizedRouteOptionCopy,
 31 |   type LocalizedRoutePlanCopy,
 32 |   isRouteTheme,
 33 |   getRouteDetails,
 34 |   isRouteDetailForTheme,
 35 |   generateMockRoutePlan,
 36 |   calculateWalkingMinutes,
 37 |   calculateRouteLegs,
 38 |   createLocalRoutePlan,
 39 |   encodeRoutePlanForShare,
 40 |   decodeRoutePlanFromShare,
 41 |   buildLocalRouteShareUrl,
 42 |   createRouteProgressState,
 43 |   parseRouteProgressState,
 44 |   buildGoogleMapsDirectionsUrl,
 45 |   buildGoogleMapsPlaceUrl,
 46 |   buildRouteMapUrl,
 47 |   buildRouteStopDetailUrl,
 48 |   formatDuration,
 49 |   parseStartTime,
 50 |   generateRouteDirections
 51 | } from './routes';
 52 | 
 53 | // YouTube
 54 | export { extractVideoId, detectSnsPlatform, getThumbnailUrl, isValidYoutubeUrl, isInstagramUrl, type SnsPlatform } from './youtube';
 55 | 
 56 | // Tour API
 57 | export { fetchTourApiData } from './tourapi';
 58 | 
 59 | // Docent
 60 | export { generateDocentCaption } from './docent';
 61 | 
 62 | // Facilities
 63 | export { FACILITY_ICONS, FACILITY_NAMES, type FacilityCategory } from './facilities';
 64 | 
 65 | // Routes
 66 | export { 
 67 |   ROUTE_THEMES, 
    :   ^^^^^^|^^^^^
    :         `-- exported more than once
 68 |   CURRENT_ROUTE_STORAGE_KEY,
 69 |   ROUTE_PROGRESS_STORAGE_KEY,
 69 |   ROUTE_THEME_OPTIONS,
    `----

Error: 
  > Exported identifiers must be unique

  x the name `CURRENT_ROUTE_STORAGE_KEY` is exported multiple times
    ,-[/app/lib/domain/index.ts:17:1]
 17 | // Routes
 18 | export { 
 19 |   ROUTE_THEMES, 
 20 |   CURRENT_ROUTE_STORAGE_KEY,
    :   ^^^^^^^^^^^^|^^^^^^^^^^^^
    :               `-- previous exported here
 21 |   ROUTE_PROGRESS_STORAGE_KEY,
 22 |   ROUTE_THEME_OPTIONS,
 23 |   type RouteTheme,
 24 |   type RouteDetailOption,
 25 |   type RouteThemeOption,
 26 |   type RouteStop,
 27 |   type RoutePlan,
 28 |   type RouteLeg,
 29 |   type RouteProgressState,
 30 |   type LocalizedRouteOptionCopy,
 31 |   type LocalizedRoutePlanCopy,
 32 |   isRouteTheme,
 33 |   getRouteDetails,
 34 |   isRouteDetailForTheme,
 35 |   generateMockRoutePlan,
 36 |   calculateWalkingMinutes,
 37 |   calculateRouteLegs,
 38 |   createLocalRoutePlan,
 39 |   encodeRoutePlanForShare,
 40 |   decodeRoutePlanFromShare,
 41 |   buildLocalRouteShareUrl,
 42 |   createRouteProgressState,
 43 |   parseRouteProgressState,
 44 |   buildGoogleMapsDirectionsUrl,
 45 |   buildGoogleMapsPlaceUrl,
 46 |   buildRouteMapUrl,
 47 |   buildRouteStopDetailUrl,
 48 |   formatDuration,
 49 |   parseStartTime,
 50 |   generateRouteDirections
 51 | } from './routes';
 52 | 
 53 | // YouTube
 54 | export { extractVideoId, detectSnsPlatform, getThumbnailUrl, isValidYoutubeUrl, isInstagramUrl, type SnsPlatform } from './youtube';
 55 | 
 56 | // Tour API
 57 | export { fetchTourApiData } from './tourapi';
 58 | 
 59 | // Docent
 60 | export { generateDocentCaption } from './docent';
 61 | 
 62 | // Facilities
 63 | export { FACILITY_ICONS, FACILITY_NAMES, type FacilityCategory } from './facilities';
 64 | 
 65 | // Routes
 66 | export { 
 67 |   ROUTE_THEMES, 
 68 |   CURRENT_ROUTE_STORAGE_KEY,
    :   ^^^^^^^^^^^^|^^^^^^^^^^^^
    :               `-- exported more than once
 69 |   ROUTE_PROGRESS_STORAGE_KEY,
 70 |   ROUTE_THEME_OPTIONS,
 70 |   type RouteTheme,
    `----

Error: 
  > Exported identifiers must be unique

  x the name `ROUTE_PROGRESS_STORAGE_KEY` is exported multiple times
    ,-[/app/lib/domain/index.ts:18:1]
 18 | export { 
 19 |   ROUTE_THEMES, 
 20 |   CURRENT_ROUTE_STORAGE_KEY,
 21 |   ROUTE_PROGRESS_STORAGE_KEY,
    :   ^^^^^^^^^^^^^|^^^^^^^^^^^^
    :                `-- previous exported here
 22 |   ROUTE_THEME_OPTIONS,
 23 |   type RouteTheme,
 24 |   type RouteDetailOption,
 25 |   type RouteThemeOption,
 26 |   type RouteStop,
 27 |   type RoutePlan,
 28 |   type RouteLeg,
 29 |   type RouteProgressState,
 30 |   type LocalizedRouteOptionCopy,
 31 |   type LocalizedRoutePlanCopy,
 32 |   isRouteTheme,
 33 |   getRouteDetails,
 34 |   isRouteDetailForTheme,
 35 |   generateMockRoutePlan,
 36 |   calculateWalkingMinutes,
 37 |   calculateRouteLegs,
 38 |   createLocalRoutePlan,
 39 |   encodeRoutePlanForShare,
 40 |   decodeRoutePlanFromShare,
 41 |   buildLocalRouteShareUrl,
 42 |   createRouteProgressState,
 43 |   parseRouteProgressState,
 44 |   buildGoogleMapsDirectionsUrl,
 45 |   buildGoogleMapsPlaceUrl,
 46 |   buildRouteMapUrl,
 47 |   buildRouteStopDetailUrl,
 48 |   formatDuration,
 49 |   parseStartTime,
 50 |   generateRouteDirections
 51 | } from './routes';
 52 | 
 53 | // YouTube
 54 | export { extractVideoId, detectSnsPlatform, getThumbnailUrl, isValidYoutubeUrl, isInstagramUrl, type SnsPlatform } from './youtube';
 55 | 
 56 | // Tour API
 57 | export { fetchTourApiData } from './tourapi';
 58 | 
 59 | // Docent
 60 | export { generateDocentCaption } from './docent';
 61 | 
 62 | // Facilities
 63 | export { FACILITY_ICONS, FACILITY_NAMES, type FacilityCategory } from './facilities';
 64 | 
 65 | // Routes
 66 | export { 
 67 |   ROUTE_THEMES, 
 68 |   CURRENT_ROUTE_STORAGE_KEY,
 69 |   ROUTE_PROGRESS_STORAGE_KEY,
    :   ^^^^^^^^^^^^^|^^^^^^^^^^^^
    :                `-- exported more than once
 70 |   ROUTE_THEME_OPTIONS,
 71 |   type RouteTheme,
 71 |   type RouteDetailOption,
    `----

Error: 
  > Exported identifiers must be unique

  x the name `ROUTE_THEME_OPTIONS` is exported multiple times
    ,-[/app/lib/domain/index.ts:19:1]
 19 |   ROUTE_THEMES, 
 20 |   CURRENT_ROUTE_STORAGE_KEY,
 21 |   ROUTE_PROGRESS_STORAGE_KEY,
 22 |   ROUTE_THEME_OPTIONS,
    :   ^^^^^^^^^|^^^^^^^^^
    :            `-- previous exported here
 23 |   type RouteTheme,
 24 |   type RouteDetailOption,
 25 |   type RouteThemeOption,
 26 |   type RouteStop,
 27 |   type RoutePlan,
 28 |   type RouteLeg,
 29 |   type RouteProgressState,
 30 |   type LocalizedRouteOptionCopy,
 31 |   type LocalizedRoutePlanCopy,
 32 |   isRouteTheme,
 33 |   getRouteDetails,
 34 |   isRouteDetailForTheme,
 35 |   generateMockRoutePlan,
 36 |   calculateWalkingMinutes,
 37 |   calculateRouteLegs,
 38 |   createLocalRoutePlan,
 39 |   encodeRoutePlanForShare,
 40 |   decodeRoutePlanFromShare,
 41 |   buildLocalRouteShareUrl,
 42 |   createRouteProgressState,
 43 |   parseRouteProgressState,
 44 |   buildGoogleMapsDirectionsUrl,
 45 |   buildGoogleMapsPlaceUrl,
 46 |   buildRouteMapUrl,
 47 |   buildRouteStopDetailUrl,
 48 |   formatDuration,
 49 |   parseStartTime,
 50 |   generateRouteDirections
 51 | } from './routes';
 52 | 
 53 | // YouTube
 54 | export { extractVideoId, detectSnsPlatform, getThumbnailUrl, isValidYoutubeUrl, isInstagramUrl, type SnsPlatform } from './youtube';
 55 | 
 56 | // Tour API
 57 | export { fetchTourApiData } from './tourapi';
 58 | 
 59 | // Docent
 60 | export { generateDocentCaption } from './docent';
 61 | 
 62 | // Facilities
 63 | export { FACILITY_ICONS, FACILITY_NAMES, type FacilityCategory } from './facilities';
 64 | 
 65 | // Routes
 66 | export { 
 67 |   ROUTE_THEMES, 
 68 |   CURRENT_ROUTE_STORAGE_KEY,
 69 |   ROUTE_PROGRESS_STORAGE_KEY,
 70 |   ROUTE_THEME_OPTIONS,
    :   ^^^^^^^^^|^^^^^^^^^
    :            `-- exported more than once
 71 |   type RouteTheme,
 72 |   type RouteDetailOption,
 72 |   type RouteThemeOption,
    `----

Error: 
  > Exported identifiers must be unique

  x the name `RouteTheme` is exported multiple times
    ,-[/app/lib/domain/index.ts:20:1]
 20 |   CURRENT_ROUTE_STORAGE_KEY,
 21 |   ROUTE_PROGRESS_STORAGE_KEY,
 22 |   ROUTE_THEME_OPTIONS,
 23 |   type RouteTheme,
    :        ^^^^^|^^^^
    :             `-- previous exported here
 24 |   type RouteDetailOption,
 25 |   type RouteThemeOption,
 26 |   type RouteStop,
 27 |   type RoutePlan,
 28 |   type RouteLeg,
 29 |   type RouteProgressState,
 30 |   type LocalizedRouteOptionCopy,
 31 |   type LocalizedRoutePlanCopy,
 32 |   isRouteTheme,
 33 |   getRouteDetails,
 34 |   isRouteDetailForTheme,
 35 |   generateMockRoutePlan,
 36 |   calculateWalkingMinutes,
 37 |   calculateRouteLegs,
 38 |   createLocalRoutePlan,
 39 |   encodeRoutePlanForShare,
 40 |   decodeRoutePlanFromShare,
 41 |   buildLocalRouteShareUrl,
 42 |   createRouteProgressState,
 43 |   parseRouteProgressState,
 44 |   buildGoogleMapsDirectionsUrl,
 45 |   buildGoogleMapsPlaceUrl,
 46 |   buildRouteMapUrl,
 47 |   buildRouteStopDetailUrl,
 48 |   formatDuration,
 49 |   parseStartTime,
 50 |   generateRouteDirections
 51 | } from './routes';
 52 | 
 53 | // YouTube
 54 | export { extractVideoId, detectSnsPlatform, getThumbnailUrl, isValidYoutubeUrl, isInstagramUrl, type SnsPlatform } from './youtube';
 55 | 
 56 | // Tour API
 57 | export { fetchTourApiData } from './tourapi';
 58 | 
 59 | // Docent
 60 | export { generateDocentCaption } from './docent';
 61 | 
 62 | // Facilities
 63 | export { FACILITY_ICONS, FACILITY_NAMES, type FacilityCategory } from './facilities';
 64 | 
 65 | // Routes
 66 | export { 
 67 |   ROUTE_THEMES, 
 68 |   CURRENT_ROUTE_STORAGE_KEY,
 69 |   ROUTE_PROGRESS_STORAGE_KEY,
 70 |   ROUTE_THEME_OPTIONS,
 71 |   type RouteTheme,
    :        ^^^^^|^^^^
    :             `-- exported more than once
 72 |   type RouteDetailOption,
 73 |   type RouteThemeOption,
 73 |   type RouteStop,
    `----

Error: 
  > Exported identifiers must be unique

  x the name `RouteDetailOption` is exported multiple times
    ,-[/app/lib/domain/index.ts:21:1]
 21 |   ROUTE_PROGRESS_STORAGE_KEY,
 22 |   ROUTE_THEME_OPTIONS,
 23 |   type RouteTheme,
 24 |   type RouteDetailOption,
    :        ^^^^^^^^|^^^^^^^^
    :                `-- previous exported here
 25 |   type RouteThemeOption,
 26 |   type RouteStop,
 27 |   type RoutePlan,
 28 |   type RouteLeg,
 29 |   type RouteProgressState,
 30 |   type LocalizedRouteOptionCopy,
 31 |   type LocalizedRoutePlanCopy,
 32 |   isRouteTheme,
 33 |   getRouteDetails,
 34 |   isRouteDetailForTheme,
 35 |   generateMockRoutePlan,
 36 |   calculateWalkingMinutes,
 37 |   calculateRouteLegs,
 38 |   createLocalRoutePlan,
 39 |   encodeRoutePlanForShare,
 40 |   decodeRoutePlanFromShare,
 41 |   buildLocalRouteShareUrl,
 42 |   createRouteProgressState,
 43 |   parseRouteProgressState,
 44 |   buildGoogleMapsDirectionsUrl,
 45 |   buildGoogleMapsPlaceUrl,
 46 |   buildRouteMapUrl,
 47 |   buildRouteStopDetailUrl,
 48 |   formatDuration,
 49 |   parseStartTime,
 50 |   generateRouteDirections
 51 | } from './routes';
 52 | 
 53 | // YouTube
 54 | export { extractVideoId, detectSnsPlatform, getThumbnailUrl, isValidYoutubeUrl, isInstagramUrl, type SnsPlatform } from './youtube';
 55 | 
 56 | // Tour API
 57 | export { fetchTourApiData } from './tourapi';
 58 | 
 59 | // Docent
 60 | export { generateDocentCaption } from './docent';
 61 | 
 62 | // Facilities
 63 | export { FACILITY_ICONS, FACILITY_NAMES, type FacilityCategory } from './facilities';
 64 | 
 65 | // Routes
 66 | export { 
 67 |   ROUTE_THEMES, 
 68 |   CURRENT_ROUTE_STORAGE_KEY,
 69 |   ROUTE_PROGRESS_STORAGE_KEY,
 70 |   ROUTE_THEME_OPTIONS,
 71 |   type RouteTheme,
 72 |   type RouteDetailOption,
    :        ^^^^^^^^|^^^^^^^^
    :                `-- exported more than once
 73 |   type RouteThemeOption,
 74 |   type RouteStop,
 74 |   type RoutePlan,
    `----

Error: 
  > Exported identifiers must be unique

  x the name `RouteThemeOption` is exported multiple times
    ,-[/app/lib/domain/index.ts:22:1]
 22 |   ROUTE_THEME_OPTIONS,
 23 |   type RouteTheme,
 24 |   type RouteDetailOption,
 25 |   type RouteThemeOption,
    :        ^^^^^^^^|^^^^^^^
    :                `-- previous exported here
 26 |   type RouteStop,
 27 |   type RoutePlan,
 28 |   type RouteLeg,
 29 |   type RouteProgressState,
 30 |   type LocalizedRouteOptionCopy,
 31 |   type LocalizedRoutePlanCopy,
 32 |   isRouteTheme,
 33 |   getRouteDetails,
 34 |   isRouteDetailForTheme,
 35 |   generateMockRoutePlan,
 36 |   calculateWalkingMinutes,
 37 |   calculateRouteLegs,
 38 |   createLocalRoutePlan,
 39 |   encodeRoutePlanForShare,
 40 |   decodeRoutePlanFromShare,
 41 |   buildLocalRouteShareUrl,
 42 |   createRouteProgressState,
 43 |   parseRouteProgressState,
 44 |   buildGoogleMapsDirectionsUrl,
 45 |   buildGoogleMapsPlaceUrl,
 46 |   buildRouteMapUrl,
 47 |   buildRouteStopDetailUrl,
 48 |   formatDuration,
 49 |   parseStartTime,
 50 |   generateRouteDirections
 51 | } from './routes';
 52 | 
 53 | // YouTube
 54 | export { extractVideoId, detectSnsPlatform, getThumbnailUrl, isValidYoutubeUrl, isInstagramUrl, type SnsPlatform } from './youtube';
 55 | 
 56 | // Tour API
 57 | export { fetchTourApiData } from './tourapi';
 58 | 
 59 | // Docent
 60 | export { generateDocentCaption } from './docent';
 61 | 
 62 | // Facilities
 63 | export { FACILITY_ICONS, FACILITY_NAMES, type FacilityCategory } from './facilities';
 64 | 
 65 | // Routes
 66 | export { 
 67 |   ROUTE_THEMES, 
 68 |   CURRENT_ROUTE_STORAGE_KEY,
 69 |   ROUTE_PROGRESS_STORAGE_KEY,
 70 |   ROUTE_THEME_OPTIONS,
 71 |   type RouteTheme,
 72 |   type RouteDetailOption,
 73 |   type RouteThemeOption,
    :        ^^^^^^^^|^^^^^^^
    :                `-- exported more than once
 74 |   type RouteStop,
 75 |   type RoutePlan,
 75 |   type RouteLeg,
    `----

Error: 
  > Exported identifiers must be unique

  x the name `RouteStop` is exported multiple times
    ,-[/app/lib/domain/index.ts:23:1]
 23 |   type RouteTheme,
 24 |   type RouteDetailOption,
 25 |   type RouteThemeOption,
 26 |   type RouteStop,
    :        ^^^^|^^^^
    :            `-- previous exported here
 27 |   type RoutePlan,
 28 |   type RouteLeg,
 29 |   type RouteProgressState,
 30 |   type LocalizedRouteOptionCopy,
 31 |   type LocalizedRoutePlanCopy,
 32 |   isRouteTheme,
 33 |   getRouteDetails,
 34 |   isRouteDetailForTheme,
 35 |   generateMockRoutePlan,
 36 |   calculateWalkingMinutes,
 37 |   calculateRouteLegs,
 38 |   createLocalRoutePlan,
 39 |   encodeRoutePlanForShare,
 40 |   decodeRoutePlanFromShare,
 41 |   buildLocalRouteShareUrl,
 42 |   createRouteProgressState,
 43 |   parseRouteProgressState,
 44 |   buildGoogleMapsDirectionsUrl,
 45 |   buildGoogleMapsPlaceUrl,
 46 |   buildRouteMapUrl,
 47 |   buildRouteStopDetailUrl,
 48 |   formatDuration,
 49 |   parseStartTime,
 50 |   generateRouteDirections
 51 | } from './routes';
 52 | 
 53 | // YouTube
 54 | export { extractVideoId, detectSnsPlatform, getThumbnailUrl, isValidYoutubeUrl, isInstagramUrl, type SnsPlatform } from './youtube';
 55 | 
 56 | // Tour API
 57 | export { fetchTourApiData } from './tourapi';
 58 | 
 59 | // Docent
 60 | export { generateDocentCaption } from './docent';
 61 | 
 62 | // Facilities
 63 | export { FACILITY_ICONS, FACILITY_NAMES, type FacilityCategory } from './facilities';
 64 | 
 65 | // Routes
 66 | export { 
 67 |   ROUTE_THEMES, 
 68 |   CURRENT_ROUTE_STORAGE_KEY,
 69 |   ROUTE_PROGRESS_STORAGE_KEY,
 70 |   ROUTE_THEME_OPTIONS,
 71 |   type RouteTheme,
 72 |   type RouteDetailOption,
 73 |   type RouteThemeOption,
 74 |   type RouteStop,
    :        ^^^^|^^^^
    :            `-- exported more than once
 75 |   type RoutePlan,
 76 |   type RouteLeg,
 76 |   type RouteProgressState,
    `----

Error: 
  > Exported identifiers must be unique

  x the name `RoutePlan` is exported multiple times
    ,-[/app/lib/domain/index.ts:24:1]
 24 |   type RouteDetailOption,
 25 |   type RouteThemeOption,
 26 |   type RouteStop,
 27 |   type RoutePlan,
    :        ^^^^|^^^^
    :            `-- previous exported here
 28 |   type RouteLeg,
 29 |   type RouteProgressState,
 30 |   type LocalizedRouteOptionCopy,
 31 |   type LocalizedRoutePlanCopy,
 32 |   isRouteTheme,
 33 |   getRouteDetails,
 34 |   isRouteDetailForTheme,
 35 |   generateMockRoutePlan,
 36 |   calculateWalkingMinutes,
 37 |   calculateRouteLegs,
 38 |   createLocalRoutePlan,
 39 |   encodeRoutePlanForShare,
 40 |   decodeRoutePlanFromShare,
 41 |   buildLocalRouteShareUrl,
 42 |   createRouteProgressState,
 43 |   parseRouteProgressState,
 44 |   buildGoogleMapsDirectionsUrl,
 45 |   buildGoogleMapsPlaceUrl,
 46 |   buildRouteMapUrl,
 47 |   buildRouteStopDetailUrl,
 48 |   formatDuration,
 49 |   parseStartTime,
 50 |   generateRouteDirections
 51 | } from './routes';
 52 | 
 53 | // YouTube
 54 | export { extractVideoId, detectSnsPlatform, getThumbnailUrl, isValidYoutubeUrl, isInstagramUrl, type SnsPlatform } from './youtube';
 55 | 
 56 | // Tour API
 57 | export { fetchTourApiData } from './tourapi';
 58 | 
 59 | // Docent
 60 | export { generateDocentCaption } from './docent';
 61 | 
 62 | // Facilities
 63 | export { FACILITY_ICONS, FACILITY_NAMES, type FacilityCategory } from './facilities';
 64 | 
 65 | // Routes
 66 | export { 
 67 |   ROUTE_THEMES, 
 68 |   CURRENT_ROUTE_STORAGE_KEY,
 69 |   ROUTE_PROGRESS_STORAGE_KEY,
 70 |   ROUTE_THEME_OPTIONS,
 71 |   type RouteTheme,
 72 |   type RouteDetailOption,
 73 |   type RouteThemeOption,
 74 |   type RouteStop,
 75 |   type RoutePlan,
    :        ^^^^|^^^^
    :            `-- exported more than once
 76 |   type RouteLeg,
 77 |   type RouteProgressState,
 77 |   type LocalizedRouteOptionCopy,
    `----

Error: 
  > Exported identifiers must be unique

  x the name `RouteLeg` is exported multiple times
    ,-[/app/lib/domain/index.ts:25:1]
 25 |   type RouteThemeOption,
 26 |   type RouteStop,
 27 |   type RoutePlan,
 28 |   type RouteLeg,
    :        ^^^^|^^^
    :            `-- previous exported here
 29 |   type RouteProgressState,
 30 |   type LocalizedRouteOptionCopy,
 31 |   type LocalizedRoutePlanCopy,
 32 |   isRouteTheme,
 33 |   getRouteDetails,
 34 |   isRouteDetailForTheme,
 35 |   generateMockRoutePlan,
 36 |   calculateWalkingMinutes,
 37 |   calculateRouteLegs,
 38 |   createLocalRoutePlan,
 39 |   encodeRoutePlanForShare,
 40 |   decodeRoutePlanFromShare,
 41 |   buildLocalRouteShareUrl,
 42 |   createRouteProgressState,
 43 |   parseRouteProgressState,
 44 |   buildGoogleMapsDirectionsUrl,
 45 |   buildGoogleMapsPlaceUrl,
 46 |   buildRouteMapUrl,
 47 |   buildRouteStopDetailUrl,
 48 |   formatDuration,
 49 |   parseStartTime,
 50 |   generateRouteDirections
 51 | } from './routes';
 52 | 
 53 | // YouTube
 54 | export { extractVideoId, detectSnsPlatform, getThumbnailUrl, isValidYoutubeUrl, isInstagramUrl, type SnsPlatform } from './youtube';
 55 | 
 56 | // Tour API
 57 | export { fetchTourApiData } from './tourapi';
 58 | 
 59 | // Docent
 60 | export { generateDocentCaption } from './docent';
 61 | 
 62 | // Facilities
 63 | export { FACILITY_ICONS, FACILITY_NAMES, type FacilityCategory } from './facilities';
 64 | 
 65 | // Routes
 66 | export { 
 67 |   ROUTE_THEMES, 
 68 |   CURRENT_ROUTE_STORAGE_KEY,
 69 |   ROUTE_PROGRESS_STORAGE_KEY,
 70 |   ROUTE_THEME_OPTIONS,
 71 |   type RouteTheme,
 72 |   type RouteDetailOption,
 73 |   type RouteThemeOption,
 74 |   type RouteStop,
 75 |   type RoutePlan,
 76 |   type RouteLeg,
    :        ^^^^|^^^
    :            `-- exported more than once
 77 |   type RouteProgressState,
 78 |   type LocalizedRouteOptionCopy,
 78 |   type LocalizedRoutePlanCopy,
    `----

Error: 
  > Exported identifiers must be unique

  x the name `RouteProgressState` is exported multiple times
    ,-[/app/lib/domain/index.ts:26:1]
 26 |   type RouteStop,
 27 |   type RoutePlan,
 28 |   type RouteLeg,
 29 |   type RouteProgressState,
    :        ^^^^^^^^^|^^^^^^^^
    :                 `-- previous exported here
 30 |   type LocalizedRouteOptionCopy,
 31 |   type LocalizedRoutePlanCopy,
 32 |   isRouteTheme,
 33 |   getRouteDetails,
 34 |   isRouteDetailForTheme,
 35 |   generateMockRoutePlan,
 36 |   calculateWalkingMinutes,
 37 |   calculateRouteLegs,
 38 |   createLocalRoutePlan,
 39 |   encodeRoutePlanForShare,
 40 |   decodeRoutePlanFromShare,
 41 |   buildLocalRouteShareUrl,
 42 |   createRouteProgressState,
 43 |   parseRouteProgressState,
 44 |   buildGoogleMapsDirectionsUrl,
 45 |   buildGoogleMapsPlaceUrl,
 46 |   buildRouteMapUrl,
 47 |   buildRouteStopDetailUrl,
 48 |   formatDuration,
 49 |   parseStartTime,
 50 |   generateRouteDirections
 51 | } from './routes';
 52 | 
 53 | // YouTube
 54 | export { extractVideoId, detectSnsPlatform, getThumbnailUrl, isValidYoutubeUrl, isInstagramUrl, type SnsPlatform } from './youtube';
 55 | 
 56 | // Tour API
 57 | export { fetchTourApiData } from './tourapi';
 58 | 
 59 | // Docent
 60 | export { generateDocentCaption } from './docent';
 61 | 
 62 | // Facilities
 63 | export { FACILITY_ICONS, FACILITY_NAMES, type FacilityCategory } from './facilities';
 64 | 
 65 | // Routes
 66 | export { 
 67 |   ROUTE_THEMES, 
 68 |   CURRENT_ROUTE_STORAGE_KEY,
 69 |   ROUTE_PROGRESS_STORAGE_KEY,
 70 |   ROUTE_THEME_OPTIONS,
 71 |   type RouteTheme,
 72 |   type RouteDetailOption,
 73 |   type RouteThemeOption,
 74 |   type RouteStop,
 75 |   type RoutePlan,
 76 |   type RouteLeg,
 77 |   type RouteProgressState,
    :        ^^^^^^^^^|^^^^^^^^
    :                 `-- exported more than once
 78 |   type LocalizedRouteOptionCopy,
 79 |   type LocalizedRoutePlanCopy,
 79 |   isRouteTheme,
    `----

Error: 
  > Exported identifiers must be unique

  x the name `LocalizedRouteOptionCopy` is exported multiple times
    ,-[/app/lib/domain/index.ts:27:1]
 27 |   type RoutePlan,
 28 |   type RouteLeg,
 29 |   type RouteProgressState,
 30 |   type LocalizedRouteOptionCopy,
    :        ^^^^^^^^^^^^|^^^^^^^^^^^
    :                    `-- previous exported here
 31 |   type LocalizedRoutePlanCopy,
 32 |   isRouteTheme,
 33 |   getRouteDetails,
 34 |   isRouteDetailForTheme,
 35 |   generateMockRoutePlan,
 36 |   calculateWalkingMinutes,
 37 |   calculateRouteLegs,
 38 |   createLocalRoutePlan,
 39 |   encodeRoutePlanForShare,
 40 |   decodeRoutePlanFromShare,
 41 |   buildLocalRouteShareUrl,
 42 |   createRouteProgressState,
 43 |   parseRouteProgressState,
 44 |   buildGoogleMapsDirectionsUrl,
 45 |   buildGoogleMapsPlaceUrl,
 46 |   buildRouteMapUrl,
 47 |   buildRouteStopDetailUrl,
 48 |   formatDuration,
 49 |   parseStartTime,
 50 |   generateRouteDirections
 51 | } from './routes';
 52 | 
 53 | // YouTube
 54 | export { extractVideoId, detectSnsPlatform, getThumbnailUrl, isValidYoutubeUrl, isInstagramUrl, type SnsPlatform } from './youtube';
 55 | 
 56 | // Tour API
 57 | export { fetchTourApiData } from './tourapi';
 58 | 
 59 | // Docent
 60 | export { generateDocentCaption } from './docent';
 61 | 
 62 | // Facilities
 63 | export { FACILITY_ICONS, FACILITY_NAMES, type FacilityCategory } from './facilities';
 64 | 
 65 | // Routes
 66 | export { 
 67 |   ROUTE_THEMES, 
 68 |   CURRENT_ROUTE_STORAGE_KEY,
 69 |   ROUTE_PROGRESS_STORAGE_KEY,
 70 |   ROUTE_THEME_OPTIONS,
 71 |   type RouteTheme,
 72 |   type RouteDetailOption,
 73 |   type RouteThemeOption,
 74 |   type RouteStop,
 75 |   type RoutePlan,
 76 |   type RouteLeg,
 77 |   type RouteProgressState,
 78 |   type LocalizedRouteOptionCopy,
    :        ^^^^^^^^^^^^|^^^^^^^^^^^
    :                    `-- exported more than once
 79 |   type LocalizedRoutePlanCopy,
 80 |   isRouteTheme,
 80 |   getRouteDetails,
    `----

Error: 
  > Exported identifiers must be unique

  x the name `LocalizedRoutePlanCopy` is exported multiple times
    ,-[/app/lib/domain/index.ts:28:1]
 28 |   type RouteLeg,
 29 |   type RouteProgressState,
 30 |   type LocalizedRouteOptionCopy,
 31 |   type LocalizedRoutePlanCopy,
    :        ^^^^^^^^^^^|^^^^^^^^^^
    :                   `-- previous exported here
 32 |   isRouteTheme,
 33 |   getRouteDetails,
 34 |   isRouteDetailForTheme,
 35 |   generateMockRoutePlan,
 36 |   calculateWalkingMinutes,
 37 |   calculateRouteLegs,
 38 |   createLocalRoutePlan,
 39 |   encodeRoutePlanForShare,
 40 |   decodeRoutePlanFromShare,
 41 |   buildLocalRouteShareUrl,
 42 |   createRouteProgressState,
 43 |   parseRouteProgressState,
 44 |   buildGoogleMapsDirectionsUrl,
 45 |   buildGoogleMapsPlaceUrl,
 46 |   buildRouteMapUrl,
 47 |   buildRouteStopDetailUrl,
 48 |   formatDuration,
 49 |   parseStartTime,
 50 |   generateRouteDirections
 51 | } from './routes';
 52 | 
 53 | // YouTube
 54 | export { extractVideoId, detectSnsPlatform, getThumbnailUrl, isValidYoutubeUrl, isInstagramUrl, type SnsPlatform } from './youtube';
 55 | 
 56 | // Tour API
 57 | export { fetchTourApiData } from './tourapi';
 58 | 
 59 | // Docent
 60 | export { generateDocentCaption } from './docent';
 61 | 
 62 | // Facilities
 63 | export { FACILITY_ICONS, FACILITY_NAMES, type FacilityCategory } from './facilities';
 64 | 
 65 | // Routes
 66 | export { 
 67 |   ROUTE_THEMES, 
 68 |   CURRENT_ROUTE_STORAGE_KEY,
 69 |   ROUTE_PROGRESS_STORAGE_KEY,
 70 |   ROUTE_THEME_OPTIONS,
 71 |   type RouteTheme,
 72 |   type RouteDetailOption,
 73 |   type RouteThemeOption,
 74 |   type RouteStop,
 75 |   type RoutePlan,
 76 |   type RouteLeg,
 77 |   type RouteProgressState,
 78 |   type LocalizedRouteOptionCopy,
 79 |   type LocalizedRoutePlanCopy,
    :        ^^^^^^^^^^^|^^^^^^^^^^
    :                   `-- exported more than once
 80 |   isRouteTheme,
 81 |   getRouteDetails,
 81 |   isRouteDetailForTheme,
    `----

Error: 
  > Exported identifiers must be unique

  x the name `isRouteTheme` is exported multiple times
    ,-[/app/lib/domain/index.ts:29:1]
 29 |   type RouteProgressState,
 30 |   type LocalizedRouteOptionCopy,
 31 |   type LocalizedRoutePlanCopy,
 32 |   isRouteTheme,
    :   ^^^^^^|^^^^^
    :         `-- previous exported here
 33 |   getRouteDetails,
 34 |   isRouteDetailForTheme,
 35 |   generateMockRoutePlan,
 36 |   calculateWalkingMinutes,
 37 |   calculateRouteLegs,
 38 |   createLocalRoutePlan,
 39 |   encodeRoutePlanForShare,
 40 |   decodeRoutePlanFromShare,
 41 |   buildLocalRouteShareUrl,
 42 |   createRouteProgressState,
 43 |   parseRouteProgressState,
 44 |   buildGoogleMapsDirectionsUrl,
 45 |   buildGoogleMapsPlaceUrl,
 46 |   buildRouteMapUrl,
 47 |   buildRouteStopDetailUrl,
 48 |   formatDuration,
 49 |   parseStartTime,
 50 |   generateRouteDirections
 51 | } from './routes';
 52 | 
 53 | // YouTube
 54 | export { extractVideoId, detectSnsPlatform, getThumbnailUrl, isValidYoutubeUrl, isInstagramUrl, type SnsPlatform } from './youtube';
 55 | 
 56 | // Tour API
 57 | export { fetchTourApiData } from './tourapi';
 58 | 
 59 | // Docent
 60 | export { generateDocentCaption } from './docent';
 61 | 
 62 | // Facilities
 63 | export { FACILITY_ICONS, FACILITY_NAMES, type FacilityCategory } from './facilities';
 64 | 
 65 | // Routes
 66 | export { 
 67 |   ROUTE_THEMES, 
 68 |   CURRENT_ROUTE_STORAGE_KEY,
 69 |   ROUTE_PROGRESS_STORAGE_KEY,
 70 |   ROUTE_THEME_OPTIONS,
 71 |   type RouteTheme,
 72 |   type RouteDetailOption,
 73 |   type RouteThemeOption,
 74 |   type RouteStop,
 75 |   type RoutePlan,
 76 |   type RouteLeg,
 77 |   type RouteProgressState,
 78 |   type LocalizedRouteOptionCopy,
 79 |   type LocalizedRoutePlanCopy,
 80 |   isRouteTheme,
    :   ^^^^^^|^^^^^
    :         `-- exported more than once
 81 |   getRouteDetails,
 82 |   isRouteDetailForTheme,
 82 |   generateMockRoutePlan,
    `----

Error: 
  > Exported identifiers must be unique

  x the name `getRouteDetails` is exported multiple times
    ,-[/app/lib/domain/index.ts:30:1]
 30 |   type LocalizedRouteOptionCopy,
 31 |   type LocalizedRoutePlanCopy,
 32 |   isRouteTheme,
 33 |   getRouteDetails,
    :   ^^^^^^^|^^^^^^^
    :          `-- previous exported here
 34 |   isRouteDetailForTheme,
 35 |   generateMockRoutePlan,
 36 |   calculateWalkingMinutes,
 37 |   calculateRouteLegs,
 38 |   createLocalRoutePlan,
 39 |   encodeRoutePlanForShare,
 40 |   decodeRoutePlanFromShare,
 41 |   buildLocalRouteShareUrl,
 42 |   createRouteProgressState,
 43 |   parseRouteProgressState,
 44 |   buildGoogleMapsDirectionsUrl,
 45 |   buildGoogleMapsPlaceUrl,
 46 |   buildRouteMapUrl,
 47 |   buildRouteStopDetailUrl,
 48 |   formatDuration,
 49 |   parseStartTime,
 50 |   generateRouteDirections
 51 | } from './routes';
 52 | 
 53 | // YouTube
 54 | export { extractVideoId, detectSnsPlatform, getThumbnailUrl, isValidYoutubeUrl, isInstagramUrl, type SnsPlatform } from './youtube';
 55 | 
 56 | // Tour API
 57 | export { fetchTourApiData } from './tourapi';
 58 | 
 59 | // Docent
 60 | export { generateDocentCaption } from './docent';
 61 | 
 62 | // Facilities
 63 | export { FACILITY_ICONS, FACILITY_NAMES, type FacilityCategory } from './facilities';
 64 | 
 65 | // Routes
 66 | export { 
 67 |   ROUTE_THEMES, 
 68 |   CURRENT_ROUTE_STORAGE_KEY,
 69 |   ROUTE_PROGRESS_STORAGE_KEY,
 70 |   ROUTE_THEME_OPTIONS,
 71 |   type RouteTheme,
 72 |   type RouteDetailOption,
 73 |   type RouteThemeOption,
 74 |   type RouteStop,
 75 |   type RoutePlan,
 76 |   type RouteLeg,
 77 |   type RouteProgressState,
 78 |   type LocalizedRouteOptionCopy,
 79 |   type LocalizedRoutePlanCopy,
 80 |   isRouteTheme,
 81 |   getRouteDetails,
    :   ^^^^^^^|^^^^^^^
    :          `-- exported more than once
 82 |   isRouteDetailForTheme,
 83 |   generateMockRoutePlan,
 83 |   calculateWalkingMinutes,
    `----

Error: 
  > Exported identifiers must be unique

  x the name `isRouteDetailForTheme` is exported multiple times
    ,-[/app/lib/domain/index.ts:31:1]
 31 |   type LocalizedRoutePlanCopy,
 32 |   isRouteTheme,
 33 |   getRouteDetails,
 34 |   isRouteDetailForTheme,
    :   ^^^^^^^^^^|^^^^^^^^^^
    :             `-- previous exported here
 35 |   generateMockRoutePlan,
 36 |   calculateWalkingMinutes,
 37 |   calculateRouteLegs,
 38 |   createLocalRoutePlan,
 39 |   encodeRoutePlanForShare,
 40 |   decodeRoutePlanFromShare,
 41 |   buildLocalRouteShareUrl,
 42 |   createRouteProgressState,
 43 |   parseRouteProgressState,
 44 |   buildGoogleMapsDirectionsUrl,
 45 |   buildGoogleMapsPlaceUrl,
 46 |   buildRouteMapUrl,
 47 |   buildRouteStopDetailUrl,
 48 |   formatDuration,
 49 |   parseStartTime,
 50 |   generateRouteDirections
 51 | } from './routes';
 52 | 
 53 | // YouTube
 54 | export { extractVideoId, detectSnsPlatform, getThumbnailUrl, isValidYoutubeUrl, isInstagramUrl, type SnsPlatform } from './youtube';
 55 | 
 56 | // Tour API
 57 | export { fetchTourApiData } from './tourapi';
 58 | 
 59 | // Docent
 60 | export { generateDocentCaption } from './docent';
 61 | 
 62 | // Facilities
 63 | export { FACILITY_ICONS, FACILITY_NAMES, type FacilityCategory } from './facilities';
 64 | 
 65 | // Routes
 66 | export { 
 67 |   ROUTE_THEMES, 
 68 |   CURRENT_ROUTE_STORAGE_KEY,
 69 |   ROUTE_PROGRESS_STORAGE_KEY,
 70 |   ROUTE_THEME_OPTIONS,
 71 |   type RouteTheme,
 72 |   type RouteDetailOption,
 73 |   type RouteThemeOption,
 74 |   type RouteStop,
 75 |   type RoutePlan,
 76 |   type RouteLeg,
 77 |   type RouteProgressState,
 78 |   type LocalizedRouteOptionCopy,
 79 |   type LocalizedRoutePlanCopy,
 80 |   isRouteTheme,
 81 |   getRouteDetails,
 82 |   isRouteDetailForTheme,
    :   ^^^^^^^^^^|^^^^^^^^^^
    :             `-- exported more than once
 83 |   generateMockRoutePlan,
 84 |   calculateWalkingMinutes,
 84 |   calculateRouteLegs,
    `----

Error: 
  > Exported identifiers must be unique

  x the name `generateMockRoutePlan` is exported multiple times
    ,-[/app/lib/domain/index.ts:32:1]
 32 |   isRouteTheme,
 33 |   getRouteDetails,
 34 |   isRouteDetailForTheme,
 35 |   generateMockRoutePlan,
    :   ^^^^^^^^^^|^^^^^^^^^^
    :             `-- previous exported here
 36 |   calculateWalkingMinutes,
 37 |   calculateRouteLegs,
 38 |   createLocalRoutePlan,
 39 |   encodeRoutePlanForShare,
 40 |   decodeRoutePlanFromShare,
 41 |   buildLocalRouteShareUrl,
 42 |   createRouteProgressState,
 43 |   parseRouteProgressState,
 44 |   buildGoogleMapsDirectionsUrl,
 45 |   buildGoogleMapsPlaceUrl,
 46 |   buildRouteMapUrl,
 47 |   buildRouteStopDetailUrl,
 48 |   formatDuration,
 49 |   parseStartTime,
 50 |   generateRouteDirections
 51 | } from './routes';
 52 | 
 53 | // YouTube
 54 | export { extractVideoId, detectSnsPlatform, getThumbnailUrl, isValidYoutubeUrl, isInstagramUrl, type SnsPlatform } from './youtube';
 55 | 
 56 | // Tour API
 57 | export { fetchTourApiData } from './tourapi';
 58 | 
 59 | // Docent
 60 | export { generateDocentCaption } from './docent';
 61 | 
 62 | // Facilities
 63 | export { FACILITY_ICONS, FACILITY_NAMES, type FacilityCategory } from './facilities';
 64 | 
 65 | // Routes
 66 | export { 
 67 |   ROUTE_THEMES, 
 68 |   CURRENT_ROUTE_STORAGE_KEY,
 69 |   ROUTE_PROGRESS_STORAGE_KEY,
 70 |   ROUTE_THEME_OPTIONS,
 71 |   type RouteTheme,
 72 |   type RouteDetailOption,
 73 |   type RouteThemeOption,
 74 |   type RouteStop,
 75 |   type RoutePlan,
 76 |   type RouteLeg,
 77 |   type RouteProgressState,
 78 |   type LocalizedRouteOptionCopy,
 79 |   type LocalizedRoutePlanCopy,
 80 |   isRouteTheme,
 81 |   getRouteDetails,
 82 |   isRouteDetailForTheme,
 83 |   generateMockRoutePlan,
    :   ^^^^^^^^^^|^^^^^^^^^^
    :             `-- exported more than once
 84 |   calculateWalkingMinutes,
 85 |   calculateRouteLegs,
 85 |   createLocalRoutePlan,
    `----

Error: 
  > Exported identifiers must be unique

  x the name `calculateWalkingMinutes` is exported multiple times
    ,-[/app/lib/domain/index.ts:33:1]
 33 |   getRouteDetails,
 34 |   isRouteDetailForTheme,
 35 |   generateMockRoutePlan,
 36 |   calculateWalkingMinutes,
    :   ^^^^^^^^^^^|^^^^^^^^^^^
    :              `-- previous exported here
 37 |   calculateRouteLegs,
 38 |   createLocalRoutePlan,
 39 |   encodeRoutePlanForShare,
 40 |   decodeRoutePlanFromShare,
 41 |   buildLocalRouteShareUrl,
 42 |   createRouteProgressState,
 43 |   parseRouteProgressState,
 44 |   buildGoogleMapsDirectionsUrl,
 45 |   buildGoogleMapsPlaceUrl,
 46 |   buildRouteMapUrl,
 47 |   buildRouteStopDetailUrl,
 48 |   formatDuration,
 49 |   parseStartTime,
 50 |   generateRouteDirections
 51 | } from './routes';
 52 | 
 53 | // YouTube
 54 | export { extractVideoId, detectSnsPlatform, getThumbnailUrl, isValidYoutubeUrl, isInstagramUrl, type SnsPlatform } from './youtube';
 55 | 
 56 | // Tour API
 57 | export { fetchTourApiData } from './tourapi';
 58 | 
 59 | // Docent
 60 | export { generateDocentCaption } from './docent';
 61 | 
 62 | // Facilities
 63 | export { FACILITY_ICONS, FACILITY_NAMES, type FacilityCategory } from './facilities';
 64 | 
 65 | // Routes
 66 | export { 
 67 |   ROUTE_THEMES, 
 68 |   CURRENT_ROUTE_STORAGE_KEY,
 69 |   ROUTE_PROGRESS_STORAGE_KEY,
 70 |   ROUTE_THEME_OPTIONS,
 71 |   type RouteTheme,
 72 |   type RouteDetailOption,
 73 |   type RouteThemeOption,
 74 |   type RouteStop,
 75 |   type RoutePlan,
 76 |   type RouteLeg,
 77 |   type RouteProgressState,
 78 |   type LocalizedRouteOptionCopy,
 79 |   type LocalizedRoutePlanCopy,
 80 |   isRouteTheme,
 81 |   getRouteDetails,
 82 |   isRouteDetailForTheme,
 83 |   generateMockRoutePlan,
 84 |   calculateWalkingMinutes,
    :   ^^^^^^^^^^^|^^^^^^^^^^^
    :              `-- exported more than once
 85 |   calculateRouteLegs,
 86 |   createLocalRoutePlan,
 86 |   encodeRoutePlanForShare,
    `----

Error: 
  > Exported identifiers must be unique

  x the name `calculateRouteLegs` is exported multiple times
    ,-[/app/lib/domain/index.ts:34:1]
 34 |   isRouteDetailForTheme,
 35 |   generateMockRoutePlan,
 36 |   calculateWalkingMinutes,
 37 |   calculateRouteLegs,
    :   ^^^^^^^^^|^^^^^^^^
    :            `-- previous exported here
 38 |   createLocalRoutePlan,
 39 |   encodeRoutePlanForShare,
 40 |   decodeRoutePlanFromShare,
 41 |   buildLocalRouteShareUrl,
 42 |   createRouteProgressState,
 43 |   parseRouteProgressState,
 44 |   buildGoogleMapsDirectionsUrl,
 45 |   buildGoogleMapsPlaceUrl,
 46 |   buildRouteMapUrl,
 47 |   buildRouteStopDetailUrl,
 48 |   formatDuration,
 49 |   parseStartTime,
 50 |   generateRouteDirections
 51 | } from './routes';
 52 | 
 53 | // YouTube
 54 | export { extractVideoId, detectSnsPlatform, getThumbnailUrl, isValidYoutubeUrl, isInstagramUrl, type SnsPlatform } from './youtube';
 55 | 
 56 | // Tour API
 57 | export { fetchTourApiData } from './tourapi';
 58 | 
 59 | // Docent
 60 | export { generateDocentCaption } from './docent';
 61 | 
 62 | // Facilities
 63 | export { FACILITY_ICONS, FACILITY_NAMES, type FacilityCategory } from './facilities';
 64 | 
 65 | // Routes
 66 | export { 
 67 |   ROUTE_THEMES, 
 68 |   CURRENT_ROUTE_STORAGE_KEY,
 69 |   ROUTE_PROGRESS_STORAGE_KEY,
 70 |   ROUTE_THEME_OPTIONS,
 71 |   type RouteTheme,
 72 |   type RouteDetailOption,
 73 |   type RouteThemeOption,
 74 |   type RouteStop,
 75 |   type RoutePlan,
 76 |   type RouteLeg,
 77 |   type RouteProgressState,
 78 |   type LocalizedRouteOptionCopy,
 79 |   type LocalizedRoutePlanCopy,
 80 |   isRouteTheme,
 81 |   getRouteDetails,
 82 |   isRouteDetailForTheme,
 83 |   generateMockRoutePlan,
 84 |   calculateWalkingMinutes,
 85 |   calculateRouteLegs,
    :   ^^^^^^^^^|^^^^^^^^
    :            `-- exported more than once
 86 |   createLocalRoutePlan,
 87 |   encodeRoutePlanForShare,
 87 |   decodeRoutePlanFromShare,
    `----

Error: 
  > Exported identifiers must be unique

  x the name `createLocalRoutePlan` is exported multiple times
    ,-[/app/lib/domain/index.ts:35:1]
 35 |   generateMockRoutePlan,
 36 |   calculateWalkingMinutes,
 37 |   calculateRouteLegs,
 38 |   createLocalRoutePlan,
    :   ^^^^^^^^^^|^^^^^^^^^
    :             `-- previous exported here
 39 |   encodeRoutePlanForShare,
 40 |   decodeRoutePlanFromShare,
 41 |   buildLocalRouteShareUrl,
 42 |   createRouteProgressState,
 43 |   parseRouteProgressState,
 44 |   buildGoogleMapsDirectionsUrl,
 45 |   buildGoogleMapsPlaceUrl,
 46 |   buildRouteMapUrl,
 47 |   buildRouteStopDetailUrl,
 48 |   formatDuration,
 49 |   parseStartTime,
 50 |   generateRouteDirections
 51 | } from './routes';
 52 | 
 53 | // YouTube
 54 | export { extractVideoId, detectSnsPlatform, getThumbnailUrl, isValidYoutubeUrl, isInstagramUrl, type SnsPlatform } from './youtube';
 55 | 
 56 | // Tour API
 57 | export { fetchTourApiData } from './tourapi';
 58 | 
 59 | // Docent
 60 | export { generateDocentCaption } from './docent';
 61 | 
 62 | // Facilities
 63 | export { FACILITY_ICONS, FACILITY_NAMES, type FacilityCategory } from './facilities';
 64 | 
 65 | // Routes
 66 | export { 
 67 |   ROUTE_THEMES, 
 68 |   CURRENT_ROUTE_STORAGE_KEY,
 69 |   ROUTE_PROGRESS_STORAGE_KEY,
 70 |   ROUTE_THEME_OPTIONS,
 71 |   type RouteTheme,
 72 |   type RouteDetailOption,
 73 |   type RouteThemeOption,
 74 |   type RouteStop,
 75 |   type RoutePlan,
 76 |   type RouteLeg,
 77 |   type RouteProgressState,
 78 |   type LocalizedRouteOptionCopy,
 79 |   type LocalizedRoutePlanCopy,
 80 |   isRouteTheme,
 81 |   getRouteDetails,
 82 |   isRouteDetailForTheme,
 83 |   generateMockRoutePlan,
 84 |   calculateWalkingMinutes,
 85 |   calculateRouteLegs,
 86 |   createLocalRoutePlan,
    :   ^^^^^^^^^^|^^^^^^^^^
    :             `-- exported more than once
 87 |   encodeRoutePlanForShare,
 88 |   decodeRoutePlanFromShare,
 88 |   buildLocalRouteShareUrl,
    `----

Error: 
  > Exported identifiers must be unique

  x the name `encodeRoutePlanForShare` is exported multiple times
    ,-[/app/lib/domain/index.ts:36:1]
 36 |   calculateWalkingMinutes,
 37 |   calculateRouteLegs,
 38 |   createLocalRoutePlan,
 39 |   encodeRoutePlanForShare,
    :   ^^^^^^^^^^^|^^^^^^^^^^^
    :              `-- previous exported here
 40 |   decodeRoutePlanFromShare,
 41 |   buildLocalRouteShareUrl,
 42 |   createRouteProgressState,
 43 |   parseRouteProgressState,
 44 |   buildGoogleMapsDirectionsUrl,
 45 |   buildGoogleMapsPlaceUrl,
 46 |   buildRouteMapUrl,
 47 |   buildRouteStopDetailUrl,
 48 |   formatDuration,
 49 |   parseStartTime,
 50 |   generateRouteDirections
 51 | } from './routes';
 52 | 
 53 | // YouTube
 54 | export { extractVideoId, detectSnsPlatform, getThumbnailUrl, isValidYoutubeUrl, isInstagramUrl, type SnsPlatform } from './youtube';
 55 | 
 56 | // Tour API
 57 | export { fetchTourApiData } from './tourapi';
 58 | 
 59 | // Docent
 60 | export { generateDocentCaption } from './docent';
 61 | 
 62 | // Facilities
 63 | export { FACILITY_ICONS, FACILITY_NAMES, type FacilityCategory } from './facilities';
 64 | 
 65 | // Routes
 66 | export { 
 67 |   ROUTE_THEMES, 
 68 |   CURRENT_ROUTE_STORAGE_KEY,
 69 |   ROUTE_PROGRESS_STORAGE_KEY,
 70 |   ROUTE_THEME_OPTIONS,
 71 |   type RouteTheme,
 72 |   type RouteDetailOption,
 73 |   type RouteThemeOption,
 74 |   type RouteStop,
 75 |   type RoutePlan,
 76 |   type RouteLeg,
 77 |   type RouteProgressState,
 78 |   type LocalizedRouteOptionCopy,
 79 |   type LocalizedRoutePlanCopy,
 80 |   isRouteTheme,
 81 |   getRouteDetails,
 82 |   isRouteDetailForTheme,
 83 |   generateMockRoutePlan,
 84 |   calculateWalkingMinutes,
 85 |   calculateRouteLegs,
 86 |   createLocalRoutePlan,
 87 |   encodeRoutePlanForShare,
    :   ^^^^^^^^^^^|^^^^^^^^^^^
    :              `-- exported more than once
 88 |   decodeRoutePlanFromShare,
 89 |   buildLocalRouteShareUrl,
 89 |   createRouteProgressState,
    `----

Error: 
  > Exported identifiers must be unique

  x the name `decodeRoutePlanFromShare` is exported multiple times
    ,-[/app/lib/domain/index.ts:37:1]
 37 |   calculateRouteLegs,
 38 |   createLocalRoutePlan,
 39 |   encodeRoutePlanForShare,
 40 |   decodeRoutePlanFromShare,
    :   ^^^^^^^^^^^^|^^^^^^^^^^^
    :               `-- previous exported here
 41 |   buildLocalRouteShareUrl,
 42 |   createRouteProgressState,
 43 |   parseRouteProgressState,
 44 |   buildGoogleMapsDirectionsUrl,
 45 |   buildGoogleMapsPlaceUrl,
 46 |   buildRouteMapUrl,
 47 |   buildRouteStopDetailUrl,
 48 |   formatDuration,
 49 |   parseStartTime,
 50 |   generateRouteDirections
 51 | } from './routes';
 52 | 
 53 | // YouTube
 54 | export { extractVideoId, detectSnsPlatform, getThumbnailUrl, isValidYoutubeUrl, isInstagramUrl, type SnsPlatform } from './youtube';
 55 | 
 56 | // Tour API
 57 | export { fetchTourApiData } from './tourapi';
 58 | 
 59 | // Docent
 60 | export { generateDocentCaption } from './docent';
 61 | 
 62 | // Facilities
 63 | export { FACILITY_ICONS, FACILITY_NAMES, type FacilityCategory } from './facilities';
 64 | 
 65 | // Routes
 66 | export { 
 67 |   ROUTE_THEMES, 
 68 |   CURRENT_ROUTE_STORAGE_KEY,
 69 |   ROUTE_PROGRESS_STORAGE_KEY,
 70 |   ROUTE_THEME_OPTIONS,
 71 |   type RouteTheme,
 72 |   type RouteDetailOption,
 73 |   type RouteThemeOption,
 74 |   type RouteStop,
 75 |   type RoutePlan,
 76 |   type RouteLeg,
 77 |   type RouteProgressState,
 78 |   type LocalizedRouteOptionCopy,
 79 |   type LocalizedRoutePlanCopy,
 80 |   isRouteTheme,
 81 |   getRouteDetails,
 82 |   isRouteDetailForTheme,
 83 |   generateMockRoutePlan,
 84 |   calculateWalkingMinutes,
 85 |   calculateRouteLegs,
 86 |   createLocalRoutePlan,
 87 |   encodeRoutePlanForShare,
 88 |   decodeRoutePlanFromShare,
    :   ^^^^^^^^^^^^|^^^^^^^^^^^
    :               `-- exported more than once
 89 |   buildLocalRouteShareUrl,
 90 |   createRouteProgressState,
 90 |   parseRouteProgressState,
    `----

Error: 
  > Exported identifiers must be unique

  x the name `buildLocalRouteShareUrl` is exported multiple times
    ,-[/app/lib/domain/index.ts:38:1]
 38 |   createLocalRoutePlan,
 39 |   encodeRoutePlanForShare,
 40 |   decodeRoutePlanFromShare,
 41 |   buildLocalRouteShareUrl,
    :   ^^^^^^^^^^^|^^^^^^^^^^^
    :              `-- previous exported here
 42 |   createRouteProgressState,
 43 |   parseRouteProgressState,
 44 |   buildGoogleMapsDirectionsUrl,
 45 |   buildGoogleMapsPlaceUrl,
 46 |   buildRouteMapUrl,
 47 |   buildRouteStopDetailUrl,
 48 |   formatDuration,
 49 |   parseStartTime,
 50 |   generateRouteDirections
 51 | } from './routes';
 52 | 
 53 | // YouTube
 54 | export { extractVideoId, detectSnsPlatform, getThumbnailUrl, isValidYoutubeUrl, isInstagramUrl, type SnsPlatform } from './youtube';
 55 | 
 56 | // Tour API
 57 | export { fetchTourApiData } from './tourapi';
 58 | 
 59 | // Docent
 60 | export { generateDocentCaption } from './docent';
 61 | 
 62 | // Facilities
 63 | export { FACILITY_ICONS, FACILITY_NAMES, type FacilityCategory } from './facilities';
 64 | 
 65 | // Routes
 66 | export { 
 67 |   ROUTE_THEMES, 
 68 |   CURRENT_ROUTE_STORAGE_KEY,
 69 |   ROUTE_PROGRESS_STORAGE_KEY,
 70 |   ROUTE_THEME_OPTIONS,
 71 |   type RouteTheme,
 72 |   type RouteDetailOption,
 73 |   type RouteThemeOption,
 74 |   type RouteStop,
 75 |   type RoutePlan,
 76 |   type RouteLeg,
 77 |   type RouteProgressState,
 78 |   type LocalizedRouteOptionCopy,
 79 |   type LocalizedRoutePlanCopy,
 80 |   isRouteTheme,
 81 |   getRouteDetails,
 82 |   isRouteDetailForTheme,
 83 |   generateMockRoutePlan,
 84 |   calculateWalkingMinutes,
 85 |   calculateRouteLegs,
 86 |   createLocalRoutePlan,
 87 |   encodeRoutePlanForShare,
 88 |   decodeRoutePlanFromShare,
 89 |   buildLocalRouteShareUrl,
    :   ^^^^^^^^^^^|^^^^^^^^^^^
    :              `-- exported more than once
 90 |   createRouteProgressState,
 91 |   parseRouteProgressState,
 91 |   buildGoogleMapsDirectionsUrl,
    `----

Error: 
  > Exported identifiers must be unique

  x the name `createRouteProgressState` is exported multiple times
    ,-[/app/lib/domain/index.ts:39:1]
 39 |   encodeRoutePlanForShare,
 40 |   decodeRoutePlanFromShare,
 41 |   buildLocalRouteShareUrl,
 42 |   createRouteProgressState,
    :   ^^^^^^^^^^^^|^^^^^^^^^^^
    :               `-- previous exported here
 43 |   parseRouteProgressState,
 44 |   buildGoogleMapsDirectionsUrl,
 45 |   buildGoogleMapsPlaceUrl,
 46 |   buildRouteMapUrl,
 47 |   buildRouteStopDetailUrl,
 48 |   formatDuration,
 49 |   parseStartTime,
 50 |   generateRouteDirections
 51 | } from './routes';
 52 | 
 53 | // YouTube
 54 | export { extractVideoId, detectSnsPlatform, getThumbnailUrl, isValidYoutubeUrl, isInstagramUrl, type SnsPlatform } from './youtube';
 55 | 
 56 | // Tour API
 57 | export { fetchTourApiData } from './tourapi';
 58 | 
 59 | // Docent
 60 | export { generateDocentCaption } from './docent';
 61 | 
 62 | // Facilities
 63 | export { FACILITY_ICONS, FACILITY_NAMES, type FacilityCategory } from './facilities';
 64 | 
 65 | // Routes
 66 | export { 
 67 |   ROUTE_THEMES, 
 68 |   CURRENT_ROUTE_STORAGE_KEY,
 69 |   ROUTE_PROGRESS_STORAGE_KEY,
 70 |   ROUTE_THEME_OPTIONS,
 71 |   type RouteTheme,
 72 |   type RouteDetailOption,
 73 |   type RouteThemeOption,
 74 |   type RouteStop,
 75 |   type RoutePlan,
 76 |   type RouteLeg,
 77 |   type RouteProgressState,
 78 |   type LocalizedRouteOptionCopy,
 79 |   type LocalizedRoutePlanCopy,
 80 |   isRouteTheme,
 81 |   getRouteDetails,
 82 |   isRouteDetailForTheme,
 83 |   generateMockRoutePlan,
 84 |   calculateWalkingMinutes,
 85 |   calculateRouteLegs,
 86 |   createLocalRoutePlan,
 87 |   encodeRoutePlanForShare,
 88 |   decodeRoutePlanFromShare,
 89 |   buildLocalRouteShareUrl,
 90 |   createRouteProgressState,
    :   ^^^^^^^^^^^^|^^^^^^^^^^^
    :               `-- exported more than once
 91 |   parseRouteProgressState,
 92 |   buildGoogleMapsDirectionsUrl,
 92 |   buildGoogleMapsPlaceUrl,
    `----

Error: 
  > Exported identifiers must be unique

  x the name `parseRouteProgressState` is exported multiple times
    ,-[/app/lib/domain/index.ts:40:1]
 40 |   decodeRoutePlanFromShare,
 41 |   buildLocalRouteShareUrl,
 42 |   createRouteProgressState,
 43 |   parseRouteProgressState,
    :   ^^^^^^^^^^^|^^^^^^^^^^^
    :              `-- previous exported here
 44 |   buildGoogleMapsDirectionsUrl,
 45 |   buildGoogleMapsPlaceUrl,
 46 |   buildRouteMapUrl,
 47 |   buildRouteStopDetailUrl,
 48 |   formatDuration,
 49 |   parseStartTime,
 50 |   generateRouteDirections
 51 | } from './routes';
 52 | 
 53 | // YouTube
 54 | export { extractVideoId, detectSnsPlatform, getThumbnailUrl, isValidYoutubeUrl, isInstagramUrl, type SnsPlatform } from './youtube';
 55 | 
 56 | // Tour API
 57 | export { fetchTourApiData } from './tourapi';
 58 | 
 59 | // Docent
 60 | export { generateDocentCaption } from './docent';
 61 | 
 62 | // Facilities
 63 | export { FACILITY_ICONS, FACILITY_NAMES, type FacilityCategory } from './facilities';
 64 | 
 65 | // Routes
 66 | export { 
 67 |   ROUTE_THEMES, 
 68 |   CURRENT_ROUTE_STORAGE_KEY,
 69 |   ROUTE_PROGRESS_STORAGE_KEY,
 70 |   ROUTE_THEME_OPTIONS,
 71 |   type RouteTheme,
 72 |   type RouteDetailOption,
 73 |   type RouteThemeOption,
 74 |   type RouteStop,
 75 |   type RoutePlan,
 76 |   type RouteLeg,
 77 |   type RouteProgressState,
 78 |   type LocalizedRouteOptionCopy,
 79 |   type LocalizedRoutePlanCopy,
 80 |   isRouteTheme,
 81 |   getRouteDetails,
 82 |   isRouteDetailForTheme,
 83 |   generateMockRoutePlan,
 84 |   calculateWalkingMinutes,
 85 |   calculateRouteLegs,
 86 |   createLocalRoutePlan,
 87 |   encodeRoutePlanForShare,
 88 |   decodeRoutePlanFromShare,
 89 |   buildLocalRouteShareUrl,
 90 |   createRouteProgressState,
 91 |   parseRouteProgressState,
    :   ^^^^^^^^^^^|^^^^^^^^^^^
    :              `-- exported more than once
 92 |   buildGoogleMapsDirectionsUrl,
 93 |   buildGoogleMapsPlaceUrl,
 93 |   buildRouteMapUrl,
    `----

Error: 
  > Exported identifiers must be unique

  x the name `buildGoogleMapsDirectionsUrl` is exported multiple times
    ,-[/app/lib/domain/index.ts:41:1]
 41 |   buildLocalRouteShareUrl,
 42 |   createRouteProgressState,
 43 |   parseRouteProgressState,
 44 |   buildGoogleMapsDirectionsUrl,
    :   ^^^^^^^^^^^^^^|^^^^^^^^^^^^^
    :                 `-- previous exported here
 45 |   buildGoogleMapsPlaceUrl,
 46 |   buildRouteMapUrl,
 47 |   buildRouteStopDetailUrl,
 48 |   formatDuration,
 49 |   parseStartTime,
 50 |   generateRouteDirections
 51 | } from './routes';
 52 | 
 53 | // YouTube
 54 | export { extractVideoId, detectSnsPlatform, getThumbnailUrl, isValidYoutubeUrl, isInstagramUrl, type SnsPlatform } from './youtube';
 55 | 
 56 | // Tour API
 57 | export { fetchTourApiData } from './tourapi';
 58 | 
 59 | // Docent
 60 | export { generateDocentCaption } from './docent';
 61 | 
 62 | // Facilities
 63 | export { FACILITY_ICONS, FACILITY_NAMES, type FacilityCategory } from './facilities';
 64 | 
 65 | // Routes
 66 | export { 
 67 |   ROUTE_THEMES, 
 68 |   CURRENT_ROUTE_STORAGE_KEY,
 69 |   ROUTE_PROGRESS_STORAGE_KEY,
 70 |   ROUTE_THEME_OPTIONS,
 71 |   type RouteTheme,
 72 |   type RouteDetailOption,
 73 |   type RouteThemeOption,
 74 |   type RouteStop,
 75 |   type RoutePlan,
 76 |   type RouteLeg,
 77 |   type RouteProgressState,
 78 |   type LocalizedRouteOptionCopy,
 79 |   type LocalizedRoutePlanCopy,
 80 |   isRouteTheme,
 81 |   getRouteDetails,
 82 |   isRouteDetailForTheme,
 83 |   generateMockRoutePlan,
 84 |   calculateWalkingMinutes,
 85 |   calculateRouteLegs,
 86 |   createLocalRoutePlan,
 87 |   encodeRoutePlanForShare,
 88 |   decodeRoutePlanFromShare,
 89 |   buildLocalRouteShareUrl,
 90 |   createRouteProgressState,
 91 |   parseRouteProgressState,
 92 |   buildGoogleMapsDirectionsUrl,
    :   ^^^^^^^^^^^^^^|^^^^^^^^^^^^^
    :                 `-- exported more than once
 93 |   buildGoogleMapsPlaceUrl,
 94 |   buildRouteMapUrl,
 94 |   buildRouteStopDetailUrl,
    `----

Error: 
  > Exported identifiers must be unique

  x the name `buildGoogleMapsPlaceUrl` is exported multiple times
    ,-[/app/lib/domain/index.ts:42:1]
 42 |   createRouteProgressState,
 43 |   parseRouteProgressState,
 44 |   buildGoogleMapsDirectionsUrl,
 45 |   buildGoogleMapsPlaceUrl,
    :   ^^^^^^^^^^^|^^^^^^^^^^^
    :              `-- previous exported here
 46 |   buildRouteMapUrl,
 47 |   buildRouteStopDetailUrl,
 48 |   formatDuration,
 49 |   parseStartTime,
 50 |   generateRouteDirections
 51 | } from './routes';
 52 | 
 53 | // YouTube
 54 | export { extractVideoId, detectSnsPlatform, getThumbnailUrl, isValidYoutubeUrl, isInstagramUrl, type SnsPlatform } from './youtube';
 55 | 
 56 | // Tour API
 57 | export { fetchTourApiData } from './tourapi';
 58 | 
 59 | // Docent
 60 | export { generateDocentCaption } from './docent';
 61 | 
 62 | // Facilities
 63 | export { FACILITY_ICONS, FACILITY_NAMES, type FacilityCategory } from './facilities';
 64 | 
 65 | // Routes
 66 | export { 
 67 |   ROUTE_THEMES, 
 68 |   CURRENT_ROUTE_STORAGE_KEY,
 69 |   ROUTE_PROGRESS_STORAGE_KEY,
 70 |   ROUTE_THEME_OPTIONS,
 71 |   type RouteTheme,
 72 |   type RouteDetailOption,
 73 |   type RouteThemeOption,
 74 |   type RouteStop,
 75 |   type RoutePlan,
 76 |   type RouteLeg,
 77 |   type RouteProgressState,
 78 |   type LocalizedRouteOptionCopy,
 79 |   type LocalizedRoutePlanCopy,
 80 |   isRouteTheme,
 81 |   getRouteDetails,
 82 |   isRouteDetailForTheme,
 83 |   generateMockRoutePlan,
 84 |   calculateWalkingMinutes,
 85 |   calculateRouteLegs,
 86 |   createLocalRoutePlan,
 87 |   encodeRoutePlanForShare,
 88 |   decodeRoutePlanFromShare,
 89 |   buildLocalRouteShareUrl,
 90 |   createRouteProgressState,
 91 |   parseRouteProgressState,
 92 |   buildGoogleMapsDirectionsUrl,
 93 |   buildGoogleMapsPlaceUrl,
    :   ^^^^^^^^^^^|^^^^^^^^^^^
    :              `-- exported more than once
 94 |   buildRouteMapUrl,
 95 |   buildRouteStopDetailUrl,
 95 |   formatDuration,
    `----

Error: 
  > Exported identifiers must be unique

  x the name `buildRouteMapUrl` is exported multiple times
    ,-[/app/lib/domain/index.ts:43:1]
 43 |   parseRouteProgressState,
 44 |   buildGoogleMapsDirectionsUrl,
 45 |   buildGoogleMapsPlaceUrl,
 46 |   buildRouteMapUrl,
    :   ^^^^^^^^|^^^^^^^
    :           `-- previous exported here
 47 |   buildRouteStopDetailUrl,
 48 |   formatDuration,
 49 |   parseStartTime,
 50 |   generateRouteDirections
 51 | } from './routes';
 52 | 
 53 | // YouTube
 54 | export { extractVideoId, detectSnsPlatform, getThumbnailUrl, isValidYoutubeUrl, isInstagramUrl, type SnsPlatform } from './youtube';
 55 | 
 56 | // Tour API
 57 | export { fetchTourApiData } from './tourapi';
 58 | 
 59 | // Docent
 60 | export { generateDocentCaption } from './docent';
 61 | 
 62 | // Facilities
 63 | export { FACILITY_ICONS, FACILITY_NAMES, type FacilityCategory } from './facilities';
 64 | 
 65 | // Routes
 66 | export { 
 67 |   ROUTE_THEMES, 
 68 |   CURRENT_ROUTE_STORAGE_KEY,
 69 |   ROUTE_PROGRESS_STORAGE_KEY,
 70 |   ROUTE_THEME_OPTIONS,
 71 |   type RouteTheme,
 72 |   type RouteDetailOption,
 73 |   type RouteThemeOption,
 74 |   type RouteStop,
 75 |   type RoutePlan,
 76 |   type RouteLeg,
 77 |   type RouteProgressState,
 78 |   type LocalizedRouteOptionCopy,
 79 |   type LocalizedRoutePlanCopy,
 80 |   isRouteTheme,
 81 |   getRouteDetails,
 82 |   isRouteDetailForTheme,
 83 |   generateMockRoutePlan,
 84 |   calculateWalkingMinutes,
 85 |   calculateRouteLegs,
 86 |   createLocalRoutePlan,
 87 |   encodeRoutePlanForShare,
 88 |   decodeRoutePlanFromShare,
 89 |   buildLocalRouteShareUrl,
 90 |   createRouteProgressState,
 91 |   parseRouteProgressState,
 92 |   buildGoogleMapsDirectionsUrl,
 93 |   buildGoogleMapsPlaceUrl,
 94 |   buildRouteMapUrl,
    :   ^^^^^^^^|^^^^^^^
    :           `-- exported more than once
 95 |   buildRouteStopDetailUrl,
 96 |   formatDuration,
 96 |   parseStartTime,
    `----

Error: 
  > Exported identifiers must be unique

  x the name `buildRouteStopDetailUrl` is exported multiple times
    ,-[/app/lib/domain/index.ts:44:1]
 44 |   buildGoogleMapsDirectionsUrl,
 45 |   buildGoogleMapsPlaceUrl,
 46 |   buildRouteMapUrl,
 47 |   buildRouteStopDetailUrl,
    :   ^^^^^^^^^^^|^^^^^^^^^^^
    :              `-- previous exported here
 48 |   formatDuration,
 49 |   parseStartTime,
 50 |   generateRouteDirections
 51 | } from './routes';
 52 | 
 53 | // YouTube
 54 | export { extractVideoId, detectSnsPlatform, getThumbnailUrl, isValidYoutubeUrl, isInstagramUrl, type SnsPlatform } from './youtube';
 55 | 
 56 | // Tour API
 57 | export { fetchTourApiData } from './tourapi';
 58 | 
 59 | // Docent
 60 | export { generateDocentCaption } from './docent';
 61 | 
 62 | // Facilities
 63 | export { FACILITY_ICONS, FACILITY_NAMES, type FacilityCategory } from './facilities';
 64 | 
 65 | // Routes
 66 | export { 
 67 |   ROUTE_THEMES, 
 68 |   CURRENT_ROUTE_STORAGE_KEY,
 69 |   ROUTE_PROGRESS_STORAGE_KEY,
 70 |   ROUTE_THEME_OPTIONS,
 71 |   type RouteTheme,
 72 |   type RouteDetailOption,
 73 |   type RouteThemeOption,
 74 |   type RouteStop,
 75 |   type RoutePlan,
 76 |   type RouteLeg,
 77 |   type RouteProgressState,
 78 |   type LocalizedRouteOptionCopy,
 79 |   type LocalizedRoutePlanCopy,
 80 |   isRouteTheme,
 81 |   getRouteDetails,
 82 |   isRouteDetailForTheme,
 83 |   generateMockRoutePlan,
 84 |   calculateWalkingMinutes,
 85 |   calculateRouteLegs,
 86 |   createLocalRoutePlan,
 87 |   encodeRoutePlanForShare,
 88 |   decodeRoutePlanFromShare,
 89 |   buildLocalRouteShareUrl,
 90 |   createRouteProgressState,
 91 |   parseRouteProgressState,
 92 |   buildGoogleMapsDirectionsUrl,
 93 |   buildGoogleMapsPlaceUrl,
 94 |   buildRouteMapUrl,
 95 |   buildRouteStopDetailUrl,
    :   ^^^^^^^^^^^|^^^^^^^^^^^
    :              `-- exported more than once
 96 |   formatDuration,
 97 |   parseStartTime,
 97 |   generateRouteDirections
    `----

Error: 
  > Exported identifiers must be unique

  x the name `formatDuration` is exported multiple times
    ,-[/app/lib/domain/index.ts:45:1]
 45 |   buildGoogleMapsPlaceUrl,
 46 |   buildRouteMapUrl,
 47 |   buildRouteStopDetailUrl,
 48 |   formatDuration,
    :   ^^^^^^^|^^^^^^
    :          `-- previous exported here
 49 |   parseStartTime,
 50 |   generateRouteDirections
 51 | } from './routes';
 52 | 
 53 | // YouTube
 54 | export { extractVideoId, detectSnsPlatform, getThumbnailUrl, isValidYoutubeUrl, isInstagramUrl, type SnsPlatform } from './youtube';
 55 | 
 56 | // Tour API
 57 | export { fetchTourApiData } from './tourapi';
 58 | 
 59 | // Docent
 60 | export { generateDocentCaption } from './docent';
 61 | 
 62 | // Facilities
 63 | export { FACILITY_ICONS, FACILITY_NAMES, type FacilityCategory } from './facilities';
 64 | 
 65 | // Routes
 66 | export { 
 67 |   ROUTE_THEMES, 
 68 |   CURRENT_ROUTE_STORAGE_KEY,
 69 |   ROUTE_PROGRESS_STORAGE_KEY,
 70 |   ROUTE_THEME_OPTIONS,
 71 |   type RouteTheme,
 72 |   type RouteDetailOption,
 73 |   type RouteThemeOption,
 74 |   type RouteStop,
 75 |   type RoutePlan,
 76 |   type RouteLeg,
 77 |   type RouteProgressState,
 78 |   type LocalizedRouteOptionCopy,
 79 |   type LocalizedRoutePlanCopy,
 80 |   isRouteTheme,
 81 |   getRouteDetails,
 82 |   isRouteDetailForTheme,
 83 |   generateMockRoutePlan,
 84 |   calculateWalkingMinutes,
 85 |   calculateRouteLegs,
 86 |   createLocalRoutePlan,
 87 |   encodeRoutePlanForShare,
 88 |   decodeRoutePlanFromShare,
 89 |   buildLocalRouteShareUrl,
 90 |   createRouteProgressState,
 91 |   parseRouteProgressState,
 92 |   buildGoogleMapsDirectionsUrl,
 93 |   buildGoogleMapsPlaceUrl,
 94 |   buildRouteMapUrl,
 95 |   buildRouteStopDetailUrl,
 96 |   formatDuration,
    :   ^^^^^^^|^^^^^^
    :          `-- exported more than once
 97 |   parseStartTime,
 98 |   generateRouteDirections
 98 | } from './routes';
    `----

Error: 
  > Exported identifiers must be unique

  x the name `parseStartTime` is exported multiple times
    ,-[/app/lib/domain/index.ts:46:1]
 46 |   buildRouteMapUrl,
 47 |   buildRouteStopDetailUrl,
 48 |   formatDuration,
 49 |   parseStartTime,
    :   ^^^^^^^|^^^^^^
    :          `-- previous exported here
 50 |   generateRouteDirections
 51 | } from './routes';
 52 | 
 53 | // YouTube
 54 | export { extractVideoId, detectSnsPlatform, getThumbnailUrl, isValidYoutubeUrl, isInstagramUrl, type SnsPlatform } from './youtube';
 55 | 
 56 | // Tour API
 57 | export { fetchTourApiData } from './tourapi';
 58 | 
 59 | // Docent
 60 | export { generateDocentCaption } from './docent';
 61 | 
 62 | // Facilities
 63 | export { FACILITY_ICONS, FACILITY_NAMES, type FacilityCategory } from './facilities';
 64 | 
 65 | // Routes
 66 | export { 
 67 |   ROUTE_THEMES, 
 68 |   CURRENT_ROUTE_STORAGE_KEY,
 69 |   ROUTE_PROGRESS_STORAGE_KEY,
 70 |   ROUTE_THEME_OPTIONS,
 71 |   type RouteTheme,
 72 |   type RouteDetailOption,
 73 |   type RouteThemeOption,
 74 |   type RouteStop,
 75 |   type RoutePlan,
 76 |   type RouteLeg,
 77 |   type RouteProgressState,
 78 |   type LocalizedRouteOptionCopy,
 79 |   type LocalizedRoutePlanCopy,
 80 |   isRouteTheme,
 81 |   getRouteDetails,
 82 |   isRouteDetailForTheme,
 83 |   generateMockRoutePlan,
 84 |   calculateWalkingMinutes,
 85 |   calculateRouteLegs,
 86 |   createLocalRoutePlan,
 87 |   encodeRoutePlanForShare,
 88 |   decodeRoutePlanFromShare,
 89 |   buildLocalRouteShareUrl,
 90 |   createRouteProgressState,
 91 |   parseRouteProgressState,
 92 |   buildGoogleMapsDirectionsUrl,
 93 |   buildGoogleMapsPlaceUrl,
 94 |   buildRouteMapUrl,
 95 |   buildRouteStopDetailUrl,
 96 |   formatDuration,
 97 |   parseStartTime,
    :   ^^^^^^^|^^^^^^
    :          `-- exported more than once
 98 |   generateRouteDirections
 99 | } from './routes';
 99 | 
    `----

Error: 
  > Exported identifiers must be unique

  x the name `generateRouteDirections` is exported multiple times
     ,-[/app/lib/domain/index.ts:47:1]
  47 |   buildRouteStopDetailUrl,
  48 |   formatDuration,
  49 |   parseStartTime,
  50 |   generateRouteDirections
     :   ^^^^^^^^^^^|^^^^^^^^^^^
     :              `-- previous exported here
  51 | } from './routes';
  52 | 
  53 | // YouTube
  54 | export { extractVideoId, detectSnsPlatform, getThumbnailUrl, isValidYoutubeUrl, isInstagramUrl, type SnsPlatform } from './youtube';
  55 | 
  56 | // Tour API
  57 | export { fetchTourApiData } from './tourapi';
  58 | 
  59 | // Docent
  60 | export { generateDocentCaption } from './docent';
  61 | 
  62 | // Facilities
  63 | export { FACILITY_ICONS, FACILITY_NAMES, type FacilityCategory } from './facilities';
  64 | 
  65 | // Routes
  66 | export { 
  67 |   ROUTE_THEMES, 
  68 |   CURRENT_ROUTE_STORAGE_KEY,
  69 |   ROUTE_PROGRESS_STORAGE_KEY,
  70 |   ROUTE_THEME_OPTIONS,
  71 |   type RouteTheme,
  72 |   type RouteDetailOption,
  73 |   type RouteThemeOption,
  74 |   type RouteStop,
  75 |   type RoutePlan,
  76 |   type RouteLeg,
  77 |   type RouteProgressState,
  78 |   type LocalizedRouteOptionCopy,
  79 |   type LocalizedRoutePlanCopy,
  80 |   isRouteTheme,
  81 |   getRouteDetails,
  82 |   isRouteDetailForTheme,
  83 |   generateMockRoutePlan,
  84 |   calculateWalkingMinutes,
  85 |   calculateRouteLegs,
  86 |   createLocalRoutePlan,
  87 |   encodeRoutePlanForShare,
  88 |   decodeRoutePlanFromShare,
  89 |   buildLocalRouteShareUrl,
  90 |   createRouteProgressState,
  91 |   parseRouteProgressState,
  92 |   buildGoogleMapsDirectionsUrl,
  93 |   buildGoogleMapsPlaceUrl,
  94 |   buildRouteMapUrl,
  95 |   buildRouteStopDetailUrl,
  96 |   formatDuration,
  97 |   parseStartTime,
  98 |   generateRouteDirections
     :   ^^^^^^^^^^^|^^^^^^^^^^^
     :              `-- exported more than once
  99 | } from './routes';
 100 | 
 100 | // YouTube
     `----

Error: 
  > Exported identifiers must be unique

  x the name `extractVideoId` is exported multiple times
     ,-[/app/lib/domain/index.ts:51:1]
  51 | } from './routes';
  52 | 
  53 | // YouTube
  54 | export { extractVideoId, detectSnsPlatform, getThumbnailUrl, isValidYoutubeUrl, isInstagramUrl, type SnsPlatform } from './youtube';
     :          ^^^^^^^|^^^^^^
     :                 `-- previous exported here
  55 | 
  56 | // Tour API
  57 | export { fetchTourApiData } from './tourapi';
  58 | 
  59 | // Docent
  60 | export { generateDocentCaption } from './docent';
  61 | 
  62 | // Facilities
  63 | export { FACILITY_ICONS, FACILITY_NAMES, type FacilityCategory } from './facilities';
  64 | 
  65 | // Routes
  66 | export { 
  67 |   ROUTE_THEMES, 
  68 |   CURRENT_ROUTE_STORAGE_KEY,
  69 |   ROUTE_PROGRESS_STORAGE_KEY,
  70 |   ROUTE_THEME_OPTIONS,
  71 |   type RouteTheme,
  72 |   type RouteDetailOption,
  73 |   type RouteThemeOption,
  74 |   type RouteStop,
  75 |   type RoutePlan,
  76 |   type RouteLeg,
  77 |   type RouteProgressState,
  78 |   type LocalizedRouteOptionCopy,
  79 |   type LocalizedRoutePlanCopy,
  80 |   isRouteTheme,
  81 |   getRouteDetails,
  82 |   isRouteDetailForTheme,
  83 |   generateMockRoutePlan,
  84 |   calculateWalkingMinutes,
  85 |   calculateRouteLegs,
  86 |   createLocalRoutePlan,
  87 |   encodeRoutePlanForShare,
  88 |   decodeRoutePlanFromShare,
  89 |   buildLocalRouteShareUrl,
  90 |   createRouteProgressState,
  91 |   parseRouteProgressState,
  92 |   buildGoogleMapsDirectionsUrl,
  93 |   buildGoogleMapsPlaceUrl,
  94 |   buildRouteMapUrl,
  95 |   buildRouteStopDetailUrl,
  96 |   formatDuration,
  97 |   parseStartTime,
  98 |   generateRouteDirections
  99 | } from './routes';
 100 | 
 101 | // YouTube
 102 | export { extractVideoId, detectSnsPlatform, getThumbnailUrl, isValidYoutubeUrl, isInstagramUrl, type SnsPlatform } from './youtube';
     :          ^^^^^^^|^^^^^^
     :                 `-- exported more than once
 103 | 
 104 | // Tour API
 104 | export { fetchTourApiData } from './tourapi';
     `----

Error: 
  > Exported identifiers must be unique

  x the name `detectSnsPlatform` is exported multiple times
     ,-[/app/lib/domain/index.ts:51:1]
  51 | } from './routes';
  52 | 
  53 | // YouTube
  54 | export { extractVideoId, detectSnsPlatform, getThumbnailUrl, isValidYoutubeUrl, isInstagramUrl, type SnsPlatform } from './youtube';
     :                          ^^^^^^^^|^^^^^^^^
     :                                  `-- previous exported here
  55 | 
  56 | // Tour API
  57 | export { fetchTourApiData } from './tourapi';
  58 | 
  59 | // Docent
  60 | export { generateDocentCaption } from './docent';
  61 | 
  62 | // Facilities
  63 | export { FACILITY_ICONS, FACILITY_NAMES, type FacilityCategory } from './facilities';
  64 | 
  65 | // Routes
  66 | export { 
  67 |   ROUTE_THEMES, 
  68 |   CURRENT_ROUTE_STORAGE_KEY,
  69 |   ROUTE_PROGRESS_STORAGE_KEY,
  70 |   ROUTE_THEME_OPTIONS,
  71 |   type RouteTheme,
  72 |   type RouteDetailOption,
  73 |   type RouteThemeOption,
  74 |   type RouteStop,
  75 |   type RoutePlan,
  76 |   type RouteLeg,
  77 |   type RouteProgressState,
  78 |   type LocalizedRouteOptionCopy,
  79 |   type LocalizedRoutePlanCopy,
  80 |   isRouteTheme,
  81 |   getRouteDetails,
  82 |   isRouteDetailForTheme,
  83 |   generateMockRoutePlan,
  84 |   calculateWalkingMinutes,
  85 |   calculateRouteLegs,
  86 |   createLocalRoutePlan,
  87 |   encodeRoutePlanForShare,
  88 |   decodeRoutePlanFromShare,
  89 |   buildLocalRouteShareUrl,
  90 |   createRouteProgressState,
  91 |   parseRouteProgressState,
  92 |   buildGoogleMapsDirectionsUrl,
  93 |   buildGoogleMapsPlaceUrl,
  94 |   buildRouteMapUrl,
  95 |   buildRouteStopDetailUrl,
  96 |   formatDuration,
  97 |   parseStartTime,
  98 |   generateRouteDirections
  99 | } from './routes';
 100 | 
 101 | // YouTube
 102 | export { extractVideoId, detectSnsPlatform, getThumbnailUrl, isValidYoutubeUrl, isInstagramUrl, type SnsPlatform } from './youtube';
     :                          ^^^^^^^^|^^^^^^^^
     :                                  `-- exported more than once
 103 | 
 104 | // Tour API
 104 | export { fetchTourApiData } from './tourapi';
     `----

Error: 
  > Exported identifiers must be unique

  x the name `getThumbnailUrl` is exported multiple times
     ,-[/app/lib/domain/index.ts:51:1]
  51 | } from './routes';
  52 | 
  53 | // YouTube
  54 | export { extractVideoId, detectSnsPlatform, getThumbnailUrl, isValidYoutubeUrl, isInstagramUrl, type SnsPlatform } from './youtube';
     :                                             ^^^^^^^|^^^^^^^
     :                                                    `-- previous exported here
  55 | 
  56 | // Tour API
  57 | export { fetchTourApiData } from './tourapi';
  58 | 
  59 | // Docent
  60 | export { generateDocentCaption } from './docent';
  61 | 
  62 | // Facilities
  63 | export { FACILITY_ICONS, FACILITY_NAMES, type FacilityCategory } from './facilities';
  64 | 
  65 | // Routes
  66 | export { 
  67 |   ROUTE_THEMES, 
  68 |   CURRENT_ROUTE_STORAGE_KEY,
  69 |   ROUTE_PROGRESS_STORAGE_KEY,
  70 |   ROUTE_THEME_OPTIONS,
  71 |   type RouteTheme,
  72 |   type RouteDetailOption,
  73 |   type RouteThemeOption,
  74 |   type RouteStop,
  75 |   type RoutePlan,
  76 |   type RouteLeg,
  77 |   type RouteProgressState,
  78 |   type LocalizedRouteOptionCopy,
  79 |   type LocalizedRoutePlanCopy,
  80 |   isRouteTheme,
  81 |   getRouteDetails,
  82 |   isRouteDetailForTheme,
  83 |   generateMockRoutePlan,
  84 |   calculateWalkingMinutes,
  85 |   calculateRouteLegs,
  86 |   createLocalRoutePlan,
  87 |   encodeRoutePlanForShare,
  88 |   decodeRoutePlanFromShare,
  89 |   buildLocalRouteShareUrl,
  90 |   createRouteProgressState,
  91 |   parseRouteProgressState,
  92 |   buildGoogleMapsDirectionsUrl,
  93 |   buildGoogleMapsPlaceUrl,
  94 |   buildRouteMapUrl,
  95 |   buildRouteStopDetailUrl,
  96 |   formatDuration,
  97 |   parseStartTime,
  98 |   generateRouteDirections
  99 | } from './routes';
 100 | 
 101 | // YouTube
 102 | export { extractVideoId, detectSnsPlatform, getThumbnailUrl, isValidYoutubeUrl, isInstagramUrl, type SnsPlatform } from './youtube';
     :                                             ^^^^^^^|^^^^^^^
     :                                                    `-- exported more than once
 103 | 
 104 | // Tour API
 104 | export { fetchTourApiData } from './tourapi';
     `----

Error: 
  > Exported identifiers must be unique

  x the name `isValidYoutubeUrl` is exported multiple times
     ,-[/app/lib/domain/index.ts:51:1]
  51 | } from './routes';
  52 | 
  53 | // YouTube
  54 | export { extractVideoId, detectSnsPlatform, getThumbnailUrl, isValidYoutubeUrl, isInstagramUrl, type SnsPlatform } from './youtube';
     :                                                              ^^^^^^^^|^^^^^^^^
     :                                                                      `-- previous exported here
  55 | 
  56 | // Tour API
  57 | export { fetchTourApiData } from './tourapi';
  58 | 
  59 | // Docent
  60 | export { generateDocentCaption } from './docent';
  61 | 
  62 | // Facilities
  63 | export { FACILITY_ICONS, FACILITY_NAMES, type FacilityCategory } from './facilities';
  64 | 
  65 | // Routes
  66 | export { 
  67 |   ROUTE_THEMES, 
  68 |   CURRENT_ROUTE_STORAGE_KEY,
  69 |   ROUTE_PROGRESS_STORAGE_KEY,
  70 |   ROUTE_THEME_OPTIONS,
  71 |   type RouteTheme,
  72 |   type RouteDetailOption,
  73 |   type RouteThemeOption,
  74 |   type RouteStop,
  75 |   type RoutePlan,
  76 |   type RouteLeg,
  77 |   type RouteProgressState,
  78 |   type LocalizedRouteOptionCopy,
  79 |   type LocalizedRoutePlanCopy,
  80 |   isRouteTheme,
  81 |   getRouteDetails,
  82 |   isRouteDetailForTheme,
  83 |   generateMockRoutePlan,
  84 |   calculateWalkingMinutes,
  85 |   calculateRouteLegs,
  86 |   createLocalRoutePlan,
  87 |   encodeRoutePlanForShare,
  88 |   decodeRoutePlanFromShare,
  89 |   buildLocalRouteShareUrl,
  90 |   createRouteProgressState,
  91 |   parseRouteProgressState,
  92 |   buildGoogleMapsDirectionsUrl,
  93 |   buildGoogleMapsPlaceUrl,
  94 |   buildRouteMapUrl,
  95 |   buildRouteStopDetailUrl,
  96 |   formatDuration,
  97 |   parseStartTime,
  98 |   generateRouteDirections
  99 | } from './routes';
 100 | 
 101 | // YouTube
 102 | export { extractVideoId, detectSnsPlatform, getThumbnailUrl, isValidYoutubeUrl, isInstagramUrl, type SnsPlatform } from './youtube';
     :                                                              ^^^^^^^^|^^^^^^^^
     :                                                                      `-- exported more than once
 103 | 
 104 | // Tour API
 104 | export { fetchTourApiData } from './tourapi';
     `----

Error: 
  > Exported identifiers must be unique

  x the name `isInstagramUrl` is exported multiple times
     ,-[/app/lib/domain/index.ts:51:1]
  51 | } from './routes';
  52 | 
  53 | // YouTube
  54 | export { extractVideoId, detectSnsPlatform, getThumbnailUrl, isValidYoutubeUrl, isInstagramUrl, type SnsPlatform } from './youtube';
     :                                                                                 ^^^^^^^|^^^^^^
     :                                                                                        `-- previous exported here
  55 | 
  56 | // Tour API
  57 | export { fetchTourApiData } from './tourapi';
  58 | 
  59 | // Docent
  60 | export { generateDocentCaption } from './docent';
  61 | 
  62 | // Facilities
  63 | export { FACILITY_ICONS, FACILITY_NAMES, type FacilityCategory } from './facilities';
  64 | 
  65 | // Routes
  66 | export { 
  67 |   ROUTE_THEMES, 
  68 |   CURRENT_ROUTE_STORAGE_KEY,
  69 |   ROUTE_PROGRESS_STORAGE_KEY,
  70 |   ROUTE_THEME_OPTIONS,
  71 |   type RouteTheme,
  72 |   type RouteDetailOption,
  73 |   type RouteThemeOption,
  74 |   type RouteStop,
  75 |   type RoutePlan,
  76 |   type RouteLeg,
  77 |   type RouteProgressState,
  78 |   type LocalizedRouteOptionCopy,
  79 |   type LocalizedRoutePlanCopy,
  80 |   isRouteTheme,
  81 |   getRouteDetails,
  82 |   isRouteDetailForTheme,
  83 |   generateMockRoutePlan,
  84 |   calculateWalkingMinutes,
  85 |   calculateRouteLegs,
  86 |   createLocalRoutePlan,
  87 |   encodeRoutePlanForShare,
  88 |   decodeRoutePlanFromShare,
  89 |   buildLocalRouteShareUrl,
  90 |   createRouteProgressState,
  91 |   parseRouteProgressState,
  92 |   buildGoogleMapsDirectionsUrl,
  93 |   buildGoogleMapsPlaceUrl,
  94 |   buildRouteMapUrl,
  95 |   buildRouteStopDetailUrl,
  96 |   formatDuration,
  97 |   parseStartTime,
  98 |   generateRouteDirections
  99 | } from './routes';
 100 | 
 101 | // YouTube
 102 | export { extractVideoId, detectSnsPlatform, getThumbnailUrl, isValidYoutubeUrl, isInstagramUrl, type SnsPlatform } from './youtube';
     :                                                                                 ^^^^^^^|^^^^^^
     :                                                                                        `-- exported more than once
 103 | 
 104 | // Tour API
 104 | export { fetchTourApiData } from './tourapi';
     `----

Error: 
  > Exported identifiers must be unique

  x the name `SnsPlatform` is exported multiple times
     ,-[/app/lib/domain/index.ts:51:1]
  51 | } from './routes';
  52 | 
  53 | // YouTube
  54 | export { extractVideoId, detectSnsPlatform, getThumbnailUrl, isValidYoutubeUrl, isInstagramUrl, type SnsPlatform } from './youtube';
     :                                                                                                      ^^^^^|^^^^^
     :                                                                                                           `-- previous exported here
  55 | 
  56 | // Tour API
  57 | export { fetchTourApiData } from './tourapi';
  58 | 
  59 | // Docent
  60 | export { generateDocentCaption } from './docent';
  61 | 
  62 | // Facilities
  63 | export { FACILITY_ICONS, FACILITY_NAMES, type FacilityCategory } from './facilities';
  64 | 
  65 | // Routes
  66 | export { 
  67 |   ROUTE_THEMES, 
  68 |   CURRENT_ROUTE_STORAGE_KEY,
  69 |   ROUTE_PROGRESS_STORAGE_KEY,
  70 |   ROUTE_THEME_OPTIONS,
  71 |   type RouteTheme,
  72 |   type RouteDetailOption,
  73 |   type RouteThemeOption,
  74 |   type RouteStop,
  75 |   type RoutePlan,
  76 |   type RouteLeg,
  77 |   type RouteProgressState,
  78 |   type LocalizedRouteOptionCopy,
  79 |   type LocalizedRoutePlanCopy,
  80 |   isRouteTheme,
  81 |   getRouteDetails,
  82 |   isRouteDetailForTheme,
  83 |   generateMockRoutePlan,
  84 |   calculateWalkingMinutes,
  85 |   calculateRouteLegs,
  86 |   createLocalRoutePlan,
  87 |   encodeRoutePlanForShare,
  88 |   decodeRoutePlanFromShare,
  89 |   buildLocalRouteShareUrl,
  90 |   createRouteProgressState,
  91 |   parseRouteProgressState,
  92 |   buildGoogleMapsDirectionsUrl,
  93 |   buildGoogleMapsPlaceUrl,
  94 |   buildRouteMapUrl,
  95 |   buildRouteStopDetailUrl,
  96 |   formatDuration,
  97 |   parseStartTime,
  98 |   generateRouteDirections
  99 | } from './routes';
 100 | 
 101 | // YouTube
 102 | export { extractVideoId, detectSnsPlatform, getThumbnailUrl, isValidYoutubeUrl, isInstagramUrl, type SnsPlatform } from './youtube';
     :                                                                                                      ^^^^^|^^^^^
     :                                                                                                           `-- exported more than once
 103 | 
 104 | // Tour API
 104 | export { fetchTourApiData } from './tourapi';
     `----

Error: 
  > Exported identifiers must be unique

  x the name `fetchTourApiData` is exported multiple times
     ,-[/app/lib/domain/index.ts:54:1]
  54 | export { extractVideoId, detectSnsPlatform, getThumbnailUrl, isValidYoutubeUrl, isInstagramUrl, type SnsPlatform } from './youtube';
  55 | 
  56 | // Tour API
  57 | export { fetchTourApiData } from './tourapi';
     :          ^^^^^^^^|^^^^^^^
     :                  `-- previous exported here
  58 | 
  59 | // Docent
  60 | export { generateDocentCaption } from './docent';
  61 | 
  62 | // Facilities
  63 | export { FACILITY_ICONS, FACILITY_NAMES, type FacilityCategory } from './facilities';
  64 | 
  65 | // Routes
  66 | export { 
  67 |   ROUTE_THEMES, 
  68 |   CURRENT_ROUTE_STORAGE_KEY,
  69 |   ROUTE_PROGRESS_STORAGE_KEY,
  70 |   ROUTE_THEME_OPTIONS,
  71 |   type RouteTheme,
  72 |   type RouteDetailOption,
  73 |   type RouteThemeOption,
  74 |   type RouteStop,
  75 |   type RoutePlan,
  76 |   type RouteLeg,
  77 |   type RouteProgressState,
  78 |   type LocalizedRouteOptionCopy,
  79 |   type LocalizedRoutePlanCopy,
  80 |   isRouteTheme,
  81 |   getRouteDetails,
  82 |   isRouteDetailForTheme,
  83 |   generateMockRoutePlan,
  84 |   calculateWalkingMinutes,
  85 |   calculateRouteLegs,
  86 |   createLocalRoutePlan,
  87 |   encodeRoutePlanForShare,
  88 |   decodeRoutePlanFromShare,
  89 |   buildLocalRouteShareUrl,
  90 |   createRouteProgressState,
  91 |   parseRouteProgressState,
  92 |   buildGoogleMapsDirectionsUrl,
  93 |   buildGoogleMapsPlaceUrl,
  94 |   buildRouteMapUrl,
  95 |   buildRouteStopDetailUrl,
  96 |   formatDuration,
  97 |   parseStartTime,
  98 |   generateRouteDirections
  99 | } from './routes';
 100 | 
 101 | // YouTube
 102 | export { extractVideoId, detectSnsPlatform, getThumbnailUrl, isValidYoutubeUrl, isInstagramUrl, type SnsPlatform } from './youtube';
 103 | 
 104 | // Tour API
 105 | export { fetchTourApiData } from './tourapi';
     :          ^^^^^^^^|^^^^^^^
     :                  `-- exported more than once
     `----

Error: 
  > Exported identifiers must be unique

Import trace for requested module:
./lib/domain/index.ts
./backend/presentation_api/analyze.ts
./app/api/analyze/route.ts


> Build failed because of webpack errors

